03-16 17:03:46.584  1522  2209 D ConnectivityService: sending notification CALLBACK_CAP_CHANGED for NetworkRequest [ TRACK_DEFAULT id=9, [ Capabilities: INTERNET&NOT_RESTRICTED&TRUSTED&NOT_VPN] ]
03-16 17:03:46.585  1522  2209 D ConnectivityService:  sending notification for NetworkRequest [ LISTEN id=10, [ Transports: WIFI Capabilities: INTERNET&NOT_RESTRICTED&TRUSTED&NOT_VPN] ]
03-16 17:03:46.585  1522  2204 D ConnectivityService: filterNetworkStateForUid() uid: 10139 networkInfo: [type: WIFI[] - WIFI, state: DISCONNECTED/BLOCKED, reason: (unspecified), extra: (none), failover: false, available: true, roaming: false]
03-16 17:03:46.585  1522  2209 D ConnectivityService: sending notification CALLBACK_CAP_CHANGED for NetworkRequest [ LISTEN id=10, [ Transports: WIFI Capabilities: INTERNET&NOT_RESTRICTED&TRUSTED&NOT_VPN] ]
03-16 17:03:46.586  1522  2209 D ConnectivityService:  sending notification for NetworkRequest [ LISTEN id=11, [ Transports: WIFI Capabilities: INTERNET&NOT_RESTRICTED&TRUSTED&NOT_VPN] ]
03-16 17:03:46.586  1522  2209 D ConnectivityService: sending notification CALLBACK_CAP_CHANGED for NetworkRequest [ LISTEN id=11, [ Transports: WIFI Capabilities: INTERNET&NOT_RESTRICTED&TRUSTED&NOT_VPN] ]
03-16 17:03:46.586  1522  2209 D ConnectivityService:  sending notification for NetworkRequest [ LISTEN id=609, [ Capabilities: INTERNET&NOT_RESTRICTED&TRUSTED&NOT_VPN] ]
03-16 17:03:46.586  1522  2209 D ConnectivityService: sending notification CALLBACK_CAP_CHANGED for NetworkRequest [ LISTEN id=609, [ Capabilities: INTERNET&NOT_RESTRICTED&TRUSTED&NOT_VPN] ]
03-16 17:03:46.587  1522  2209 D ConnectivityService:  sending notification for NetworkRequest [ LISTEN id=704, [ Transports: WIFI Capabilities: NOT_RESTRICTED&TRUSTED&NOT_VPN&FOREGROUND] ]
03-16 17:03:46.587  1522  2209 D ConnectivityService: sending notification CALLBACK_CAP_CHANGED for NetworkRequest [ LISTEN id=704, [ Transports: WIFI Capabilities: NOT_RESTRICTED&TRUSTED&NOT_VPN&FOREGROUND] ]
03-16 17:03:46.588  1522  2209 D ConnectivityService:  sending notification for NetworkRequest [ LISTEN id=705, [ Transports: WIFI Capabilities: NOT_RESTRICTED&TRUSTED&NOT_VPN&FOREGROUND] ]
03-16 17:03:46.588  1522  2209 D ConnectivityService: sending notification CALLBACK_CAP_CHANGED for NetworkRequest [ LISTEN id=705, [ Transports: WIFI Capabilities: NOT_RESTRICTED&TRUSTED&NOT_VPN&FOREGROUND] ]
03-16 17:03:46.588  1522  2209 D ConnectivityService:  sending notification for NetworkRequest [ LISTEN id=706, [ Transports: WIFI Capabilities: NOT_RESTRICTED&TRUSTED&NOT_VPN&FOREGROUND] ]
03-16 17:03:46.588  1522  2204 D ConnectivityService: filterNetworkStateForUid() uid: 5009 networkInfo: [type: WIFI[] - WIFI, state: CONNECTED/CONNECTED, reason: (unspecified), extra: "VW-Mobvoi", failover: false, available: true, roaming: false]
03-16 17:03:46.588  1522  2209 D ConnectivityService: sending notification CALLBACK_CAP_CHANGED for NetworkRequest [ LISTEN id=706, [ Transports: WIFI Capabilities: NOT_RESTRICTED&TRUSTED&NOT_VPN&FOREGROUND] ]
03-16 17:03:46.589  1522  2209 D ConnectivityService:  sending notification for NetworkRequest [ LISTEN id=707, [ Capabilities: INTERNET&NOT_RESTRICTED&TRUSTED] ]
03-16 17:03:46.590  1522  2088 D UsbPortManager: onUEvent() {SUBSYSTEM=dual_role_usb, DUAL_ROLE_MODE=ufp, SEQNUM=480292, ACTION=change, DUAL_ROLE_POWERS_VCONN=y, DUAL_ROLE_NAME=otg_default, DUAL_ROLE_POWER_ROLE=sink, DEVPATH=/devices/platform/soc/a98000.i2c/i2c-32/32-0066/max77705-usbc/dual_role_usb/otg_default, DUAL_ROLE_DATA_ROLE=device}
03-16 17:03:46.590  1522  2209 D ConnectivityService: sending notification CALLBACK_CAP_CHANGED for NetworkRequest [ LISTEN id=707, [ Capabilities: INTERNET&NOT_RESTRICTED&TRUSTED] ]
03-16 17:03:46.592  1522  3094 D ConnectivityService: filterNetworkStateForUid() uid: 10037 networkInfo: [type: WIFI[] - WIFI, state: CONNECTED/CONNECTED, reason: (unspecified), extra: "VW-Mobvoi", failover: false, available: true, roaming: false]
03-16 17:03:46.592  1522  2238 D UsbPortManager: handleMessage()
03-16 17:03:46.592  1522  2238 D UsbPortManager: updatePortsLocked()++
03-16 17:03:46.592  1522  2238 D UsbPortManager: updatePortsLocked() UEVENT is NOT NULL
03-16 17:03:46.593  1522  2238 D UsbPortManager: addOrUpdatePortLocked()++ : portId=otg_default, supportedModes=dual, currentMode=ufp, canChangeMode=true, currentPowerRole=sink, canChangePowerRole=false, currentDataRole=device, canChangeDataRole=false
03-16 17:03:46.593  1522  2238 D UsbPortManager: addOrUpdatePortLocked() supportedRoleCombinations=272
03-16 17:03:46.593  1522  2238 D UsbPortManager: addOrUpdatePortLocked() supportedModes=dual
03-16 17:03:46.593  1522  2238 D UsbPortManager: setStatus() , currentMode=ufp, canChangeMode=true, currentPowerRole=sink, canChangePowerRole=false, currentDataRole=device, canChangeDataRole=false, supportedRoleCombinations=272
03-16 17:03:46.593  1522  2238 D UsbPortManager: addOrUpdatePortLocked() mPorts DISPOSITION_REMOVED -> DISPOSITION_CHANGED
03-16 17:03:46.595  1522  2238 D UsbPortManager: addOrUpdatePortLocked()--
03-16 17:03:46.595  1522  2238 D UsbPortManager: mPorts size: 1
03-16 17:03:46.595  1522  2238 I UsbPortManager: USB port changed: port=UsbPort{id=otg_default, supportedModes=dual}, status=UsbPortStatus{connected=true, currentMode=ufp, currentPowerRole=sink, currentDataRole=device, supportedRoleCombinations=[source:host, sink:device]}, canChangeMode=true, canChangePowerRole=false, canChangeDataRole=false
03-16 17:03:46.595  1522  2238 D UsbPortManager: sendPortChangedBroadcastLocked(port=UsbPort{id=otg_default, supportedModes=dual}, status=UsbPortStatus{connected=true, currentMode=ufp, currentPowerRole=sink, currentDataRole=device, supportedRoleCombinations=[source:host, sink:device]}, canChangeMode=true, canChangePowerRole=false, canChangeDataRole=false)
03-16 17:03:46.595  1522  2238 D UsbPortManager: mPorts(0) DISPOSITION_CHANGED -> DISPOSITION_READY
03-16 17:03:46.596  1522  2238 D UsbPortManager: updatePortsLocked()--
03-16 17:03:46.596  1522  2238 D UsbPortManager: sending intent : ACTION_USB_PORT_CHANGED, mUsbPort [UsbPort{id=otg_default, supportedModes=dual}], mUsbPortStatus [UsbPortStatus{connected=true, currentMode=ufp, currentPowerRole=sink, currentDataRole=device, supportedRoleCombinations=[source:host, sink:device]}]
03-16 17:03:46.596  1522  2204 D ConnectivityService: filterNetworkStateForUid() uid: 5017 networkInfo: [type: WIFI[] - WIFI, state: CONNECTED/CONNECTED, reason: (unspecified), extra: "VW-Mobvoi", failover: false, available: true, roaming: false]
03-16 17:03:46.598  1522  2204 D ConnectivityService: filterNetworkStateForUid() uid: 5009 networkInfo: [type: WIFI[] - WIFI, state: CONNECTED/CONNECTED, reason: (unspecified), extra: "VW-Mobvoi", failover: false, available: true, roaming: false]
03-16 17:03:46.598  1522  2204 D ConnectivityService: filterNetworkStateForUid() uid: 1000 networkInfo: [type: WIFI[] - WIFI, state: CONNECTED/CONNECTED, reason: (unspecified), extra: "VW-Mobvoi", failover: false, available: true, roaming: false]
03-16 17:03:46.598  1522  2204 D ConnectivityService: filterNetworkStateForUid() uid: 1000 networkInfo: [type: WIFI[] - WIFI, state: CONNECTED/CONNECTED, reason: (unspecified), extra: "VW-Mobvoi", failover: false, available: true, roaming: false]
03-16 17:03:46.600  1522  2204 D ConnectivityService: filterNetworkStateForUid() uid: 10183 networkInfo: [type: WIFI[] - WIFI, state: DISCONNECTED/BLOCKED, reason: (unspecified), extra: (none), failover: false, available: true, roaming: false]
03-16 17:03:46.600  1522  1522 D UsbDeviceManager: received ACTION_USB_PORT_CHANGED
03-16 17:03:46.600  1522  1522 I UsbDeviceManager: updateHostState UsbPort{id=otg_default, supportedModes=dual} status=UsbPortStatus{connected=true, currentMode=ufp, currentPowerRole=sink, currentDataRole=device, supportedRoleCombinations=[source:host, sink:device]}mDualRoleState 1
03-16 17:03:46.600  1522  2204 D ConnectivityService: filterNetworkStateForUid() uid: 5009 networkInfo: [type: WIFI[] - WIFI, state: CONNECTED/CONNECTED, reason: (unspecified), extra: "VW-Mobvoi", failover: false, available: true, roaming: false]
03-16 17:03:46.601  1522  2204 D ConnectivityService: filterNetworkStateForUid() uid: 10061 networkInfo: [type: WIFI[] - WIFI, state: CONNECTED/CONNECTED, reason: (unspecified), extra: "VW-Mobvoi", failover: false, available: true, roaming: false]
03-16 17:03:46.602  1522  2204 D ConnectivityService: filterNetworkStateForUid() uid: 5009 networkInfo: [type: WIFI[] - WIFI, state: CONNECTED/CONNECTED, reason: (unspecified), extra: "VW-Mobvoi", failover: false, available: true, roaming: false]
03-16 17:03:46.603  1522  2204 D ConnectivityService: filterNetworkStateForUid() uid: 5009 networkInfo: [type: WIFI[] - WIFI, state: CONNECTED/CONNECTED, reason: (unspecified), extra: "VW-Mobvoi", failover: false, available: true, roaming: false]
03-16 17:03:46.603  1522  2204 D ConnectivityService: filterNetworkStateForUid() uid: 5017 networkInfo: [type: WIFI[] - WIFI, state: CONNECTED/CONNECTED, reason: (unspecified), extra: "VW-Mobvoi", failover: false, available: true, roaming: false]
03-16 17:03:46.603  1522  2204 D ConnectivityService: filterNetworkStateForUid() uid: 5009 networkInfo: [type: WIFI[] - WIFI, state: CONNECTED/CONNECTED, reason: (unspecified), extra: "VW-Mobvoi", failover: false, available: true, roaming: false]
03-16 17:03:46.604  1522  2204 D ConnectivityService: filterNetworkStateForUid() uid: 1001 networkInfo: [type: WIFI[] - WIFI, state: CONNECTED/CONNECTED, reason: (unspecified), extra: "VW-Mobvoi", failover: false, available: true, roaming: false]
03-16 17:03:46.604  1522  2204 D ConnectivityService: filterNetworkStateForUid() uid: 10031 networkInfo: [type: WIFI[] - WIFI, state: CONNECTED/CONNECTED, reason: (unspecified), extra: "VW-Mobvoi", failover: false, available: true, roaming: false]
03-16 17:03:46.604  1522  2204 D ConnectivityService: filterNetworkStateForUid() uid: 10031 networkInfo: [type: WIFI[] - WIFI, state: CONNECTED/CONNECTED, reason: (unspecified), extra: "VW-Mobvoi", failover: false, available: true, roaming: false]
03-16 17:03:46.604  1522  2204 D ConnectivityService: filterNetworkStateForUid() uid: 10037 networkInfo: [type: WIFI[] - WIFI, state: CONNECTED/CONNECTED, reason: (unspecified), extra: "VW-Mobvoi", failover: false, available: true, roaming: false]
03-16 17:03:46.605  1522  2204 D ConnectivityService: filterNetworkStateForUid() uid: 5009 networkInfo: [type: WIFI[] - WIFI, state: CONNECTED/CONNECTED, reason: (unspecified), extra: "VW-Mobvoi", failover: false, available: true, roaming: false]
03-16 17:03:46.606  1522  2204 D ConnectivityService: filterNetworkStateForUid() uid: 5009 networkInfo: [type: WIFI[] - WIFI, state: CONNECTED/CONNECTED, reason: (unspecified), extra: "VW-Mobvoi", failover: false, available: true, roaming: false]
03-16 17:03:46.606  1522  2204 D ConnectivityService: filterNetworkStateForUid() uid: 10031 networkInfo: [type: WIFI[] - WIFI, state: CONNECTED/CONNECTED, reason: (unspecified), extra: "VW-Mobvoi", failover: false, available: true, roaming: false]
03-16 17:03:46.606  1522  2204 D ConnectivityService: filterNetworkStateForUid() uid: 10031 networkInfo: [type: WIFI[] - WIFI, state: CONNECTED/CONNECTED, reason: (unspecified), extra: "VW-Mobvoi", failover: false, available: true, roaming: false]
03-16 17:03:46.606  1522  2204 D ConnectivityService: filterNetworkStateForUid() uid: 10061 networkInfo: [type: WIFI[] - WIFI, state: CONNECTED/CONNECTED, reason: (unspecified), extra: "VW-Mobvoi", failover: false, available: true, roaming: false]
03-16 17:03:46.607  1522  2204 D ConnectivityService: filterNetworkStateForUid() uid: 5017 networkInfo: [type: WIFI[] - WIFI, state: CONNECTED/CONNECTED, reason: (unspecified), extra: "VW-Mobvoi", failover: false, available: true, roaming: false]
03-16 17:03:46.607  1522  2204 D ConnectivityService: filterNetworkStateForUid() uid: 1000 networkInfo: [type: WIFI[] - WIFI, state: CONNECTED/CONNECTED, reason: (unspecified), extra: "VW-Mobvoi", failover: false, available: true, roaming: false]
03-16 17:03:46.635  1522  1559 D UsbDeviceManager: handleMessage -> MSG_UPDATE_STATE connected = 0,configured = 0
03-16 17:03:46.635  1522  1559 D UsbDeviceManager: updateCurrentAccessory: mCurrentAccessory UsbAccessory[mManufacturer=Baidu, mModel=CarLife, mDescription=Baidu CarLife, mVersion=1.0.0, mUri=http://carlife.baidu.com/, mSerial=0720SerialNo.],SystemClock.elapsedRealtime() 960168236,enteringAccessoryMode true,mConfigured false,mConnected  false
03-16 17:03:46.635  1522  1559 V UsbDeviceManager: Debouncing accessory mode exit
03-16 17:03:46.635  1522  1559 D UsbDeviceManager: MSG_UPDATE_STATE : set usb mode default mDualRoleState 1
03-16 17:03:46.636  1522  1559 D UsbDeviceManager: setEnabledFunctions functions=null, forceRestart=false, usbDataUnlocked=true
03-16 17:03:46.636  1522  1559 D UsbDeviceManager: setEnabledFunctions null
03-16 17:03:46.636  1522  1559 D UsbDeviceManager: mps exists
03-16 17:03:46.638  1522  1559 D SecContentProvider2: query(), uri = 15 selection = getUsbConnectionTypeInternal
03-16 17:03:46.641  1522  1559 D UsbDeviceManager: getDefaultFunctions : func = mtp
03-16 17:03:46.641  1522  1559 D UsbDeviceManager: oemFunctions is [mtp], functions is [mtp]
03-16 17:03:46.642  1522  1559 I UsbDeviceManager: Setting USB config [accessory] to [mtp]
03-16 17:03:46.642  1522  1559 D UsbDeviceManager: setUsbConfig(none)
03-16 17:03:46.650  1522  1559 D UsbDeviceManager: waitForState NORMAL MODE wait Loop Count[30]
03-16 17:03:46.666  1522  3094 D BatteryService: !@BatteryListener : batteryPropertiesChanged!
03-16 17:03:46.670  1522  3647 V LocSvc_HIDL_Subscription_jni: power_connect_status_update
03-16 17:03:46.671  1522  3647 V LocSvc_HIDL_Subscription_jni: [power_connect_status_update][566] [HC] =>> [HS]
03-16 17:03:46.671   965   965 V LocSvc_HIDL_IzatSubscription: [powerConnectStatusUpdate][564] [HS] <<<<= [HC]
03-16 17:03:46.672  1522  1522 I EntropyMixer: Writing entropy...
03-16 17:03:46.672   965  1062 I LocSvc_SystemStatusOsObserver: DataItem: IS_POWER_CONNECTED: true >> IZAT-MANAGER
03-16 17:03:46.675  1522  1555 E BatteryExternalStatsWorker: no controller energy info supplied for wifi
03-16 17:03:46.676  1522  3647 V LocSvc_HIDL_Subscription_jni: Exit Result 0
03-16 17:03:46.676  1522  3094 D BatteryService: level:100, scale:100, status:2, health:2, present:true, voltage: 4299, temperature: 314, technology: Li-ion, AC powered:false, USB powered:true, POGO powered:false, Wireless powered:false, icon:17303976, invalid charger:0, maxChargingCurrent:0, maxChargingVoltage:0, chargeCounter:3753000
03-16 17:03:46.676  1522  3094 D BatteryService: online:4, current avg:5, charge type:1, power sharing:false, high voltage charger:false, capacity:280000, batterySWSelfDischarging:false, misc_event:0, current_event:68, current_now:-172
03-16 17:03:46.677   965  1062 I LocSvc_SystemStatusOsObserver: DataItem: IS_POWER_CONNECTED: true >> Wiper
03-16 17:03:46.678   965  1062 I LocSvc_api_v02: ---> locClientSendReq line 2119 QMI_LOC_SET_EXTERNAL_POWER_CONFIG_REQ_V02
03-16 17:03:46.678   965  3704 I LocSvc_libulp: ulp_msg_process_system_update: systemEvent:2 
03-16 17:03:46.678   965  3704 I LocSvc_libulp: ulp_msg_process_start_req, at ulp state = 1
03-16 17:03:46.679 25710 25710 I Rubin   : [2] AnalysisEventTrigger$AnalysisBroadcastReceiver.isAnalysisCondition(AnalysisEventTrigger.java:158) : Analysis Condition Status - Screen State (OFF) : false, Power Connected : true
03-16 17:03:46.679  2354  2519 D SamsungAnalytics: [Log Sender] Device id is empty
03-16 17:03:46.680  2354  2519 D SamsungAnalytics: [Setting Sender] Send fail
03-16 17:03:46.681   965  1095 I LocSvc_ApiV02: <--- globalRespCb line 199 QMI_LOC_SET_EXTERNAL_POWER_CONFIG_REQ_V02
03-16 17:03:46.682  1522  1555 E BatteryExternalStatsWorker: no controller energy info supplied for bluetooth
03-16 17:03:46.683  1522  1522 D MotionRecognitionService:   mReceiver.onReceive : ACTION_POWER_CONNECTED
03-16 17:03:46.683  1522  1522 D MotionRecognitionService:   mCableConnection= 1
03-16 17:03:46.683  1522  1522 D MotionRecognitionService: setPowerConnected : mGripEnabled = false
03-16 17:03:46.683  1522  1522 D BatteryService: Sending ACTION_BATTERY_CHANGED.
03-16 17:03:46.684  1522  1522 D BatteryService: misc_event:0x0, sec plug type:2
03-16 17:03:46.684  1522  1522 I CAE     : handleMessage(CaPowerManager.java:177) - POWER_CONNECTED
03-16 17:03:46.684  1522  1522 I CAE     : sendCmdToSensorHub(SensorHubCommManager.java:158) - -76, 13, -42, 0,
03-16 17:03:46.684  1522  1564 D PowerManagerService: [api] updateIsPoweredLocked : mIsPowered: true mPlugType: 2
03-16 17:03:46.687  1522  2101 D SensorService: setSContextDataLocked ints length 2 , byte length 4
03-16 17:03:46.687   707  2077 I sensors-hal: inject_sensor_data:273, sensorhubs_handle:5
03-16 17:03:46.687   707  2077 I sensors-hal: inject_sensor_data:282, handle 5 send inject
03-16 17:03:46.687   707  2077 I sensors-hal: sendContextData:168, sensor hal 4, (b4, 13, 214)
03-16 17:03:46.687   707  2077 I sensors-hal: sendContextData:215, activities 4 b4
03-16 17:03:46.687   707  2077 I sensors-hal: sendUserData:237, Activities cmd 0xb4 0xd
03-16 17:03:46.687   707  2077 I sensors-hal: send_context_data:274, ssc_sensor::send_context_data
03-16 17:03:46.687   707  2077 I sensors-hal: create_send_context_data:79, sending create_send_context_data
03-16 17:03:46.687   707  2077 I sensors-hal: send_context_data:287, activities, 4914309220830019584, 1320970896291267344, msgid:700
03-16 17:03:46.689  2397  2397 D KeyguardUpdateMonitor: received broadcast android.intent.action.BATTERY_CHANGED
03-16 17:03:46.690  2397  2397 D BatteryMeterDrawable: Battery icon update - Charging
03-16 17:03:46.690  2397  2397 D BatteryMeterDrawable: Battery icon update - Charging
03-16 17:03:46.690  2397  2397 D BatteryController: onReceive-ACTION_BATTERY_CHANGED : mLevel=100, mBatteryStatus=2
03-16 17:03:46.691  1522  3647 V LocSvc_HIDL_Subscription_jni: battery_level_update
03-16 17:03:46.691   707  2077 I sensors-hal: sendContextData:86, common_info 4
03-16 17:03:46.691   707  2077 I sensors-hal: sendUserData:102, CommonInfo 0xb4 0xd 0xd6
03-16 17:03:46.691  1522  3647 V LocSvc_HIDL_Subscription_jni: [battery_level_update][945] [HC] =>> [HS]
03-16 17:03:46.691   707  2077 I sensors-hal: send_context_data:274, ssc_sensor::send_context_data
03-16 17:03:46.691   707  2077 I sensors-hal: create_send_context_data:62, sending create_send_context_data
03-16 17:03:46.691   707  2077 I sensors-hal: send_context_data:287, common_info, 4914309147815575552, 1320970896291267344, msgid:700
03-16 17:03:46.691   965   965 V LocSvc_HIDL_IzatSubscription: [batteryLevelUpdate][757] [HS] <<<<= [HC]
03-16 17:03:46.691  2354  2354 D BigDataInfoController: Intent : android.intent.action.BATTERY_CHANGED
03-16 17:03:46.691  1522  3647 V LocSvc_HIDL_Subscription_jni: Exit Result 0
03-16 17:03:46.691  2354  2354 D BigDataInfoController: Intent : android.intent.action.BATTERY_CHANGED
03-16 17:03:46.693 27819 27819 I iu.Environment: update battery state; isPlugged? true*
03-16 17:03:46.696  1522  1522 I MotionRecognitionService: Plugged
03-16 17:03:46.696  1522  1522 D MotionRecognitionService:   mCableConnection= 1
03-16 17:03:46.696  1522  1522 D MotionRecognitionService: setPowerConnected : mGripEnabled = false
03-16 17:03:46.697  1522  1522 D SamsungPhoneWindowManager: ACTION_BATTERY_CHANGED - Level :: 100, battStatus :: 2
03-16 17:03:46.698  1522  1522 D UsbDeviceManager: received ACTION_BATTERY_CHANGED
03-16 17:03:46.698  1522  1522 D UsbDeviceManager: received ACTION_SEC_BATTERY_EVENT : USB CHARGING ON
03-16 17:03:46.700  1522  1559 D UsbDeviceManager: setUsbConfig(mtp)
03-16 17:03:46.700   956  1116 E IptablesRestoreController: [iptables debug]iptables-restore execute *filter
03-16 17:03:46.700   956  1116 E IptablesRestoreController: -D fw_INPUT -j fw_standby
03-16 17:03:46.700   956  1116 E IptablesRestoreController: -D fw_OUTPUT -j fw_standby
03-16 17:03:46.700   956  1116 E IptablesRestoreController: COMMIT
03-16 17:03:46.701 27819 27846 I iu.UploadsManager: num queued entries: 0
03-16 17:03:46.702 27819 27846 I iu.UploadsManager: num updated entries: 0
03-16 17:03:46.702  1522  1559 D UsbDeviceManager: broadcasting Intent { act=android.hardware.usb.action.USB_STATE flg=0x31000000 (has extras) } extras: Bundle[{host_connected=false, connected=false, unlocked=true, config_changed=true, mtp=true, configured=false}] connected: false configured: false
03-16 17:03:46.703 27819 27846 I iu.SyncManager: NEXT; no task
03-16 17:03:46.714   956  1116 E IptablesRestoreController: [iptables debug]iptables-restore execute done *filter
03-16 17:03:46.714   956  1116 E IptablesRestoreController: -D fw_INPUT -j fw_standby
03-16 17:03:46.714   956  1116 E IptablesRestoreController: -D fw_OUTPUT -j fw_standby
03-16 17:03:46.714   956  1116 E IptablesRestoreController: COMMIT
03-16 17:03:46.714   956  1116 E IptablesRestoreController: , res : 0
03-16 17:03:46.733  1522  2539 D ConnectivityService: filterNetworkStateForUid() uid: 10033 networkInfo: [type: WIFI[] - WIFI, state: CONNECTED/CONNECTED, reason: (unspecified), extra: "VW-Mobvoi", failover: false, available: true, roaming: false]
03-16 17:03:46.737  1522  1559 D UsbDeviceManager: sending intent : ACTION_USB_STATE : connected = false, configured = false, functions = mtp, mCurrentFunctions = mtp, mHostConnected = false, configChanged = true
03-16 17:03:46.737  1522  1559 D UsbDeviceManager: waitForState NORMAL MODE wait Loop Count[30]
03-16 17:03:46.737  1522  2094 D SamsungAlarmManager: setInexact Intent (T:1/F:8/AC:false) 20190316T173346 - CU:1000/CP:1522
03-16 17:03:46.737  1522  1559 D UsbDeviceManager: updateUsbNotification(false) : mConnected = false, mConfigured = false, mCurrentFunctions = mtp, mHostConnected = false, mSupportDualRole = true, mSourcePower = false
03-16 17:03:46.738  1522  1559 D UsbDeviceManager: mps exists
03-16 17:03:46.738  1522  1559 D UsbDeviceManager: id=0, mUsbNotificationId=30, titleRes=0
03-16 17:03:46.739  1522  1559 D UsbDeviceManager: updateUsbNotification : cancel id = 30
03-16 17:03:46.739  1522  1559 I UsbDeviceManager: update state false false
03-16 17:03:46.739  1522  1522 D EdgeLightingManager: isCallingUserSupported : callingUserId=-1, mUserId=0, isDualAppId=false
03-16 17:03:46.739  1522  1559 D UsbDeviceManager: broadcasting Intent { act=android.hardware.usb.action.USB_STATE flg=0x31000000 (has extras) } extras: Bundle[{host_connected=false, connected=false, unlocked=true, config_changed=false, mtp=true, configured=false}] connected: false configured: false
03-16 17:03:46.739  1522  1522 D LightsService: [api] [SvcLED] turnOff:: id = 4 (uid: 1000 pid: 1522) 
03-16 17:03:46.739  1522  1522 D PowerManagerUtil: fileWriteString to /sys/power/wake_lock, LightsService
03-16 17:03:46.739  1522  3352 D SamsungAlarmManager: Cancel Alarm calling from uid:10033 pid :3247 / op:PendingIntent{3229788: PendingIntentRecord{a68d304 com.google.android.gms broadcastIntent}}
03-16 17:03:46.739  1522  1522 D LightsService: [SvcLED] setSvcLedStateLocked:: SvcLEDState : 0x0 -> 0x0 | SvcLED(id=4) set Off
03-16 17:03:46.740  1522  1570 D LightsService: [SvcLED] handleForcedSvcLEDTask()
03-16 17:03:46.740  1522  1570 D LightsService: [SvcLED]  setSvcLedLightLocked :: Current SvcLED(id=3) maintains its priority right
03-16 17:03:46.740  1522  1570 D PowerManagerUtil: fileWriteString to /sys/power/wake_unlock, LightsService
03-16 17:03:46.741  1522  3352 I SamsungAlarmManager: setLocked to kernel - T:2 / 20190316T170356, SetElapsed=960177627, nowELAPSED=960168342
03-16 17:03:46.742  3569  3569 D Notification.Badge: [valid] onNotificationRemoved : StatusBarNotification(pkg=android user=UserHandle{-1} id=30 tag=null key=-1|android|30|null|1000: Notification(channel=USB pri=0 contentView=null vibrate=null sound=null tick defaults=0x0 flags=0x2 color=0xff607d8b number=0 vis=PUBLIC semFlags=0x0 semPriority=0 semMissedCount=0))
03-16 17:03:46.742  3569  3569 D Notification.Badge: notificationKey : -1|android|30|null|1000, count : 0, this.count : 1
03-16 17:03:46.742  3569  3632 D Notification.Badge: LauncherModel:onNotificationRemoved() : android
03-16 17:03:46.742  2397  2397 D PowerUI : priorPlugType = 0 mPlugType =  2
03-16 17:03:46.743  2397  2397 D PowerUI.Notification: playPowerSound : 1
03-16 17:03:46.749  1522  1559 D UsbDeviceManager: sending intent : ACTION_USB_STATE : connected = false, configured = false, functions = mtp, mCurrentFunctions = mtp, mHostConnected = false, configChanged = false
03-16 17:03:46.749  1522  1559 D UsbDeviceManager: handleMessage -> MSG_UPDATE_CHARGING_STATE = 1
03-16 17:03:46.749  1522  1559 D UsbDeviceManager: updateUsbNotification(false) : mConnected = false, mConfigured = false, mCurrentFunctions = mtp, mHostConnected = false, mSupportDualRole = true, mSourcePower = false
03-16 17:03:46.749  1522  1559 D UsbDeviceManager: mps exists
03-16 17:03:46.750  1522  1559 D UsbDeviceManager: id=0, mUsbNotificationId=0, titleRes=0
03-16 17:03:46.750  1522  1559 D UsbDeviceManager: handleMessage -> MSG_POWER_STATE = 1, mBootCompleted(true), mCurrentFunctions(mtp), mPowerConnected(true)
03-16 17:03:46.750  1522  1559 D UsbDeviceManager: USB CABLE STATE : connected = true
03-16 17:03:46.751  2397  2397 D PowerUI.Notification: playPowerStateSound : 2
03-16 17:03:46.752  2397  2397 W NotificationPlayer: Use of stream types is deprecated for operations other than volume control
03-16 17:03:46.752  2397  2397 W NotificationPlayer: See the documentation of play for what to use instead with android.media.AudioAttributes to qualify your playback use case
03-16 17:03:46.752  2397  2397 D PowerUI.Notification: RINGER_MODE_NORMAL
03-16 17:03:46.752  2397  2397 D PowerUI : Cable charger connected
03-16 17:03:46.757  1522  2173 D ConnectivityService: filterNetworkStateForUid() uid: 10139 networkInfo: [type: WIFI[] - WIFI, state: DISCONNECTED/BLOCKED, reason: (unspecified), extra: (none), failover: false, available: true, roaming: false]
03-16 17:03:46.758  2397  1740 V MediaPlayer-JNI: native_setup
03-16 17:03:46.758  2397  1740 V MediaPlayerNative: constructor
03-16 17:03:46.758  2397  1740 V MediaPlayerNative: setListener
03-16 17:03:46.759 27819  1739 I iu.FingerprintManager: Start processing all media
03-16 17:03:46.760 27819  1739 I iu.FingerprintManager: Start processing media store URI: content://media/external/images/media
03-16 17:03:46.762  1697  1697 D MTPRx   : In MtpReceiverandroid.hardware.usb.action.USB_STATE
03-16 17:03:46.762  2397  1740 V MediaPlayer-JNI: setVolume: left 1.000000  right 1.000000
03-16 17:03:46.762  2397  1740 V MediaPlayerNative: MediaPlayer::setVolume(1.000000, 1.000000)
03-16 17:03:46.762  2397  1740 V MediaPlayer-JNI: setAuxEffectSendLevel: level 0.000000
03-16 17:03:46.762  2397  1740 V MediaPlayerNative: MediaPlayer::setAuxEffectSendLevel(0.000000)
03-16 17:03:46.762  2397  1740 V MediaPlayer-JNI: setParameter: key 1400
03-16 17:03:46.762  2397  1740 V MediaPlayerNative: MediaPlayer::setParameter(1400)
03-16 17:03:46.762  2397  1740 V MediaPlayer-JNI: setAudioStreamType: 1
03-16 17:03:46.762  2397  1740 V MediaPlayerNative: MediaPlayer::setAudioStreamType
03-16 17:03:46.763  2397  1740 W MediaPlayer: Couldn't open system/media/audio/ui/Charger_Connection.ogg: java.io.FileNotFoundException: No content provider: system/media/audio/ui/Charger_Connection.ogg
03-16 17:03:46.763  2397  1740 D MediaPlayer: setDataSource IOException | SecurityException happend : 
03-16 17:03:46.763  2397  1740 D MediaPlayer: java.io.FileNotFoundException: No content provider: system/media/audio/ui/Charger_Connection.ogg
03-16 17:03:46.763  2397  1740 D MediaPlayer: 	at android.content.ContentResolver.openTypedAssetFileDescriptor(ContentResolver.java:1402)
03-16 17:03:46.763  2397  1740 D MediaPlayer: 	at android.content.ContentResolver.openAssetFileDescriptor(ContentResolver.java:1253)
03-16 17:03:46.763  2397  1740 D MediaPlayer: 	at android.content.ContentResolver.openAssetFileDescriptor(ContentResolver.java:1176)
03-16 17:03:46.763  2397  1740 D MediaPlayer: 	at android.media.MediaPlayer.attemptDataSource(MediaPlayer.java:1182)
03-16 17:03:46.763  2397  1740 D MediaPlayer: 	at android.media.MediaPlayer.setDataSource(MediaPlayer.java:1154)
03-16 17:03:46.763  2397  1740 D MediaPlayer: 	at android.media.MediaPlayer.setDataSource(MediaPlayer.java:1082)
03-16 17:03:46.763  2397  1740 D MediaPlayer: 	at com.android.systemui.media.NotificationPlayer$CreationAndCompletionThread.run(NotificationPlayer.java:113)
03-16 17:03:46.763  1522  2173 D ConnectivityService: filterNetworkStateForUid() uid: 10183 networkInfo: [type: WIFI[] - WIFI, state: DISCONNECTED/BLOCKED, reason: (unspecified), extra: (none), failover: false, available: true, roaming: false]
03-16 17:03:46.763  1522 23459 D SecContentProvider2: query(), uri = 14 selection = getSealedUsbMassStorageState
03-16 17:03:46.763  2397  1740 V MediaPlayer-JNI: setDataSourceFD: fd 129
03-16 17:03:46.763  2397  1740 V MediaPlayerNative: setDataSource(129, 0, 576460752303423487)
03-16 17:03:46.763   953  9818 V MediaPlayerService: Create new client(413) from pid 2397, uid 10004, 
03-16 17:03:46.764  1522  3094 D InputTransport: Input channel constructed: fd=466
03-16 17:03:46.764  1522  3094 D InputTransport: Input channel constructed: fd=468
03-16 17:03:46.764   953  9818 V MediaPlayerService: setDataSource fd=8, offset=0, length=576460752303423487
03-16 17:03:46.764   953  9818 V MediaPlayerService: st_dev  = 65025
03-16 17:03:46.764   953  9818 V MediaPlayerService: st_mode = 33188
03-16 17:03:46.764   953  9818 V MediaPlayerService: st_uid  = 0
03-16 17:03:46.764   953  9818 V MediaPlayerService: st_gid  = 0
03-16 17:03:46.764   953  9818 V MediaPlayerService: st_size = 8997
03-16 17:03:46.764   953  9818 V MediaPlayerService: calculated length = 8997
03-16 17:03:46.765   953  9818 V MediaPlayerService: player type = 4
03-16 17:03:46.765   953  9818 D NuPlayerDriver: NuPlayerDriver(0xeb9d9820) created, clientPid(2397)
03-16 17:03:46.768  1522  3094 D InputTransport: Input channel destroyed: fd=468
03-16 17:03:46.769  2397  2397 D InputTransport: Input channel constructed: fd=144
03-16 17:03:46.769   953  9818 V AudioSink: AudioOutput(7961)
03-16 17:03:46.770   953  9818 V NuPlayerDriver: setDataSource(0xeb9d9820) file(8)
03-16 17:03:46.770   953  9818 V NuPlayer: setDataSourceAsync fd 8/0/8997 source: 0xed413c40
03-16 17:03:46.770   953  1741 V NuPlayer: kWhatSetAudioSink
03-16 17:03:46.770   953  1741 V NuPlayer: kWhatSetDataSource
03-16 17:03:46.771  1522  1557 V MARsPolicyManager: handelAlertToastWindowStarted pkgName = com.android.systemui, userId = 0
03-16 17:03:46.771   953  9818 V NuPlayerDriver: getDefaultBufferingSettings(0xeb9d9820)
03-16 17:03:46.772   953  1741 V NuPlayer: kWhatGetDefaultBufferingSettings
03-16 17:03:46.772   953  9818 V MediaPlayerService: [413] getDefaultBufferingSettings{initialMode(1), rebufferingMode(3), initialMarks(5000 ms, -1 KB), rebufferingMarks(2000, 15000)ms, (40, 200)KB}
03-16 17:03:46.772  2397  2397 D ViewRootImpl@168d590[]: setView = com.android.systemui.power.ChargerAnimationView{d744e8e V.E...... ......I. 0,0-0,0} TM=true MM=false
03-16 17:03:46.772  2397  1740 V MediaPlayer-JNI: setLooping: 0
03-16 17:03:46.772  2397  1740 V MediaPlayerNative: MediaPlayer::setLooping
03-16 17:03:46.772   953  9818 V MediaPlayerService: [413] setLooping(0)
03-16 17:03:46.772  2397  1740 V MediaPlayerNative: setVideoSurfaceTexture
03-16 17:03:46.772   953  9818 V MediaPlayerService: [413] setVideoSurfaceTexture(0x0)
03-16 17:03:46.774  2397  1740 V MediaPlayerNative: prepare
03-16 17:03:46.774   953  9818 V MediaPlayerService: [413] setParameter(1400)
03-16 17:03:46.774   953  9818 V MediaPlayerService: setAudioAttributes_l() usage=13 content=4 flags=0x0 tags=
03-16 17:03:46.775   953  9818 V MediaPlayerService: [413] prepareAsync
03-16 17:03:46.775   953  9818 V NuPlayerDriver: prepareAsync(0xeb9d9820)
03-16 17:03:46.775   953  9818 V NuPlayer: prepareAsync
03-16 17:03:46.777   953  1741 V NuPlayer: onMessageReceived kWhatPrepare
03-16 17:03:46.778   953  1741 I MediaMonitor: MediaMonitor()
03-16 17:03:46.779  1697  1697 I MTPRx   : isCtsappInstalled is  false
03-16 17:03:46.780  1697  1697 I MTPRx   : check value of boot_completed is1
03-16 17:03:46.780  1697  1697 D MTPRx   : check booting is completed_sys.boot_completed
03-16 17:03:46.780  1697  1697 D MTPRx   :  inside getExternalStorageStatus
03-16 17:03:46.782   941  6331 E SEC_DRM_PLUGIN_Omafl: OmaPlugin::onOpenDecryptSession(fd)::Drm2IsDrmFileByExtFd::file is NOT DRM by extension
03-16 17:03:46.783   953  1742 D GenericSource: FileSource remote
03-16 17:03:46.787  1697  1697 I MTPRx   : value of connected isfalse
03-16 17:03:46.787  1697  1697 I MTPRx   : value of configured isfalse
03-16 17:03:46.787  1697  1697 I MTPRx   : value of mtpEnabled istrue
03-16 17:03:46.787  1697  1697 I MTPRx   : value of ptpEnabled isfalse
03-16 17:03:46.787  1697  1697 I MTPRx   : value of sec_charging isfalse
03-16 17:03:46.787  1697  1697 I MTPRx   : value of usb_data_unlock istrue
03-16 17:03:46.787  1697  1697 I MTPRx   : value of configChanged istrue
03-16 17:03:46.787  1697  1697 I MTPRx   : value of hostConnected isfalse
03-16 17:03:46.787  1697  1697 I MTPRx   : Received USB_STATE with sdCardLaunch = 0
03-16 17:03:46.787  1697  1697 E MTPRx   : skip intent. configChanged / hostConnected is true
03-16 17:03:46.787   951  1176 I OggExtractor: OggSource::OggSource() mExtractor ref count = 4
03-16 17:03:46.788   953  1742 I AnotherPacketSource: setFormat() audio
03-16 17:03:46.788   953  1741 V NuPlayer: onSourceNotify() kWhatFlagsChanged  FLAG_CAN_PAUSE: 1  FLAG_CAN_SEEK_BACKWARD: 1 
03-16 17:03:46.788   953  1741 V NuPlayer: 				 FLAG_CAN_SEEK_FORWARD: 1  FLAG_CAN_SEEK: 1  FLAG_DYNAMIC_DURATION: 0 
03-16 17:03:46.788   953  1741 V NuPlayer: 				 FLAG_SECURE: 0  FLAG_PROTECTED: 0
03-16 17:03:46.788   953  1742 V NuPlayer: Source::notifyPrepared 0
03-16 17:03:46.788   953  1741 V NuPlayer: prepare posted successfully.
03-16 17:03:46.788   953  1741 I NuPlayer: ORmode enabled : unsupportedAudio = 0, unsupportedVideo = 0, mHaveAudioTrack = 1, mHaveVideoTrack = 0
03-16 17:03:46.788   953  1741 V NuPlayer: msg : 200, ext1 : 10973, ext2 : 0
03-16 17:03:46.789   953  1741 D NuPlayerDriver: notifyListener_l(0xeb9d9820), (200, 10973, 0, -1), loop setting(0, 0)
03-16 17:03:46.789   953  1741 V MediaPlayerService: [413] notify (200, 10973, 0)
03-16 17:03:46.789   953  1741 V NuPlayer: NuPlayer::onSourceNotify Source::kWhatPrepared source: 0xed413c40
03-16 17:03:46.789   953  1741 V NuPlayer: extractMetadata Tracks : 1
03-16 17:03:46.790   953  1741 V NuPlayer: enableInbandTextFromExtr
03-16 17:03:46.790   953  1741 V NuPlayerDriver: notifyPrepareCompleted 0
03-16 17:03:46.790   953  1741 D NuPlayerDriver: notifyListener_l(0xeb9d9820), (1, 0, 0, -1), loop setting(0, 0)
03-16 17:03:46.790   953  1741 V MediaPlayerService: [413] notify (1, 0, 0)
03-16 17:03:46.790  2397  2776 V MediaPlayerNative: message received msg=200, ext1=10973, ext2=0
03-16 17:03:46.790  2397  2776 W MediaPlayerNative: info/warning (10973, 0)
03-16 17:03:46.790  2397  2776 V MediaPlayerNative: callback application
03-16 17:03:46.790  2397  2776 V MediaPlayerNative: back from callback
03-16 17:03:46.790  2397  2776 V MediaPlayerNative: message received msg=1, ext1=0, ext2=0
03-16 17:03:46.790  2397  2776 V MediaPlayerNative: MediaPlayer::notify() prepared
03-16 17:03:46.790  2397  2776 V MediaPlayerNative: signal application thread
03-16 17:03:46.790  2397  2776 V MediaPlayerNative: callback application
03-16 17:03:46.790  2397  2776 V MediaPlayerNative: back from callback
03-16 17:03:46.791  2397  1740 V MediaPlayerNative: prepare complete - status=0
03-16 17:03:46.793  2397  1740 V MediaPlayerNative: invoke 68
03-16 17:03:46.793   953  9818 I MediaPlayerService: Client::invoke requestID=1
03-16 17:03:46.793  1522  1555 E BatteryExternalStatsWorker: no controller energy info supplied for wifi
03-16 17:03:46.793   953  9818 V NuPlayer: getTrackInfo
03-16 17:03:46.793 27819  1739 I iu.FingerprintManager: Start processing media store URI: content://media/external/video/media
03-16 17:03:46.794  1522  1555 E BatteryExternalStatsWorker: no controller energy info supplied for bluetooth
03-16 17:03:46.794   953  1741 W NuPlayer: no name
03-16 17:03:46.794   939 14882 V APM_AudioPolicyManager: getAudioPolicyConfig: situation=16;device=0
03-16 17:03:46.794   939 14882 I APM_AudioPolicyManager: getSituationVolume: isBTConnected:0 isHeadConnected:0
03-16 17:03:46.794   939 14882 V APM_AudioPolicyManager: deviceInt = 0, situationInt = 16, situationVolume = 0.700000
03-16 17:03:46.795  2397  1740 V MediaPlayer-JNI: setVolume: left 0.700000  right 0.700000
03-16 17:03:46.795  2397  1740 V MediaPlayerNative: MediaPlayer::setVolume(0.700000, 0.700000)
03-16 17:03:46.795   953  9818 V MediaPlayerService: [413] setVolume(0.700000, 0.700000)
03-16 17:03:46.795   953  9818 V AudioSink: setVolume(0.700000, 0.700000)
03-16 17:03:46.795  2397  1740 V MediaPlayer-JNI: start
03-16 17:03:46.795  2397  1740 V MediaPlayerNative: start
03-16 17:03:46.795   953  9818 V MediaPlayerService: [413] setLooping(0)
03-16 17:03:46.795  1522  3094 D AudioPlaybackMonitor: Found a new active media playback. ID:11567 -- type:android.media.MediaPlayer -- u/pid:10004/2397 -- state:started -- attr:AudioAttributes: usage=USAGE_ASSISTANCE_SONIFICATION content=CONTENT_TYPE_SONIFICATION flags=0x0 tags= bundle=null
03-16 17:03:46.795   953  9818 V MediaPlayerService: [413] setVolume(0.700000, 0.700000)
03-16 17:03:46.795   953  9818 V AudioSink: setVolume(0.700000, 0.700000)
03-16 17:03:46.795   953  9818 V MediaPlayerService: [413] setAuxEffectSendLevel(0.000000)
03-16 17:03:46.795   953  9818 V AudioSink: setAuxEffectSendLevel(0.000000)
03-16 17:03:46.795   953  9818 V MediaPlayerService: [413] start
03-16 17:03:46.795   953  9818 V MediaPlayerService: getClientDuration
03-16 17:03:46.795   953  9818 V MediaPlayerService: getDuration
03-16 17:03:46.795   953  9818 V MediaPlayerService: [413] getDuration = 439
03-16 17:03:46.795   953  9818 D NuPlayerDriver: start(0xeb9d9820), state is 4, eos is 0
03-16 17:03:46.795  2397  1740 V MediaPlayerNative: invoke 68
03-16 17:03:46.796   953  1741 V NuPlayer: kWhatStart
03-16 17:03:46.796   953  1741 V NuPlayer: onStart: mCrypto: 0x0 (0)
03-16 17:03:46.796   953  9818 I MediaPlayerService: Client::invoke requestID=1
03-16 17:03:46.796   953  1741 I GenericSource: start
03-16 17:03:46.796   953  9818 V NuPlayer: getTrackInfo
03-16 17:03:46.796   953  1741 V NuPlayer: checkOffloadExceptions is true, call canOffloadStream
03-16 17:03:46.796   939 14882 V APM_AudioPolicyManager: isOffloadSupported: SR=44100, CM=0x3, Format=0x7000000, StreamType=1, BitRate=4294967295, duration=438548 us, has_video=0
03-16 17:03:46.796   939 14882 V APM_AudioPolicyManager: getNewOutputDevice() selected device 0
03-16 17:03:46.796   939 14882 V APM_AudioPolicyManager: isOffloadSupported: stream_type != MUSIC, returning false
03-16 17:03:46.796   953  1741 I MediaClock: setPlaybackRate rate : 1.000000
03-16 17:03:46.796  1522  3094 D MediaSessionStack: updateMediaButtonSessionIfNeeded, callers=com.android.server.media.MediaSessionService$1.onAudioPlaybackStarted:194 com.android.server.media.AudioPlaybackMonitor.dispatchPlaybackConfigChange:167 
03-16 17:03:46.797   953  1751 I NuPlayerRenderer: onConfigPlayback
03-16 17:03:46.797   953  1751 I MediaClock: setPlaybackRate rate : 1.000000
03-16 17:03:46.797   953  1751 I MediaClock: setSpeedAjust mSASpeed (0), mMinClockModificationTimeUs (80000)
03-16 17:03:46.797   953  1741 I NuPlayerRenderer: setDuration (438548)
03-16 17:03:46.800   953  1741 W NuPlayer: no name
03-16 17:03:46.800   953  1741 V NuPlayer: scanning sources haveAudio=0, haveVideo=0
03-16 17:03:46.800   953  1741 V NuPlayer: checkOffloadExceptions is true, call canOffloadStream
03-16 17:03:46.800   939 14882 V APM_AudioPolicyManager: isOffloadSupported: SR=44100, CM=0x3, Format=0x7000000, StreamType=1, BitRate=4294967295, duration=438548 us, has_video=0
03-16 17:03:46.800   939 14882 V APM_AudioPolicyManager: getNewOutputDevice() selected device 0
03-16 17:03:46.800   939 14882 V APM_AudioPolicyManager: isOffloadSupported: stream_type != MUSIC, returning false
03-16 17:03:46.800   953  1741 V NuPlayer: make Decoder (audio)
03-16 17:03:46.801   953  1741 V NuPlayer: instantiateDecoder audio Decoder
03-16 17:03:46.801   953  1753 I ACodec  :  [] Now uninitialized
03-16 17:03:46.802   953  1754 I ACodec  : [] onAllocateComponent
03-16 17:03:46.802   953  1754 I ACodec  : Set Google AAC Dec for aacProfile 0
03-16 17:03:46.803   953  1754 I OMXClient: Treble IOmx obtained
03-16 17:03:46.803   962  4671 I OMXMaster: makeComponentInstance(OMX.google.vorbis.decoder) in omx@1.0-service process
03-16 17:03:46.805   953  1754 I ACodec  : [OMX.google.vorbis.decoder] Now Loaded
03-16 17:03:46.805   962  4671 E OMXNodeInstance: setConfig(0xece23f20:google.vorbis.decoder, ConfigPriority(0x6f800002)) ERROR: Undefined(0x80001001)
03-16 17:03:46.806   953  1754 I ACodec  : codec does not support config priority (err -2147483648)
03-16 17:03:46.806   962  4671 E OMXNodeInstance: getConfig(0xece23f20:google.vorbis.decoder, ConfigAndroidVendorExtension(0x6f100004)) ERROR: Undefined(0x80001001)
03-16 17:03:46.806 31340 31340 I usagelog: received in receiver
03-16 17:03:46.806 31340 31340 I KnoxUsageLogPro: KnoxUsageReceiver onReceive :android.intent.action.ACTION_POWER_CONNECTED myUserId=0
03-16 17:03:46.806 31340 31340 D KnoxUsageLogPro: KnoxUsageReceiver -processSystemEvents
03-16 17:03:46.806  1522  1544 D ConnectivityService: filterNetworkStateForUid() uid: 1250 networkInfo: [type: WIFI[] - WIFI, state: CONNECTED/CONNECTED, reason: (unspecified), extra: "VW-Mobvoi", failover: false, available: true, roaming: false]
03-16 17:03:46.807   953  1754 I MediaCodec: MediaCodec will operate in async mode
03-16 17:03:46.807 31340 31340 I KnoxUsageLogPro: processSystemEvents: - No personas,Not registered, No need to process System intent
03-16 17:03:46.807   953  1754 I ACodec  : [OMX.google.vorbis.decoder] Now Loaded->Idle
03-16 17:03:46.810   693   693 W /system/bin/hw/android.hidl.allocator@1.0-service: ashmem_create_region(32768) returning hidl_memory(0x73f742b6d0, 32768)
03-16 17:03:46.814   693   693 I chatty  : uid=1000(system) allocator@1.0-s identical 6 lines
03-16 17:03:46.815   693   693 W /system/bin/hw/android.hidl.allocator@1.0-service: ashmem_create_region(32768) returning hidl_memory(0x73f742b6d0, 32768)
03-16 17:03:46.816   953  1754 I ACodec  : [OMX.google.vorbis.decoder] Now Idle->Executing
03-16 17:03:46.817   953  1754 I ACodec  : [OMX.google.vorbis.decoder] Now Executing
03-16 17:03:46.819   953  1754 I ACodec  : [OMX.google.vorbis.decoder] Now handling output port settings change
03-16 17:03:46.822   693   693 W /system/bin/hw/android.hidl.allocator@1.0-service: ashmem_create_region(32768) returning hidl_memory(0x73f742b6d0, 32768)
03-16 17:03:46.823   693   693 I chatty  : uid=1000(system) allocator@1.0-s identical 2 lines
03-16 17:03:46.823   693   693 W /system/bin/hw/android.hidl.allocator@1.0-service: ashmem_create_region(32768) returning hidl_memory(0x73f742b6d0, 32768)
03-16 17:03:46.825   953  1754 I ACodec  : [OMX.google.vorbis.decoder] Now Executing
03-16 17:03:46.826   953  1751 I NuPlayerRenderer: openAudioSink: offloadOnly(0) offloadingAudio(0)
03-16 17:03:46.826   953  1751 I NuPlayerRenderer: openAudioSink: open AudioSink in NON-offload mode audioFormat : 1, flags : 0
03-16 17:03:46.826   953  1751 V AudioSink: +++ close
03-16 17:03:46.826   953  1751 V AudioSink: --- close
03-16 17:03:46.826   953  1751 I NuPlayerRenderer: checkAudioSinkPcmMsSetting 200
03-16 17:03:46.826   953  1751 V AudioSink: setPlaybackRate(1.000000 1.000000 0 0)
03-16 17:03:46.826   953  1751 V AudioSink: open(44100, 2, 0x0, 0x1, 0, 7961 0x0)
03-16 17:03:46.827   939 14882 V APM_AudioPolicyManager: getOutput() device 2, stream 1, samplingRate 0, format 0, channelMask 3, flags 0
03-16 17:03:46.827   939 14882 V APM_AudioPolicyManager: selectOutput() commonFlags for output 13, 0000
03-16 17:03:46.827   939 14882 V APM_AudioPolicyManager: selectOutput() commonFlags for output 21, 0000
03-16 17:03:46.827   939 14882 V APM_AudioPolicyManager: selectOutput() commonFlags for output 29, 0000
03-16 17:03:46.827   939 14882 V APM_AudioPolicyManager: getOutput() device 2, stream 1, samplingRate 0, format 0, channelMask 3, flags 0
03-16 17:03:46.827   939 14882 V APM_AudioPolicyManager: selectOutput() commonFlags for output 13, 0000
03-16 17:03:46.827   939 14882 V APM_AudioPolicyManager: selectOutput() commonFlags for output 21, 0000
03-16 17:03:46.827   939 14882 V APM_AudioPolicyManager: selectOutput() commonFlags for output 29, 0000
03-16 17:03:46.827   953  1751 V AudioSink: no track available to recycle
03-16 17:03:46.827   953  1751 V AudioSink: creating new AudioTrack
03-16 17:03:46.827   939 14882 V APM_AudioPolicyManager: getOutputForAttr() usage=13, content=4, tag= flags=00000000 session 7961 selectedDeviceId 0
03-16 17:03:46.827   939 14882 V APM_AudioPolicyManager: getOutputForAttr() device 0x2, samplingRate 44100, format 1, channelMask 3, flags 900000
03-16 17:03:46.827   939 14882 V APM_AudioPolicyManager: selectOutput() commonFlags for output 13, 0000
03-16 17:03:46.827   939 14882 V APM_AudioPolicyManager: selectOutput() commonFlags for output 21, 0000
03-16 17:03:46.828   939 14882 V APM_AudioPolicyManager: selectOutput() commonFlags for output 29, 0000
03-16 17:03:46.828   939 14882 V APM_AudioPolicyManager:   getOutputForAttr() returns output 13 selectedDeviceId 2
03-16 17:03:46.831   953  1751 D AudioTrack: Client defaulted notificationFrames to 2940 for frameCount 8820
03-16 17:03:46.832   953  1751 V AudioSink: deleteRecycledTrack_l
03-16 17:03:46.832   953  1751 V AudioSink: setVolume
03-16 17:03:46.832   953  1751 V AudioSink: updateTrack() DONE status 0
03-16 17:03:46.832   953  1751 V AudioSink: start
03-16 17:03:46.833   939 14882 W AudioPolicyIntefaceImpl: Skipped to add effects on session 7961
03-16 17:03:46.833   939 14882 V APM_AudioPolicyManager: startOutput() output 13, stream 1, session 7961
03-16 17:03:46.833   939 14882 V APM_AudioPolicyManager: setBeaconMute(1) mBeaconMuteRefCount=1 mBeaconPlayingRefCount=0
03-16 17:03:46.833   939 14882 V APM_AudioPolicyManager: getNewOutputDevice() selected device 2
03-16 17:03:46.833   939 14882 V APM_AudioPolicyManager: setOutputDevice() device 0002 delayMs 0
03-16 17:03:46.833   939 14882 V APM_AudioPolicyManager: setOutputDevice() prevDevice 0x0002
03-16 17:03:46.833   939 14882 V APM_AudioPolicyManager: setOutputDevice() setting same device 0x0002 or null device
03-16 17:03:46.833   939 14882 I AudioFlinger: updateStageIndex prev 0, new -1304
03-16 17:03:46.834   953  1751 I MediaClock: setThreshold mThresholdTimeUsForAnchor(500000), mMinClockModificationTimeUs(80000), mMaxCorrectionTimeUs(30000)
03-16 17:03:46.834   953  1751 I NuPlayerRenderer: onAudioSinkChanged() getPosition : 0
03-16 17:03:46.834   953  1751 I MediaClock: setPlaybackRate rate : 0.000000
03-16 17:03:46.834   953  1751 I NuPlayerRenderer: onDrainAudioQueue() send kWhatPollingAudioStarted audio_out : 0
03-16 17:03:46.834   953  1751 I NuPlayerRenderer: setAudioFirstAnchorTime mAudioFirstAnchorTimeMediaUs : -1, new mediaTimeUs : 13061
03-16 17:03:46.834   953  1751 I MediaClock: getMediaTime_l - mAnchorTimeRealUs is '-1'
03-16 17:03:46.835   953  1751 I chatty  : uid=1013(media) /system/bin/mediaserver identical 2 lines
03-16 17:03:46.835   953  1751 I MediaClock: getMediaTime_l - mAnchorTimeRealUs is '-1'
03-16 17:03:46.835   953  1741 V NuPlayer: media rendering started
03-16 17:03:46.835   953  1741 V NuPlayer: msg : 6, ext1 : 0, ext2 : 0
03-16 17:03:46.835   953  1741 D NuPlayerDriver: notifyListener_l(0xeb9d9820), (6, 0, 0, -1), loop setting(0, 0)
03-16 17:03:46.835   953  1741 V MediaPlayerService: [413] notify (6, 0, 0)
03-16 17:03:46.835   953  1741 V NuPlayer: setDecoderBooster enable = No
03-16 17:03:46.835  2397  2776 V MediaPlayerNative: message received msg=6, ext1=0, ext2=0
03-16 17:03:46.835  2397  2776 V MediaPlayerNative: unrecognized message: (6, 0, 0)
03-16 17:03:46.835  2397  2776 V MediaPlayerNative: callback application
03-16 17:03:46.835  2397  2776 V MediaPlayerNative: back from callback
03-16 17:03:46.836   953  9818 I MediaClock: getMediaTime_l - mAnchorTimeRealUs is '-1'
03-16 17:03:46.837  2397  1740 V MediaPlayer-JNI: getCurrentPosition: 0 (msec)
03-16 17:03:46.837   953  1751 I MediaClock: getMediaTime_l - mAnchorTimeRealUs is '-1'
03-16 17:03:46.837   694  8549 D audio_hw_primary: start_output_stream: enter: stream(0xe75e5000)usecase(0: deep-buffer-playback) devices(0x2)
03-16 17:03:46.838   694  8549 D audio_hw_primary: select_devices for use case (deep-buffer-playback)
03-16 17:03:46.838   694  8549 V msm8974_platform: platform_get_output_snd_device: enter: output devices(0x2)
03-16 17:03:46.838   694  8549 V msm8974_platform: platform_get_output_snd_device: exit: snd_device(speaker)
03-16 17:03:46.838   694  8549 D audio_hw_primary: select_devices: out_snd_device(2: speaker) in_snd_device(0: )
03-16 17:03:46.838   694  8549 V audio_hw_sec: [MAXIM] sec_dsm_spkr_prot_control_tx_topology() enable:1, dsm_is_enabled:0
03-16 17:03:46.838   694  8549 D hardware_info: hw_info_append_hw_type : device_name = vi-feedback
03-16 17:03:46.838   694  8549 D audio_hw_primary: enable_snd_device: snd_device(266: vi-feedback)
03-16 17:03:46.838   694  8549 I soundtrigger: audio_extn_sound_trigger_update_device_status: device 0x10a of type 1 for Event 1, with Raise=0
