03-16 17:03:44.282  1522  3094 D InputMethodManagerService: checkDisplayOfStartInputAndUpdateKeyboard display Id 0last 0
03-16 17:03:44.282  2397  2397 D InputTransport: Input channel destroyed: fd=144
03-16 17:03:44.282  1522  3094 D InputMethodManagerService: setCurrentInputInfo - inputContext : null eidtorInfo : android.view.inputmethod.EditorInfo@5bd43ca missingMethods : 0
03-16 17:03:44.282  1522  3094 D InputTransport: Input channel constructed: fd=466
03-16 17:03:44.282  1522  3094 D InputTransport: Input channel destroyed: fd=466
03-16 17:03:44.282  3569  3569 D InputTransport: Input channel constructed: fd=119
03-16 17:03:44.282  2374  2374 I InputMethodWrapper:  call dispatchStartInputWithToken
03-16 17:03:44.283  2374  2374 I InputMethodService: dispatchStartInputWithToken
03-16 17:03:44.283  3569  3569 D DragLayer: DragLayer dispatchDraw, mIsNaviBarPositionChanged = false, mWillOrientationChange = false
03-16 17:03:44.283  2374  2374 D InputMethodService: checkDisplayOfStartInputAndUpdateKeyboard display Id 0last 0
03-16 17:03:44.283  2374  2374 I SKBD    : SamsungKeypad [IMI] onStartInput - caller pid : 3569, caller uid : 10088
03-16 17:03:44.284  2397  2631 D OpenGLRenderer: eglDestroySurface = 0x7b48dd0cb0, 0x7b2d7f4000
03-16 17:03:44.284  1522  2541 V WindowManager: Relayout Window{be3b85d u0 com.android.systemui/com.android.systemui.recents.RecentsActivity}: viewVisibility=4 req=1080x2220 WM.LayoutParams{(0,0)(fillxfill) sim=#120 ty=1 fl=#89910500 pfl=0x24040 fmt=-3 vsysui=0x700 needsMenuKey=2 colorMode=0 naviIconColor=0}
03-16 17:03:44.288  2397  2397 D ViewRootImpl@6f7de6a[RecentsActivity]: Relayout returned: old=[0,0][1080,2220] new=[0,0][1080,2220] result=0x5 surface={valid=false 0} changed=true
03-16 17:03:44.288  2397  2397 D KeyguardUpdateMonitor: received broadcast android.intent.action.CLOSE_SYSTEM_DIALOGS
03-16 17:03:44.289  2397  2397 D Tile.MobileDataTile: action:android.intent.action.CLOSE_SYSTEM_DIALOGS
03-16 17:03:44.289  2397  2397 D Tile.AirplaneModeTile: onReceive: android.intent.action.CLOSE_SYSTEM_DIALOGS mSimCount 0
03-16 17:03:44.290  2397  2397 D PopupUI : PopupUIReceiver.onReceive() action : android.intent.action.CLOSE_SYSTEM_DIALOGS
03-16 17:03:44.290  2397  2397 D PopupUI.PopupUINotifications: dismissAlertDialogs()
03-16 17:03:44.290  2397  2397 D BrightnessMirror: hideMirror cancelled since it's not visible
03-16 17:03:44.290  2397  2397 D vol.SecVolumeDialogImpl: dismissH reason: 2
03-16 17:03:44.291  1522  3352 D WindowManager: finishDrawingWindow: Window{41c027 u0 com.sec.android.app.launcher/com.sec.android.app.launcher.activities.LauncherActivity} mDrawState=DRAW_PENDING
03-16 17:03:44.291  3569  3569 I RunCallbackInSchedule: mBindOnResumeCallbacks, size 4
03-16 17:03:44.291  3569  3569 D CapturePreview: sendMessageForCapture
03-16 17:03:44.293  1522  2074 V WindowManager: Setting visibility of Window{be3b85d u0 com.android.systemui/com.android.systemui.recents.RecentsActivity EXITING}: false, caller=com.android.server.wm.WindowContainer.sendAppVisibilityToClients:443 com.android.server.wm.AppWindowToken.setClientHidden:400 com.android.server.wm.AppWindowToken.setVisibility:411 com.android.server.wm.WindowSurfacePlacer.handleClosingApps:525 com.android.server.wm.WindowSurfacePlacer.handleAppTransitionReadyLocked:384 
03-16 17:03:44.293  1522  1554 I zygote64: Successfully killed process cgroup uid 10139 pid 1052 in 82ms
03-16 17:03:44.294  1522  1554 I zygote64: Successfully killed process cgroup uid 10405 pid 32419 in 0ms
03-16 17:03:44.297  1522  2541 D MultiDisplayManager: activityStoppedLocked : ActivityRecord{34ac7e9 u0 com.android.systemui/.recents.RecentsActivity t655}
03-16 17:03:44.298  1522  1561 D PersonaManagerService: notifyActivityDrawn:u0:com.sec.android.app.launcher.activities.LauncherActivity
03-16 17:03:44.300  3569  3569 I RunCallbackInSchedule: mBindOnResumeCallbacks, size 3
03-16 17:03:44.301  1522  1553 D WindowManager: set systemUiVisibility : systemUiFlags= 0x8708 fullscreenStackSysUiFlags= 0x0 dockedVisibility= 0x0
03-16 17:03:44.301  3569  3569 I RunCallbackInSchedule: mBindOnResumeCallbacks, size 2
03-16 17:03:44.302  3569  3569 D CapturePreview: sendMessageForCapture
03-16 17:03:44.303  1522  2541 V WindowManager: Relayout Window{be3b85d u0 com.android.systemui/com.android.systemui.recents.RecentsActivity EXITING}: viewVisibility=4 req=1080x2220 WM.LayoutParams{(0,0)(fillxfill) sim=#120 ty=1 fl=#89910500 pfl=0x24040 fmt=-3 vsysui=0x700 needsMenuKey=2 colorMode=0 naviIconColor=0}
03-16 17:03:44.306  2397  2397 D ViewRootImpl@6f7de6a[RecentsActivity]: Relayout returned: old=[0,0][1080,2220] new=[0,0][1080,2220] result=0x1 surface={valid=false 0} changed=false
03-16 17:03:44.306  2397  2397 D BarTransitions.SecNavigationBarView: MODE_TRANSLUCENT -> MODE_TRANSPARENT animate=false
03-16 17:03:44.306  1522  3094 D WindowManager: adjustSystemUiVisibilityLw : vis= 0x8708  displayId:0
03-16 17:03:44.316  1522  2129 W InputDispatcher: channel ~ Consumer closed input channel or an error occurred.  events=0x9
03-16 17:03:44.316  1522  2129 E InputDispatcher: channel ~ Channel is unrecoverably broken and will be disposed!
03-16 17:03:44.316  1522  2129 W InputDispatcher: channel ~ Consumer closed input channel or an error occurred.  events=0x9
03-16 17:03:44.316  1522  2129 E InputDispatcher: channel ~ Channel is unrecoverably broken and will be disposed!
03-16 17:03:44.317  3569  3569 I RunCallbackInSchedule: mBindOnResumeCallbacks, size 1
03-16 17:03:44.320  3569  3569 I RunCallbackInSchedule: mBindOnResumeCallbacks, empty
03-16 17:03:44.320  2397  4979 I zygote64: Explicit concurrent copying GC freed 23851(1175KB) AllocSpace objects, 0(0B) LOS objects, 50% free, 9MB/19MB, paused 49us total 46.568ms
03-16 17:03:44.328  1522  3352 I WindowManager: WIN DEATH: Window{8392b4c u0 com.android.settings/com.android.settings.Settings$DevelopmentSettingsActivity}
03-16 17:03:44.328  1522  3352 W InputDispatcher: Attempted to unregister already unregistered input channel
03-16 17:03:44.329  1522 23459 D InputTransport: Input channel destroyed: fd=480
03-16 17:03:44.329  2725 23632 D ForegroundUtils: could not check pending caller
03-16 17:03:44.329  2374  2374 D InputEventReceiver: channel 'ClientState{560e843 uid 1000 pid 31995} (client)' ~ Disposing input event receiver.
03-16 17:03:44.330  2374  2374 D InputEventReceiver: channel 'ClientState{560e843 uid 1000 pid 31995} (client)' ~NativeInputEventReceiver.
03-16 17:03:44.330  2374  2374 D InputTransport: Input channel destroyed: fd=90
03-16 17:03:44.331  1522  3352 D InputTransport: Input channel destroyed: fd=247
03-16 17:03:44.331  1522  3094 I WindowManager: WIN DEATH: Window{88ed2af u0 com.android.settings/com.android.settings.Settings}
03-16 17:03:44.331  1522  3094 W InputDispatcher: Attempted to unregister already unregistered input channel
03-16 17:03:44.333  1522  3094 D InputTransport: Input channel destroyed: fd=542
03-16 17:03:44.335  1522  2540 D ActivityManager: setTask() : Task is set by null callers=com.android.server.am.TaskRecord.removeActivity:1869 com.android.server.am.ActivityStack.removeActivityFromHistoryLocked:5309 com.android.server.am.ActivityStack.removeHistoryRecordsForAppLocked:5729 com.android.server.am.ActivityStack.handleAppDiedLocked:6605  taskId=1767
03-16 17:03:44.335  1522  2540 D ActivityManager: setTask() : Task is set by null callers=com.android.server.am.TaskRecord.removeActivity:1869 com.android.server.am.ActivityStack.removeActivityFromHistoryLocked:5309 com.android.server.am.ActivityStack.removeHistoryRecordsForAppLocked:5729 com.android.server.am.ActivityStack.handleAppDiedLocked:6605  taskId=1767
03-16 17:03:44.337   738   738 I SurfaceFlinger: Display 0 HWC layers:
03-16 17:03:44.337   738   738 I SurfaceFlinger:     type    |    handle    | flag |  format   |   source crop (l,t,r,b)    |         frame       | name 
03-16 17:03:44.337   738   738 I SurfaceFlinger: ------------+--------------+------+-----------+----------------------------+---------------------+------
03-16 17:03:44.337   738   738 I SurfaceFlinger:      Device | 0x78e961e100 | 0000 | RGBA_8888 |   0.0    0.0 1080.0 2220.0 |    0    0 1080 2220 | com.android.systemui.infinity.InfinityWallpaperBrown[2639]#0
03-16 17:03:44.337   738   738 I SurfaceFlinger:      Device | 0x78e961ec00 | 0000 | RGBA_8888 |  24.0   50.0 1055.0 2170.0 |    0    0 1080 2220 | com.sec.android.app.launcher/com.sec[...].activities.LauncherActivity[3569]#0
03-16 17:03:44.337   738   738 I SurfaceFlinger:      Device | 0x78e961eb80 | 0000 | RGBA_8888 |   0.0    0.0 1080.0 2220.0 |    0    0 1080 2220 | com.android.systemui/com.android.systemui.recents.RecentsActivity[2397]#0
03-16 17:03:44.337   738   738 I SurfaceFlinger:      Device | 0x78e961e800 | 0000 | RGBA_8888 |   0.0    0.0   67.0  455.0 |    1  730   68 1185 | com.samsung.android.app.cocktailbars[...]arservice.CocktailBarService[4736]#0
03-16 17:03:44.337   738   738 I SurfaceFlinger:      Device | 0x78ec288b00 | 0000 | RGBA_8888 |   0.0    0.0 1080.0  126.0 |    0 2094 1080 2220 | Navig
03-16 17:03:44.337   738   738 I SurfaceFlinger: ationBar[2397]#0
03-16 17:03:44.337   738   738 I SurfaceFlinger: 
03-16 17:03:44.338  1522  1561 W ActivityManager: setHasOverlayUi called on unknown pid: 31995
03-16 17:03:44.355   738   738 I SurfaceFlinger: Display 0 HWC layers:
03-16 17:03:44.355   738   738 I SurfaceFlinger:     type    |    handle    | flag |  format   |   source crop (l,t,r,b)    |         frame       | name 
03-16 17:03:44.355   738   738 I SurfaceFlinger: ------------+--------------+------+-----------+----------------------------+---------------------+------
03-16 17:03:44.355   738   738 I SurfaceFlinger:      Device | 0x78e961e100 | 0000 | RGBA_8888 |   0.0    0.0 1080.0 2220.0 |    0    0 1080 2220 | com.android.systemui.infinity.InfinityWallpaperBrown[2639]#0
03-16 17:03:44.355   738   738 I SurfaceFlinger:      Device | 0x78e961ec00 | 0000 | RGBA_8888 |  18.0   38.0 1062.0 2183.0 |    0    0 1080 2220 | com.sec.android.app.launcher/com.sec[...].activities.LauncherActivity[3569]#0
03-16 17:03:44.355   738   738 I SurfaceFlinger:      Device | 0x78e961eb80 | 0000 | RGBA_8888 |   0.0    0.0 1080.0 2220.0 |    0    0 1080 2220 | com.android.systemui/com.android.systemui.recents.RecentsActivity[2397]#0
03-16 17:03:44.355   738   738 I SurfaceFlinger:      Device | 0x78e961e380 | 0000 | RGBA_8888 |   0.0   52.0 1080.0   63.0 |    0    0 1080   11 | StatusBar[2397]#0
03-16 17:03:44.355   738   738 I SurfaceFlinger:      Device | 0x78e961e800 | 0000 | RGBA_8888 |   0.0    0.0   67.0  455.0 |    1  730   68 1185 | com.samsung.android.app.cocktailbars[...]arservice.CocktailBarSer
03-16 17:03:44.355   738   738 I SurfaceFlinger: vice[4736]#0
03-16 17:03:44.355   738   738 I SurfaceFlinger:      Device | 0x78ec288b00 | 0000 | RGBA_8888 |   0.0    0.0 1080.0  126.0 |    0 2094 1080 2220 | NavigationBar[2397]#0
03-16 17:03:44.355   738   738 I SurfaceFlinger: 
03-16 17:03:44.365  1522  1554 I zygote64: Successfully killed process cgroup uid 1000 pid 31995 in 71ms
03-16 17:03:44.396  1522  2135 D MdnieScenarioControlService:  packageName : com.sec.android.app.launcher    className : com.sec.android.app.launcher.activities.LauncherActivity
03-16 17:03:44.396  1522  2135 V MdnieScenarioControlService: setUIMode from UI function(3)
03-16 17:03:44.466  1522  2074 E WindowManager: win=Window{be3b85d u0 com.android.systemui/com.android.systemui.recents.RecentsActivity EXITING} destroySurfaces: appStopped=true win.mWindowRemovalAllowed=false win.mRemoveOnExit=false win.mViewVisibility=4, caller=com.android.server.wm.AppWindowToken.destroySurfaces:748 com.android.server.wm.AppWindowToken.destroySurfaces:732 com.android.server.wm.WindowState.onExitAnimationDone:5505 com.android.server.wm.AppWindowAnimator.stepAnimationLocked:517 com.android.server.wm.AppWindowToken.stepAppWindowsAnimation:1745 
03-16 17:03:44.467  1522  2074 I WindowManager: Destroying surface #21fea70: Surface(name=com.android.systemui/com.android.systemui.recents.RecentsActivity) called by com.android.server.wm.WindowStateAnimator.destroySurface:2617 com.android.server.wm.WindowStateAnimator.destroySurfaceLocked:1026 com.android.server.wm.WindowState.destroyOrSaveSurfaceUnchecked:3803 com.android.server.wm.WindowState.destroySurface:3749 com.android.server.wm.AppWindowToken.destroySurfaces:748 com.android.server.wm.AppWindowToken.destroySurfaces:732 com.android.server.wm.WindowState.onExitAnimationDone:5505 com.android.server.wm.AppWindowAnimator.stepAnimationLocked:517 
03-16 17:03:44.467   738  3272 I SurfaceFlinger: id=8375 Removed com.android.systemui/com.android.systemui.recents.RecentsActivity[2397]#0 (4/10)
03-16 17:03:44.470   738  2148 I SurfaceFlinger: id=8375 Removed com.android.systemui/com.android.systemui.recents.RecentsActivity[2397]#0 (-2/10)
03-16 17:03:44.474  1522  1561 D PersonaManagerService: notifyActivityDrawn:u0:com.sec.android.app.launcher.activities.LauncherActivity
03-16 17:03:44.475   738   738 I SurfaceFlinger: Display 0 HWC layers:
03-16 17:03:44.475   738   738 I SurfaceFlinger:     type    |    handle    | flag |  format   |   source crop (l,t,r,b)    |         frame       | name 
03-16 17:03:44.475   738   738 I SurfaceFlinger: ------------+--------------+------+-----------+----------------------------+---------------------+------
03-16 17:03:44.475   738   738 I SurfaceFlinger:      Device | 0x78e961e100 | 0000 | RGBA_8888 |   0.0    0.0 1080.0 2220.0 |    0    0 1080 2220 | com.android.systemui.infinity.InfinityWallpaperBrown[2639]#0
03-16 17:03:44.475   738   738 I SurfaceFlinger:      Device | 0x78e961ec00 | 0000 | RGBA_8888 |   0.0    0.0 1080.0 2220.0 |    0    0 1080 2220 | com.sec.android.app.launcher/com.sec[...].activities.LauncherActivity[3569]#0
03-16 17:03:44.475   738   738 I SurfaceFlinger:      Device | 0x78e961e380 | 0000 | RGBA_8888 |   0.0    6.0 1080.0   63.0 |    0    0 1080   57 | StatusBar[2397]#0
03-16 17:03:44.475   738   738 I SurfaceFlinger:      Device | 0x78e961e800 | 0000 | RGBA_8888 |   0.0    0.0   67.0  455.0 |    1  730   68 1185 | com.samsung.android.app.cocktailbars[...]arservice.CocktailBarService[4736]#0
03-16 17:03:44.475   738   738 I SurfaceFlinger:      Device | 0x78ec288b00 | 0000 | RGBA_8888 |   0.0    0.0 1080.0  126.0 |    0 2094 1080 2220 | NavigationBar[2397]#0
03-16 17:03:44.475   738   738 I SurfaceFlinger: 
03-16 17:03:44.482   738   738 I Layer   : id=8375 onRemoved com.android.systemui/com.android.systemui.recents.RecentsActivity[2397]#0 
03-16 17:03:44.505  1522  2135 I SemMdnieManagerService: setContentMode : 0
03-16 17:03:44.505  1522  2135 V MdnieScenarioControlService: Calling MdnieManager API(setContentMode(0))
03-16 17:03:44.506  1522  2135 D SemDisplaySolutionManagerService: uid : 1000 , pid : 1522 , name : hdr_effect_off
03-16 17:03:44.506  1522  2135 D SemDisplaySolutionManagerService: where : application what : DEFAULT setScreenBrightnessScaleFactor(-1.0)
03-16 17:03:44.506  1522  2135 D PowerManagerService: [api] setScreenBrightnessScaleFactor: scaleFactor: -1.0 (uid: 1000 pid: 1522)
03-16 17:03:44.506  1522  2135 D SemDisplaySolutionManagerService: setMultipleScreenBrightness , application, DEFAULT, -1.0
03-16 17:03:44.506  1522  2135 V MdnieScenarioControlService: Calling SemDisplaySolutionManager API(setMultipleScreenBrightness(0)
03-16 17:03:44.506  1522  2135 V MdnieScenarioControlService: setUIMode from UI function
03-16 17:03:44.516  1522  2136 D AllAroundSensingService: packageName : com.sec.android.app.launcher    className : com.sec.android.app.launcher.activities.LauncherActivity
03-16 17:03:44.516  1522  2136 V AllAroundSensingService: setPlatformBrightnessValue 120
03-16 17:03:44.546  4736  4736 I Utils   : isCurrentUser current = 0, ownerId = 0
03-16 17:03:44.546  4736  4736 I TrayVisibilityController: getComputedTrayVisible : keyguardState = 1
03-16 17:03:44.546  4736  4736 I TrayVisibilityController: updateTrayVisible: State=1 visible=1 mCurrentVisible=1 specificMode=0
03-16 17:03:44.546  4736  4736 D TrayStateController: onNotifyUpdateTray: 0 to need to visible? true
03-16 17:03:44.774  1522  1734 D TspStateManagerInternal: update cmd=set_grip_data,1,60,10,32,888
03-16 17:03:44.801  3569 18821 W OpenGLRenderer: Incorrectly called buildLayer on View: WorkspaceCellLayoutChildren, destroying layer...
03-16 17:03:44.801  3569 18821 W OpenGLRenderer: Incorrectly called buildLayer on View: WorkspaceCellLayoutChildren, destroying layer...
03-16 17:03:44.918  1522 11241 D ConnectivityService: filterNetworkStateForUid() uid: 1000 networkInfo: [type: WIFI[] - WIFI, state: CONNECTED/CONNECTED, reason: (unspecified), extra: "VW-Mobvoi", failover: false, available: true, roaming: false]
03-16 17:03:44.921  1522  2180 D WifiTrafficPoller: TrafficStats TxPkts=2141492 RxPkts=2678250 TxBytes=666683283 RxBytes=3028576041 , Foreground uid=10088 pkgName=com.sec.android.app.launcher txBytes=0 rxBytes=0
03-16 17:03:44.927  1522 11241 D SSRM:a  : ATC: power = AP_CP = -999, Display = 948(Panel:712, LDIs:236), WIFI = 0, SPK = 0, RCV = 0, Camera = 0, PAM = 0
03-16 17:03:44.927  1522 11241 D SSRM:a  : ATC: current = AP_CP = -999, Display = 237, WIFI = 0, SPK = 0,RCV = 0, Camera = 0, PAM = 0
03-16 17:03:44.928  1522 11241 D SSRM:a  : ATC: Ambient Temperature = 31.51, Skin temperature = F_AP[29.50], F_RF[30.80], B_AP[28.50], B_RF[29.90], B_WIFI[30.00], B_SPK[31.20]
03-16 17:03:45.036  1522  1522 D CustomFrequencyManagerService: releaseDVFSLockLocked : Getting Lock type frm List : DVFS_MIN_LIMIT  frequency : 2803200  uid : 1000  pid : 1522  tag : AMS_APP_HOME@CPU_MIN@63
03-16 17:03:45.051  1522  1522 D PreBindingService: handleMessage : 1
03-16 17:03:45.056  1522  1522 D PreBindingService: needToKeepBinding: match not found
03-16 17:03:45.122  1522  2088 D UsbPortManager: onUEvent() {SUBSYSTEM=dual_role_usb, DUAL_ROLE_MODE=none, SEQNUM=480289, ACTION=change, DUAL_ROLE_POWERS_VCONN=y, DUAL_ROLE_NAME=otg_default, DUAL_ROLE_POWER_ROLE=none, DEVPATH=/devices/platform/soc/a98000.i2c/i2c-32/32-0066/max77705-usbc/dual_role_usb/otg_default, DUAL_ROLE_DATA_ROLE=none}
03-16 17:03:45.123  1522  2238 D UsbPortManager: handleMessage()
03-16 17:03:45.123  1522  2238 D UsbPortManager: updatePortsLocked()++
03-16 17:03:45.123  1522  2238 D UsbPortManager: updatePortsLocked() UEVENT is NOT NULL
03-16 17:03:45.124  1522  2238 D UsbPortManager: addOrUpdatePortLocked()++ : portId=otg_default, supportedModes=dual, currentMode=none, canChangeMode=true, currentPowerRole=no-power, canChangePowerRole=false, currentDataRole=no-data, canChangeDataRole=false
03-16 17:03:45.124  1522  2238 D UsbPortManager: addOrUpdatePortLocked() supportedRoleCombinations=1
03-16 17:03:45.124  1522  2238 D UsbPortManager: addOrUpdatePortLocked() supportedModes=dual
03-16 17:03:45.125  1522  2238 D UsbPortManager: setStatus() , currentMode=none, canChangeMode=true, currentPowerRole=no-power, canChangePowerRole=false, currentDataRole=no-data, canChangeDataRole=false, supportedRoleCombinations=1
03-16 17:03:45.125  1522  2238 D UsbPortManager: addOrUpdatePortLocked() mPorts DISPOSITION_REMOVED -> DISPOSITION_CHANGED
03-16 17:03:45.125  1522  2238 D UsbPortManager: addOrUpdatePortLocked()--
03-16 17:03:45.125  1522  2238 D UsbPortManager: mPorts size: 1
03-16 17:03:45.125  1522  2238 I UsbPortManager: USB port changed: port=UsbPort{id=otg_default, supportedModes=dual}, status=UsbPortStatus{connected=false, currentMode=none, currentPowerRole=no-power, currentDataRole=no-data, supportedRoleCombinations=[no-power:no-data]}, canChangeMode=true, canChangePowerRole=false, canChangeDataRole=false
03-16 17:03:45.126  1522  2238 D UsbPortManager: sendPortChangedBroadcastLocked(port=UsbPort{id=otg_default, supportedModes=dual}, status=UsbPortStatus{connected=false, currentMode=none, currentPowerRole=no-power, currentDataRole=no-data, supportedRoleCombinations=[no-power:no-data]}, canChangeMode=true, canChangePowerRole=false, canChangeDataRole=false)
03-16 17:03:45.126  1522  2238 D UsbPortManager: mPorts(0) DISPOSITION_CHANGED -> DISPOSITION_READY
03-16 17:03:45.126  1522  2238 D UsbPortManager: updatePortsLocked()--
03-16 17:03:45.127  1522  2238 D UsbPortManager: sending intent : ACTION_USB_PORT_CHANGED, mUsbPort [UsbPort{id=otg_default, supportedModes=dual}], mUsbPortStatus [UsbPortStatus{connected=false, currentMode=none, currentPowerRole=no-power, currentDataRole=no-data, supportedRoleCombinations=[no-power:no-data]}]
03-16 17:03:45.129  1522  1522 D UsbDeviceManager: received ACTION_USB_PORT_CHANGED
03-16 17:03:45.129  1522  1522 I UsbDeviceManager: updateHostState UsbPort{id=otg_default, supportedModes=dual} status=UsbPortStatus{connected=false, currentMode=none, currentPowerRole=no-power, currentDataRole=no-data, supportedRoleCombinations=[no-power:no-data]}mDualRoleState 0
03-16 17:03:45.133  1522  2088 V UsbDeviceManager: onUEvent(Device Cable) : {SUBSYSTEM=android_usb, SEQNUM=480290, ACTION=change, USB_STATE=DISCONNECTED, DEVPATH=/devices/virtual/android_usb/android0}
03-16 17:03:45.134  1522  2088 D SecContentProvider: insert(), uri = 2
03-16 17:03:45.134  1522  2088 D SecContentProvider: called from android.uid.system:1000
03-16 17:03:45.135  1522  2088 D UsbDeviceManager: updateState( DISCONNECTED )
03-16 17:03:45.211  1522 23459 D BatteryService: !@BatteryListener : batteryPropertiesChanged!
03-16 17:03:45.212  1522 23459 D BatteryService: level:100, scale:100, status:3, health:2, present:true, voltage: 4334, temperature: 314, technology: Li-ion, AC powered:false, USB powered:false, POGO powered:false, Wireless powered:false, icon:17303962, invalid charger:0, maxChargingCurrent:0, maxChargingVoltage:0, chargeCounter:3753000
03-16 17:03:45.213  1522 23459 D BatteryService: online:1, current avg:35, charge type:0, power sharing:false, high voltage charger:false, capacity:280000, batterySWSelfDischarging:false, misc_event:0, current_event:64, current_now:202
03-16 17:03:45.214  1522  1522 D BatteryService: Sending ACTION_BATTERY_CHANGED.
03-16 17:03:45.215  1522  1522 D BatteryService: misc_event:0x0, sec plug type:0
03-16 17:03:45.218  1522  3647 V LocSvc_HIDL_Subscription_jni: power_connect_status_update
03-16 17:03:45.218  1522  3647 V LocSvc_HIDL_Subscription_jni: [power_connect_status_update][566] [HC] =>> [HS]
03-16 17:03:45.219   965   965 V LocSvc_HIDL_IzatSubscription: [powerConnectStatusUpdate][564] [HS] <<<<= [HC]
03-16 17:03:45.220  1522  1564 D PowerManagerService: [api] updateIsPoweredLocked : mIsPowered: false mPlugType: 0
03-16 17:03:45.221  1522  1555 E BatteryExternalStatsWorker: no controller energy info supplied for wifi
03-16 17:03:45.222 25710 25710 I Rubin   : [2] AnalysisEventTrigger$AnalysisBroadcastReceiver.isAnalysisCondition(AnalysisEventTrigger.java:158) : Analysis Condition Status - Screen State (OFF) : false, Power Connected : false
03-16 17:03:45.223   965  1062 I LocSvc_SystemStatusOsObserver: DataItem: IS_POWER_CONNECTED: false >> IZAT-MANAGER
03-16 17:03:45.223   965  1062 I LocSvc_SystemStatusOsObserver: DataItem: IS_POWER_CONNECTED: false >> Wiper
03-16 17:03:45.223   965  1062 I LocSvc_api_v02: ---> locClientSendReq line 2119 QMI_LOC_SET_EXTERNAL_POWER_CONFIG_REQ_V02
03-16 17:03:45.223  1522  1555 E BatteryExternalStatsWorker: no controller energy info supplied for bluetooth
03-16 17:03:45.223   965  3704 I LocSvc_libulp: ulp_msg_process_system_update: systemEvent:3 
03-16 17:03:45.223   965  3704 I LocSvc_libulp: ulp_msg_process_start_req, at ulp state = 1
03-16 17:03:45.225  1522  3647 V LocSvc_HIDL_Subscription_jni: Exit Result 0
03-16 17:03:45.225   965  1095 I LocSvc_ApiV02: <--- globalRespCb line 199 QMI_LOC_SET_EXTERNAL_POWER_CONFIG_REQ_V02
03-16 17:03:45.228  2397  2397 D KeyguardUpdateMonitor: received broadcast android.intent.action.BATTERY_CHANGED
03-16 17:03:45.230  2397  2397 D BatteryController: onReceive-ACTION_BATTERY_CHANGED : mLevel=100, mBatteryStatus=3
03-16 17:03:45.231  1522  3647 V LocSvc_HIDL_Subscription_jni: battery_level_update
03-16 17:03:45.231  1522  3647 V LocSvc_HIDL_Subscription_jni: [battery_level_update][945] [HC] =>> [HS]
03-16 17:03:45.232   965   965 V LocSvc_HIDL_IzatSubscription: [batteryLevelUpdate][757] [HS] <<<<= [HC]
03-16 17:03:45.232  1522  3647 V LocSvc_HIDL_Subscription_jni: Exit Result 0
03-16 17:03:45.236  2354  2354 D BigDataInfoController: Intent : android.intent.action.BATTERY_CHANGED
03-16 17:03:45.236  2354  2354 D BigDataInfoController: Intent : android.intent.action.BATTERY_CHANGED
03-16 17:03:45.237  1522  1522 D MotionRecognitionService:   mReceiver.onReceive : ACTION_POWER_DISCONNECTED
03-16 17:03:45.237  1522  1522 D MotionRecognitionService:   mCableConnection= 0
03-16 17:03:45.237  1522  1522 D RestrictionPolicy: isUsbDebuggingEnabled : true
03-16 17:03:45.238  1522  1522 I MotionRecognitionService: On Battery, 0
03-16 17:03:45.238  1522  1522 D MotionRecognitionService:   mCableConnection= 0
03-16 17:03:45.238  1522  1522 D SamsungPhoneWindowManager: ACTION_BATTERY_CHANGED - Level :: 100, battStatus :: 3
03-16 17:03:45.238  1522  1522 D UsbDeviceManager: received ACTION_BATTERY_CHANGED
03-16 17:03:45.239  1522  1559 D UsbDeviceManager: handleMessage -> MSG_UPDATE_CHARGING_STATE = 0
03-16 17:03:45.239  1522  1559 D UsbDeviceManager: updateUsbNotification(false) : mConnected = true, mConfigured = true, mCurrentFunctions = accessory, mHostConnected = false, mSupportDualRole = true, mSourcePower = false
03-16 17:03:45.239  1522  1522 I CAE     : handleMessage(CaPowerManager.java:181) - POWER_DISCONNECTED
03-16 17:03:45.240 27819 27819 I iu.Environment: update battery state; isPlugged? false*
03-16 17:03:45.240  1522  1559 D UsbDeviceManager: mps exists
03-16 17:03:45.240  1522  1522 I CAE     : sendCmdToSensorHub(SensorHubCommManager.java:158) - -76, 13, -41, 0,
03-16 17:03:45.240   956  1116 E IptablesRestoreController: [iptables debug]iptables-restore execute *filter
03-16 17:03:45.240   956  1116 E IptablesRestoreController: -A fw_INPUT -j fw_standby
03-16 17:03:45.240   956  1116 E IptablesRestoreController: -A fw_OUTPUT -j fw_standby
03-16 17:03:45.240   956  1116 E IptablesRestoreController: COMMIT
03-16 17:03:45.240  1522  1559 D UsbDeviceManager: id=30, mUsbNotificationId=30, titleRes=17042095
03-16 17:03:45.241  1522  2101 D SensorService: setSContextDataLocked ints length 2 , byte length 4
03-16 17:03:45.242   707  2077 I sensors-hal: inject_sensor_data:273, sensorhubs_handle:5
03-16 17:03:45.242   707  2077 I sensors-hal: inject_sensor_data:282, handle 5 send inject
03-16 17:03:45.242   707  2077 I sensors-hal: sendContextData:168, sensor hal 4, (b4, 13, 215)
03-16 17:03:45.242   707  2077 I sensors-hal: sendContextData:215, activities 4 b4
03-16 17:03:45.242   707  2077 I sensors-hal: sendUserData:237, Activities cmd 0xb4 0xd
03-16 17:03:45.242   707  2077 I sensors-hal: send_context_data:274, ssc_sensor::send_context_data
03-16 17:03:45.242   707  2077 I sensors-hal: create_send_context_data:79, sending create_send_context_data
03-16 17:03:45.242   707  2077 I sensors-hal: send_context_data:287, activities, 4914309220830019584, 1320970896291267344, msgid:700
03-16 17:03:45.243 27819 27846 I iu.UploadsManager: num queued entries: 0
03-16 17:03:45.243 27819 27846 I iu.UploadsManager: num updated entries: 0
03-16 17:03:45.244  2397  2397 D PowerUI : priorPlugType = 2 mPlugType =  0
03-16 17:03:45.244  2397  2397 D PowerUI.Notification: dismissSlowByChargerConnectionInfoPopUp()
03-16 17:03:45.244  2397  2397 D PowerUI.Notification: dismissChargingNotification()
03-16 17:03:45.244 27819 27846 I iu.SyncManager: NEXT; no task
03-16 17:03:45.245  2397  2397 D PowerUI : Battery swelling mode - priorBatterySwellingMode = 0 mBatterySwellingMode = 0
03-16 17:03:45.245  2397  2397 D PowerUI.Notification: dismissBatterySwellingNotice()
03-16 17:03:45.245   707  2077 I sensors-hal: sendContextData:86, common_info 4
03-16 17:03:45.245   707  2077 I sensors-hal: sendUserData:102, CommonInfo 0xb4 0xd 0xd7
03-16 17:03:45.245   707  2077 I sensors-hal: send_context_data:274, ssc_sensor::send_context_data
03-16 17:03:45.245   707  2077 I sensors-hal: create_send_context_data:62, sending create_send_context_data
03-16 17:03:45.245   707  2077 I sensors-hal: send_context_data:287, common_info, 4914309147815575552, 1320970896291267344, msgid:700
03-16 17:03:45.253 31340 31340 I usagelog: received in receiver
03-16 17:03:45.253 31340 31340 I KnoxUsageLogPro: KnoxUsageReceiver onReceive :android.intent.action.ACTION_POWER_DISCONNECTED myUserId=0
03-16 17:03:45.253 31340 31340 D KnoxUsageLogPro: KnoxUsageReceiver -processSystemEvents
03-16 17:03:45.253  1522  2540 D ConnectivityService: filterNetworkStateForUid() uid: 1250 networkInfo: [type: WIFI[] - WIFI, state: CONNECTED/CONNECTED, reason: (unspecified), extra: "VW-Mobvoi", failover: false, available: true, roaming: false]
03-16 17:03:45.254 31340 31340 I KnoxUsageLogPro: processSystemEvents: - No personas,Not registered, No need to process System intent
03-16 17:03:45.259   956  1116 E IptablesRestoreController: [iptables debug]iptables-restore execute done *filter
03-16 17:03:45.259   956  1116 E IptablesRestoreController: -A fw_INPUT -j fw_standby
03-16 17:03:45.259   956  1116 E IptablesRestoreController: -A fw_OUTPUT -j fw_standby
03-16 17:03:45.259   956  1116 E IptablesRestoreController: COMMIT
03-16 17:03:45.259   956  1116 E IptablesRestoreController: , res : 0
03-16 17:03:45.269  2397  2397 D PowerUI : SUPPORT_WATER_PROTECTION_POPUP - oldBatteryWaterConnector : false, mBatteryWaterConnector : false, oldHiccupState : false, mIsHiccupState : false
03-16 17:03:45.269  2397  2397 D PowerUI : Power supply - oldPowerSupplyingActivated = false mIsPowerSupplyingActivated = false
03-16 17:03:45.269  2397  2397 D PowerUI : SUPPORT_WIRELESS_CHARGER_FOD_POPUP - oldWirelessFodState : false, mWirelessFodState : false
03-16 17:03:45.270  1522  1555 I BatteryStatsImpl: Resetting battery stats: level=100 status=2 dischargeLevel=100 lowAmount=0 highAmount=0
03-16 17:03:45.279  1522  1555 I BatteryStatsImpl: count=450 size=20173027 index=-1
03-16 17:03:45.279  1522  1555 I BatteryStatsImpl: batterystats backup is done
03-16 17:03:45.302  1522  1555 E BatteryExternalStatsWorker: no controller energy info supplied for wifi
03-16 17:03:45.302  1522  1555 E BatteryExternalStatsWorker: no controller energy info supplied for bluetooth
03-16 17:03:45.303  1522  1522 D EdgeLightingManager: isCallingUserSupported : callingUserId=-1, mUserId=0, isDualAppId=false
03-16 17:03:45.303  1522  1522 D LightsService: [api] [SvcLED] turnOff:: id = 4 (uid: 1000 pid: 1522) 
03-16 17:03:45.303  1522  1522 D PowerManagerUtil: fileWriteString to /sys/power/wake_lock, LightsService
03-16 17:03:45.304  1522  1522 D LightsService: [SvcLED] setSvcLedStateLocked:: SvcLEDState : 0x0 -> 0x0 | SvcLED(id=4) set Off
03-16 17:03:45.305  1522  1522 D UsbDeviceManager: received ACTION_SEC_BATTERY_EVENT : USB CHARGING OFF
03-16 17:03:45.305  1522  1559 D UsbDeviceManager: handleMessage -> MSG_POWER_STATE = 0, mBootCompleted(true), mCurrentFunctions(accessory), mPowerConnected(false)
03-16 17:03:45.306  1522  1559 D UsbDeviceManager: USB CABLE STATE : connected = false
03-16 17:03:45.306  1522  1570 D LightsService: [SvcLED] handleForcedSvcLEDTask()
03-16 17:03:45.306  1522  1570 D LightsService: [SvcLED]  setSvcLedLightLocked :: Current SvcLED(id=3) maintains its priority right
03-16 17:03:45.306  1522  1570 D PowerManagerUtil: fileWriteString to /sys/power/wake_unlock, LightsService
03-16 17:03:45.311  3569  3569 D Notification.Badge: [valid] onNotificationRemoved : StatusBarNotification(pkg=com.android.systemui user=UserHandle{-1} id=2131362725 tag=charging_state key=-1|com.android.systemui|2131362725|charging_state|10004: Notification(channel=GEN pri=-2 contentView=null vibrate=null sound=null defaults=0x0 flags=0xa color=0xff607d8b category=sys number=0 vis=PUBLIC semFlags=0x0 semPriority=0 semMissedCount=0))
03-16 17:03:45.311  1522  2173 D ConnectivityService: filterNetworkStateForUid() uid: 10139 networkInfo: [type: WIFI[] - WIFI, state: DISCONNECTED/BLOCKED, reason: (unspecified), extra: (none), failover: false, available: true, roaming: false]
03-16 17:03:45.311  3569  3569 D Notification.Badge: notificationKey : -1|com.android.systemui|2131362725|charging_state|10004, count : 0, this.count : 1
03-16 17:03:45.312  3569  3632 D Notification.Badge: LauncherModel:onNotificationRemoved() : com.android.systemui
03-16 17:03:45.320  1522  3094 D GameManagerService: identifyGamePackage. com.sec.android.app.launcher
03-16 17:03:45.320  1522  3094 D GamePkgDataHelper: getGamePkgData(). com.sec.android.app.launcher
03-16 17:03:45.323  1522  2540 D SamsungAlarmManager: Cancel Alarm calling from uid:5012 pid :31354 / op:PendingIntent{6f290f: PendingIntentRecord{46a329a com.samsung.android.sm.devicesecurity.tcm broadcastIntent}}
03-16 17:03:45.324  1522  2173 D ConnectivityService: filterNetworkStateForUid() uid: 10183 networkInfo: [type: WIFI[] - WIFI, state: DISCONNECTED/BLOCKED, reason: (unspecified), extra: (none), failover: false, available: true, roaming: false]
03-16 17:03:45.330  1522  2539 D AODManagerService: updateNotificationKeysInternal() return : same [0] 
03-16 17:03:45.330  1522  1522 D NetworkPolicy: mChargingStateReceiver: newState(false), oldState(true)
03-16 17:03:45.335 32705 32705 I [SC]DetectorReceiver: onReceive [android.intent.action.ACTION_POWER_DISCONNECTED]
03-16 17:03:45.339 15639 18166 I SEMS:SamsungAccount: [[OCP] ]  URI : content://com.msc.openprovider.openContentProvider/tncRequest
03-16 17:03:45.340 15639 18166 I SEMS:SamsungAccount: [SCU] isHaveSA() - true
03-16 17:03:45.341  1522  2094 I BarTender:BatteryStatsDumper: refreshstats completed
03-16 17:03:45.342 15639 18166 I SEMS:SamsungAccount: [[OCP] ]  Cursor is not null
03-16 17:03:45.579  1522  2209 D ConnectivityService: updateCapabilities: oldCap = [ Transports: WIFI Capabilities: NOT_METERED&INTERNET&NOT_RESTRICTED&TRUSTED&NOT_VPN&VALIDATED&FOREGROUND LinkUpBandwidth>=1048576Kbps LinkDnBandwidth>=1048576Kbps SignalStrength: -61], newCap = [ Transports: WIFI Capabilities: NOT_METERED&INTERNET&NOT_RESTRICTED&TRUSTED&NOT_VPN LinkUpBandwidth>=1048576Kbps LinkDnBandwidth>=1048576Kbps SignalStrength: -64]
03-16 17:03:45.580  1522  2209 D ConnectivityService: notifyType CALLBACK_CAP_CHANGED for NetworkAgentInfo [WIFI () - 603]
03-16 17:03:45.580  1522  2209 D ConnectivityService:  sending notification for NetworkRequest [ REQUEST id=1, [ Capabilities: INTERNET&NOT_RESTRICTED&TRUSTED&NOT_VPN] ]
03-16 17:03:45.580  1522  2209 D ConnectivityService:  sending notification for NetworkRequest [ TRACK_DEFAULT id=3, [ Capabilities: INTERNET&NOT_RESTRICTED&TRUSTED&NOT_VPN] ]
03-16 17:03:45.580  1522  2209 D ConnectivityService: sending notification CALLBACK_CAP_CHANGED for NetworkRequest [ TRACK_DEFAULT id=3, [ Capabilities: INTERNET&NOT_RESTRICTED&TRUSTED&NOT_VPN] ]
03-16 17:03:45.580  1522  2209 D ConnectivityService:  sending notification for NetworkRequest [ LISTEN id=5, [ Transports: WIFI Capabilities: INTERNET&NOT_RESTRICTED&TRUSTED&NOT_VPN] ]
03-16 17:03:45.580  1522  2209 D ConnectivityService: sending notification CALLBACK_CAP_CHANGED for NetworkRequest [ LISTEN id=5, [ Transports: WIFI Capabilities: INTERNET&NOT_RESTRICTED&TRUSTED&NOT_VPN] ]
03-16 17:03:45.581  1522  2209 D ConnectivityService:  sending notification for NetworkRequest [ LISTEN id=6, [ Capabilities: NOT_RESTRICTED&TRUSTED&NOT_VPN] ]
03-16 17:03:45.581  1522  2209 D ConnectivityService: sending notification CALLBACK_CAP_CHANGED for NetworkRequest [ LISTEN id=6, [ Capabilities: NOT_RESTRICTED&TRUSTED&NOT_VPN] ]
03-16 17:03:45.581  1522  2209 D ConnectivityService:  sending notification for NetworkRequest [ LISTEN id=7, [ Transports: CELLULAR|WIFI Capabilities: NOT_RESTRICTED&TRUSTED&NOT_VPN] ]
03-16 17:03:45.581  1522  2209 D ConnectivityService: sending notification CALLBACK_CAP_CHANGED for NetworkRequest [ LISTEN id=7, [ Transports: CELLULAR|WIFI Capabilities: NOT_RESTRICTED&TRUSTED&NOT_VPN] ]
03-16 17:03:45.581  1522  2209 D ConnectivityService:  sending notification for NetworkRequest [ LISTEN id=8, [] ]
03-16 17:03:45.581  1522  2204 D ConnectivityService: filterNetworkStateForUid() uid: 10139 networkInfo: [type: WIFI[] - WIFI, state: DISCONNECTED/BLOCKED, reason: (unspecified), extra: (none), failover: false, available: true, roaming: false]
03-16 17:03:45.582  1522  2204 D ConnectivityService: filterNetworkStateForUid() uid: 5009 networkInfo: [type: WIFI[] - WIFI, state: CONNECTED/CONNECTED, reason: (unspecified), extra: "VW-Mobvoi", failover: false, available: true, roaming: false]
03-16 17:03:45.582  1522  2209 D ConnectivityService: sending notification CALLBACK_CAP_CHANGED for NetworkRequest [ LISTEN id=8, [] ]
03-16 17:03:45.583  1522  2209 D ConnectivityService:  sending notification for NetworkRequest [ TRACK_DEFAULT id=9, [ Capabilities: INTERNET&NOT_RESTRICTED&TRUSTED&NOT_VPN] ]
03-16 17:03:45.583  1522  2209 D ConnectivityService: sending notification CALLBACK_CAP_CHANGED for NetworkRequest [ TRACK_DEFAULT id=9, [ Capabilities: INTERNET&NOT_RESTRICTED&TRUSTED&NOT_VPN] ]
03-16 17:03:45.583  1522  2204 D ConnectivityService: filterNetworkStateForUid() uid: 5017 networkInfo: [type: WIFI[] - WIFI, state: CONNECTED/CONNECTED, reason: (unspecified), extra: "VW-Mobvoi", failover: false, available: true, roaming: false]
03-16 17:03:45.583  1522  2209 D ConnectivityService:  sending notification for NetworkRequest [ LISTEN id=10, [ Transports: WIFI Capabilities: INTERNET&NOT_RESTRICTED&TRUSTED&NOT_VPN] ]
03-16 17:03:45.583  1522  2209 D ConnectivityService: sending notification CALLBACK_CAP_CHANGED for NetworkRequest [ LISTEN id=10, [ Transports: WIFI Capabilities: INTERNET&NOT_RESTRICTED&TRUSTED&NOT_VPN] ]
03-16 17:03:45.583  1522  2209 D ConnectivityService:  sending notification for NetworkRequest [ LISTEN id=11, [ Transports: WIFI Capabilities: INTERNET&NOT_RESTRICTED&TRUSTED&NOT_VPN] ]
03-16 17:03:45.583  1522  2204 D ConnectivityService: filterNetworkStateForUid() uid: 5009 networkInfo: [type: WIFI[] - WIFI, state: CONNECTED/CONNECTED, reason: (unspecified), extra: "VW-Mobvoi", failover: false, available: true, roaming: false]
03-16 17:03:45.583  1522  2209 D ConnectivityService: sending notification CALLBACK_CAP_CHANGED for NetworkRequest [ LISTEN id=11, [ Transports: WIFI Capabilities: INTERNET&NOT_RESTRICTED&TRUSTED&NOT_VPN] ]
03-16 17:03:45.584  1522  2209 D ConnectivityService:  sending notification for NetworkRequest [ LISTEN id=609, [ Capabilities: INTERNET&NOT_RESTRICTED&TRUSTED&NOT_VPN] ]
03-16 17:03:45.584  1522  2209 D ConnectivityService: sending notification CALLBACK_CAP_CHANGED for NetworkRequest [ LISTEN id=609, [ Capabilities: INTERNET&NOT_RESTRICTED&TRUSTED&NOT_VPN] ]
03-16 17:03:45.584  1522  2204 D ConnectivityService: filterNetworkStateForUid() uid: 1000 networkInfo: [type: WIFI[] - WIFI, state: CONNECTED/CONNECTED, reason: (unspecified), extra: "VW-Mobvoi", failover: false, available: true, roaming: false]
03-16 17:03:45.585  1522  2209 D ConnectivityService:  sending notification for NetworkRequest [ LISTEN id=704, [ Transports: WIFI Capabilities: NOT_RESTRICTED&TRUSTED&NOT_VPN&FOREGROUND] ]
03-16 17:03:45.585  1522  2204 D ConnectivityService: filterNetworkStateForUid() uid: 1000 networkInfo: [type: WIFI[] - WIFI, state: CONNECTED/CONNECTED, reason: (unspecified), extra: "VW-Mobvoi", failover: false, available: true, roaming: false]
03-16 17:03:45.585  1522  2209 D ConnectivityService: sending notification CALLBACK_CAP_CHANGED for NetworkRequest [ LISTEN id=704, [ Transports: WIFI Capabilities: NOT_RESTRICTED&TRUSTED&NOT_VPN&FOREGROUND] ]
03-16 17:03:45.585  1522  2209 D ConnectivityService:  sending notification for NetworkRequest [ LISTEN id=705, [ Transports: WIFI Capabilities: NOT_RESTRICTED&TRUSTED&NOT_VPN&FOREGROUND] ]
03-16 17:03:45.585  1522  2209 D ConnectivityService: sending notification CALLBACK_CAP_CHANGED for NetworkRequest [ LISTEN id=705, [ Transports: WIFI Capabilities: NOT_RESTRICTED&TRUSTED&NOT_VPN&FOREGROUND] ]
03-16 17:03:45.585  1522  2209 D ConnectivityService:  sending notification for NetworkRequest [ LISTEN id=706, [ Transports: WIFI Capabilities: NOT_RESTRICTED&TRUSTED&NOT_VPN&FOREGROUND] ]
03-16 17:03:45.585  1522  2209 D ConnectivityService: sending notification CALLBACK_CAP_CHANGED for NetworkRequest [ LISTEN id=706, [ Transports: WIFI Capabilities: NOT_RESTRICTED&TRUSTED&NOT_VPN&FOREGROUND] ]
03-16 17:03:45.586  1522  2209 D ConnectivityService:  sending notification for NetworkRequest [ LISTEN id=707, [ Capabilities: INTERNET&NOT_RESTRICTED&TRUSTED] ]
03-16 17:03:45.586  1522  2209 D ConnectivityService: sending notification CALLBACK_CAP_CHANGED for NetworkRequest [ LISTEN id=707, [ Capabilities: INTERNET&NOT_RESTRICTED&TRUSTED] ]
03-16 17:03:45.593  1522  2204 D ConnectivityService: filterNetworkStateForUid() uid: 10183 networkInfo: [type: WIFI[] - WIFI, state: DISCONNECTED/BLOCKED, reason: (unspecified), extra: (none), failover: false, available: true, roaming: false]
03-16 17:03:45.593  1522  3094 D ConnectivityService: filterNetworkStateForUid() uid: 10037 networkInfo: [type: WIFI[] - WIFI, state: CONNECTED/CONNECTED, reason: (unspecified), extra: "VW-Mobvoi", failover: false, available: true, roaming: false]
03-16 17:03:45.593  1522  2204 D ConnectivityService: filterNetworkStateForUid() uid: 5009 networkInfo: [type: WIFI[] - WIFI, state: CONNECTED/CONNECTED, reason: (unspecified), extra: "VW-Mobvoi", failover: false, available: true, roaming: false]
03-16 17:03:45.594  1522  2204 D ConnectivityService: filterNetworkStateForUid() uid: 10061 networkInfo: [type: WIFI[] - WIFI, state: CONNECTED/CONNECTED, reason: (unspecified), extra: "VW-Mobvoi", failover: false, available: true, roaming: false]
03-16 17:03:45.594  1522  2204 D ConnectivityService: filterNetworkStateForUid() uid: 5009 networkInfo: [type: WIFI[] - WIFI, state: CONNECTED/CONNECTED, reason: (unspecified), extra: "VW-Mobvoi", failover: false, available: true, roaming: false]
03-16 17:03:45.594  1522  2204 D ConnectivityService: filterNetworkStateForUid() uid: 5009 networkInfo: [type: WIFI[] - WIFI, state: CONNECTED/CONNECTED, reason: (unspecified), extra: "VW-Mobvoi", failover: false, available: true, roaming: false]
03-16 17:03:45.594  1522  2204 D ConnectivityService: filterNetworkStateForUid() uid: 5017 networkInfo: [type: WIFI[] - WIFI, state: CONNECTED/CONNECTED, reason: (unspecified), extra: "VW-Mobvoi", failover: false, available: true, roaming: false]
03-16 17:03:45.595  1522  2204 D ConnectivityService: filterNetworkStateForUid() uid: 5009 networkInfo: [type: WIFI[] - WIFI, state: CONNECTED/CONNECTED, reason: (unspecified), extra: "VW-Mobvoi", failover: false, available: true, roaming: false]
03-16 17:03:45.595  1522  2204 D ConnectivityService: filterNetworkStateForUid() uid: 1001 networkInfo: [type: WIFI[] - WIFI, state: CONNECTED/CONNECTED, reason: (unspecified), extra: "VW-Mobvoi", failover: false, available: true, roaming: false]
03-16 17:03:45.595  1522  2204 D ConnectivityService: filterNetworkStateForUid() uid: 10031 networkInfo: [type: WIFI[] - WIFI, state: CONNECTED/CONNECTED, reason: (unspecified), extra: "VW-Mobvoi", failover: false, available: true, roaming: false]
03-16 17:03:45.596  1522  2204 D ConnectivityService: filterNetworkStateForUid() uid: 10031 networkInfo: [type: WIFI[] - WIFI, state: CONNECTED/CONNECTED, reason: (unspecified), extra: "VW-Mobvoi", failover: false, available: true, roaming: false]
03-16 17:03:45.596  1522  2204 D ConnectivityService: filterNetworkStateForUid() uid: 10037 networkInfo: [type: WIFI[] - WIFI, state: CONNECTED/CONNECTED, reason: (unspecified), extra: "VW-Mobvoi", failover: false, available: true, roaming: false]
03-16 17:03:45.596  1522  2204 D ConnectivityService: filterNetworkStateForUid() uid: 5009 networkInfo: [type: WIFI[] - WIFI, state: CONNECTED/CONNECTED, reason: (unspecified), extra: "VW-Mobvoi", failover: false, available: true, roaming: false]
03-16 17:03:45.597  1522  2204 D ConnectivityService: filterNetworkStateForUid() uid: 5009 networkInfo: [type: WIFI[] - WIFI, state: CONNECTED/CONNECTED, reason: (unspecified), extra: "VW-Mobvoi", failover: false, available: true, roaming: false]
03-16 17:03:45.598  1522  2204 D ConnectivityService: filterNetworkStateForUid() uid: 10031 networkInfo: [type: WIFI[] - WIFI, state: CONNECTED/CONNECTED, reason: (unspecified), extra: "VW-Mobvoi", failover: false, available: true, roaming: false]
03-16 17:03:45.598  1522  2204 D ConnectivityService: filterNetworkStateForUid() uid: 10031 networkInfo: [type: WIFI[] - WIFI, state: CONNECTED/CONNECTED, reason: (unspecified), extra: "VW-Mobvoi", failover: false, available: true, roaming: false]
03-16 17:03:45.598  1522  2204 D ConnectivityService: filterNetworkStateForUid() uid: 10061 networkInfo: [type: WIFI[] - WIFI, state: CONNECTED/CONNECTED, reason: (unspecified), extra: "VW-Mobvoi", failover: false, available: true, roaming: false]
03-16 17:03:45.599  1522  2204 D ConnectivityService: filterNetworkStateForUid() uid: 5017 networkInfo: [type: WIFI[] - WIFI, state: CONNECTED/CONNECTED, reason: (unspecified), extra: "VW-Mobvoi", failover: false, available: true, roaming: false]
03-16 17:03:45.599  1522  2204 D ConnectivityService: filterNetworkStateForUid() uid: 1000 networkInfo: [type: WIFI[] - WIFI, state: CONNECTED/CONNECTED, reason: (unspecified), extra: "VW-Mobvoi", failover: false, available: true, roaming: false]
03-16 17:03:45.865   567   628 I Finsky  : [6917] com.google.android.finsky.bp.ab.run(5): Stats for Executor: BlockingExecutor com.google.android.finsky.bp.ac@a3b7bf7[Running, pool size = 0, active threads = 0, queued tasks = 0, completed tasks = 0]
03-16 17:03:45.866   567   628 I Finsky  : [6917] com.google.android.finsky.bp.ab.run(5): Stats for Executor: LightweightExecutor com.google.android.finsky.bp.ac@3233a64[Running, pool size = 1, active threads = 0, queued tasks = 0, completed tasks = 1]
03-16 17:03:45.950  1522  2180 D WifiTrafficPoller: TrafficStats TxPkts=2141492 RxPkts=2678250 TxBytes=666683283 RxBytes=3028576041 , Foreground uid=10088 pkgName=com.sec.android.app.launcher txBytes=0 rxBytes=0
03-16 17:03:46.203  1522  1522 D PreBindingService: handleMessage : 1
03-16 17:03:46.209  1522  1522 D PreBindingService: needToKeepBinding: match not found
03-16 17:03:46.209  1522  1522 D PreBindingService: handleMessage : 1
03-16 17:03:46.211  1522  1522 D PreBindingService: needToKeepBinding: match not found
03-16 17:03:46.237  1522  1522 D PreBindingService: handleMessage : 1
03-16 17:03:46.241  1522  1522 D PreBindingService: needToKeepBinding: match not found
03-16 17:03:46.250  1522  1522 D PreBindingService: handleMessage : 1
03-16 17:03:46.252  1522  1522 D PreBindingService: needToKeepBinding: match not found
03-16 17:03:46.254  1522  1522 D PreBindingService: handleMessage : 1
03-16 17:03:46.256  1522  1522 D PreBindingService: needToKeepBinding: match not found
03-16 17:03:46.581  1522  2209 D ConnectivityService: updateCapabilities: oldCap = [ Transports: WIFI Capabilities: NOT_METERED&INTERNET&NOT_RESTRICTED&TRUSTED&NOT_VPN&VALIDATED&FOREGROUND LinkUpBandwidth>=1048576Kbps LinkDnBandwidth>=1048576Kbps SignalStrength: -64], newCap = [ Transports: WIFI Capabilities: NOT_METERED&INTERNET&NOT_RESTRICTED&TRUSTED&NOT_VPN LinkUpBandwidth>=1048576Kbps LinkDnBandwidth>=1048576Kbps SignalStrength: -62]
03-16 17:03:46.582  1522  2209 D ConnectivityService: notifyType CALLBACK_CAP_CHANGED for NetworkAgentInfo [WIFI () - 603]
03-16 17:03:46.582  1522  2209 D ConnectivityService:  sending notification for NetworkRequest [ REQUEST id=1, [ Capabilities: INTERNET&NOT_RESTRICTED&TRUSTED&NOT_VPN] ]
03-16 17:03:46.582  1522  2209 D ConnectivityService:  sending notification for NetworkRequest [ TRACK_DEFAULT id=3, [ Capabilities: INTERNET&NOT_RESTRICTED&TRUSTED&NOT_VPN] ]
03-16 17:03:46.583  1522  2209 D ConnectivityService: sending notification CALLBACK_CAP_CHANGED for NetworkRequest [ TRACK_DEFAULT id=3, [ Capabilities: INTERNET&NOT_RESTRICTED&TRUSTED&NOT_VPN] ]
03-16 17:03:46.583  1522  2209 D ConnectivityService:  sending notification for NetworkRequest [ LISTEN id=5, [ Transports: WIFI Capabilities: INTERNET&NOT_RESTRICTED&TRUSTED&NOT_VPN] ]
03-16 17:03:46.583  1522  2209 D ConnectivityService: sending notification CALLBACK_CAP_CHANGED for NetworkRequest [ LISTEN id=5, [ Transports: WIFI Capabilities: INTERNET&NOT_RESTRICTED&TRUSTED&NOT_VPN] ]
03-16 17:03:46.583  1522  2209 D ConnectivityService:  sending notification for NetworkRequest [ LISTEN id=6, [ Capabilities: NOT_RESTRICTED&TRUSTED&NOT_VPN] ]
03-16 17:03:46.583  1522  2209 D ConnectivityService: sending notification CALLBACK_CAP_CHANGED for NetworkRequest [ LISTEN id=6, [ Capabilities: NOT_RESTRICTED&TRUSTED&NOT_VPN] ]
03-16 17:03:46.584  1522  2209 D ConnectivityService:  sending notification for NetworkRequest [ LISTEN id=7, [ Transports: CELLULAR|WIFI Capabilities: NOT_RESTRICTED&TRUSTED&NOT_VPN] ]
03-16 17:03:46.584  1522  2209 D ConnectivityService: sending notification CALLBACK_CAP_CHANGED for NetworkRequest [ LISTEN id=7, [ Transports: CELLULAR|WIFI Capabilities: NOT_RESTRICTED&TRUSTED&NOT_VPN] ]
03-16 17:03:46.584  1522  2209 D ConnectivityService:  sending notification for NetworkRequest [ LISTEN id=8, [] ]
03-16 17:03:46.584  1522  2209 D ConnectivityService: sending notification CALLBACK_CAP_CHANGED for NetworkRequest [ LISTEN id=8, [] ]
03-16 17:03:46.584  1522  2209 D ConnectivityService:  sending notification for NetworkRequest [ TRACK_DEFAULT id=9, [ Capabilities: INTERNET&NOT_RESTRICTED&TRUSTED&NOT_VPN] ]
