03-16 17:03:36.307 31995 31995 W System.err: 	at android.app.ActivityThread.-wrap5(Unknown Source:0)
03-16 17:03:36.307 31995 31995 W System.err: 	at android.app.ActivityThread$H.handleMessage(ActivityThread.java:1784)
03-16 17:03:36.307 31995 31995 W System.err: 	at android.os.Handler.dispatchMessage(Handler.java:106)
03-16 17:03:36.307 31995 31995 W System.err: 	at android.os.Looper.loop(Looper.java:164)
03-16 17:03:36.307 31995 31995 W System.err: 	at android.app.ActivityThread.main(ActivityThread.java:7002)
03-16 17:03:36.307 31995 31995 W System.err: 	at java.lang.reflect.Method.invoke(Native Method)
03-16 17:03:36.307 31995 31995 W System.err: 	at com.android.internal.os.RuntimeInit$MethodAndArgsCaller.run(RuntimeInit.java:441)
03-16 17:03:36.307 31995 31995 W System.err: 	at com.android.internal.os.ZygoteInit.main(ZygoteInit.java:1408)
03-16 17:03:36.308 31995 31995 D ViewRootImpl@79a5829[UsbModeChooserActivity]: dispatchDetachedFromWindow
03-16 17:03:36.308 31995 31995 D InputEventReceiver: channel '683fc02 com.android.settings/com.android.settings.deviceinfo.UsbModeChooserActivity (client)' ~ Disposing input event receiver.
03-16 17:03:36.308 31995 31995 D InputEventReceiver: channel '683fc02 com.android.settings/com.android.settings.deviceinfo.UsbModeChooserActivity (client)' ~NativeInputEventReceiver.
03-16 17:03:36.311  1522  2540 D InputTransport: Input channel destroyed: fd=471
03-16 17:03:36.312 31995 31995 D InputTransport: Input channel destroyed: fd=103
03-16 17:03:36.313  1522  2540 D TaskSnapshotCache: removeRunningEntry taskId=1769 RunningCache size=2
03-16 17:03:36.314  1522  2540 D ActivityManager: setTask() : Task is set by null callers=com.android.server.am.TaskRecord.removeActivity:1869 com.android.server.am.ActivityStack.removeActivityFromHistoryLocked:5309 com.android.server.am.ActivityStack.activityDestroyedLocked:5594 com.android.server.am.ActivityManagerService.activityDestroyed:10076  taskId=1769
03-16 17:03:36.334  1522  2540 I ActivityManager: Process com.samsung.android.MtpApplication (pid 1525) has died: fore SVC (1100,2049)
03-16 17:03:36.335  2725 23632 D ForegroundUtils: could not check pending caller
03-16 17:03:36.338  1522  1559 D UsbDeviceManager: handleMessage -> MSG_ENABLE_ADB = 0
03-16 17:03:36.338  1522  1559 D UsbDeviceManager: setAdbEnabled: false (mAdbEnabled = true)
03-16 17:03:36.342  1522  1554 I zygote64: Successfully killed process cgroup uid 1000 pid 1525 in 8ms
03-16 17:03:36.347  1522  1559 D UsbDeviceManager: setEnabledFunctions functions=sec_charging,adb, forceRestart=true, usbDataUnlocked=true
03-16 17:03:36.347  1522  1559 D SecContentProvider: query(), uri = 17 selection = isUsbDebuggingEnabled
03-16 17:03:36.347  1522  1559 D SecContentProvider: called from android.uid.system:1000
03-16 17:03:36.348  1522  1559 D RestrictionPolicy: isUsbDebuggingEnabled : true
03-16 17:03:36.348  1522  1559 D UsbDeviceManager: policy : adb, restrict(allow) = true
03-16 17:03:36.348  1522  1559 D UsbDeviceManager: setEnabledFunctions sec_charging,adb
03-16 17:03:36.348  1522  1559 D UsbDeviceManager: oemFunctions is [sec_charging], functions is [sec_charging]
03-16 17:03:36.348  1522  1559 I UsbDeviceManager: Setting USB config [sec_charging,adb] to [sec_charging]
03-16 17:03:36.348  1522  1559 D UsbDeviceManager: setUsbConfig(none)
03-16 17:03:36.350  1522  1559 D UsbDeviceManager: waitForState NORMAL MODE wait Loop Count[30]
03-16 17:03:36.373  2397 23944 D SystemServicesProxy: updateOverviewLastStackActiveTimeAsync: newTime=1552726878337
03-16 17:03:36.374  1522  2541 D SecContentProvider: query(), uri = 17 selection = isSettingsChangesAllowed
03-16 17:03:36.374  1522  2541 D SecContentProvider: called from android.uid.systemui:10004
03-16 17:03:36.374  1522  2541 D RestrictionPolicy: isSettingsChangesAllowedAsUser, userId 0 : true
03-16 17:03:36.375  2397  2577 D SystemServicesProxy: updateOverviewLastStackActiveTimeAsync: done.
03-16 17:03:36.400  1522  1559 D UsbDeviceManager: setUsbConfig(sec_charging)
03-16 17:03:36.401  1522  1559 D UsbDeviceManager: waitForState NORMAL MODE wait Loop Count[30]
03-16 17:03:36.403   694  1518 D audio_hw_primary: out_standby: enter: stream (0xe75e5000) usecase(0: deep-buffer-playback)
03-16 17:03:36.437  1522  2135 D MdnieScenarioControlService:  packageName : com.vmmobvoi.karl.client    className : com.vmmobvoi.karl.client.MainActivity
03-16 17:03:36.437  1522  2135 V MdnieScenarioControlService: setUIMode from UI function(3)
03-16 17:03:36.526  1522  2074 E WindowManager: win=Window{474e1aa u0 com.android.settings/com.android.settings.deviceinfo.UsbModeChooserActivity EXITING} destroySurfaces: appStopped=false win.mWindowRemovalAllowed=true win.mRemoveOnExit=true win.mViewVisibility=0, caller=com.android.server.wm.AppWindowToken.destroySurfaces:748 com.android.server.wm.AppWindowToken.destroySurfaces:732 com.android.server.wm.WindowState.onExitAnimationDone:5505 com.android.server.wm.WindowStateAnimator.stepAnimationLocked:553 com.android.server.wm.DisplayContent.lambda$-com_android_server_wm_DisplayContent_21292:465 
03-16 17:03:36.526  1522  2074 I WindowManager: Destroying surface #2ee6efe: Surface(name=com.android.settings/com.android.settings.deviceinfo.UsbModeChooserActivity) called by com.android.server.wm.WindowStateAnimator.destroySurface:2617 com.android.server.wm.WindowStateAnimator.destroySurfaceLocked:1026 com.android.server.wm.WindowState.destroyOrSaveSurfaceUnchecked:3803 com.android.server.wm.WindowState.destroySurface:3749 com.android.server.wm.AppWindowToken.destroySurfaces:748 com.android.server.wm.AppWindowToken.destroySurfaces:732 com.android.server.wm.WindowState.onExitAnimationDone:5505 com.android.server.wm.WindowStateAnimator.stepAnimationLocked:553 
03-16 17:03:36.526   738  2148 I SurfaceFlinger: id=8370 Removed com.android.settings/com.android.settings.deviceinfo.UsbModeChooserActivity[31995]#0 (6/11)
03-16 17:03:36.531   738   738 I SurfaceFlinger: Display 0 HWC layers:
03-16 17:03:36.531   738   738 I SurfaceFlinger:     type    |    handle    | flag |  format   |   source crop (l,t,r,b)    |         frame       | name 
03-16 17:03:36.531   738   738 I SurfaceFlinger: ------------+--------------+------+-----------+----------------------------+---------------------+------
03-16 17:03:36.531   738   738 I SurfaceFlinger:      Device | 0x78e9d8eb80 | 0002 | RGBA_8888 |   0.0    0.0 1080.0 2220.0 |    0    0 1080 2220 | com.vmmobvoi.karl.client/com.vmmobvoi.karl.client.MainActivity[32419]#0
03-16 17:03:36.531   738   738 I SurfaceFlinger:  SolidColor |              | 0001 |  Unknown  |   0.0    0.0   -1.0   -1.0 |    0    0 1080 2094 | DimLayerController/Stack=0[1522]#0
03-16 17:03:36.531   738   738 I SurfaceFlinger:      Device | 0x78e961e380 | 0000 | RGBA_8888 |   0.0    0.0 1080.0   63.0 |    0    0 1080   63 | StatusBar[2397]#0
03-16 17:03:36.531   738   738 I SurfaceFlinger:      Device | 0x78e961e800 | 0000 | RGBA_8888 |   0.0    0.0   67.0  455.0 |    1  730   68 1185 | com.samsung.android.app.cocktailbars[...]arservice.CocktailBarService[4736]#0
03-16 17:03:36.531   738   738 I SurfaceFlinger:      Device | 0x78ec288c00 | 0000 | RGBA_8888 |   0.0    0.0 1080.0  126.0 |    0 2094 1080 2220 | NavigationBar[2397]#0
03-16 17:03:36.531   738   738 I SurfaceFlinger: 
03-16 17:03:36.533   738  2148 I SurfaceFlinger: id=8370 Removed com.android.settings/com.android.settings.deviceinfo.UsbModeChooserActivity[31995]#0 (-2/11)
03-16 17:03:36.535   694  1518 D audio_hw_primary: disable_audio_route: reset and update mixer path: deep-buffer-playback speaker
03-16 17:03:36.535   694  1518 D audio_route: Setting mixer control: QUAT_MI2S_RX Audio Mixer MultiMedia1, value: 0
03-16 17:03:36.536   694  1518 D soundtrigger: audio_extn_sound_trigger_update_stream_status: uc_id 0 of type 0 for Event 2, with Raise=0
03-16 17:03:36.536   694  1518 D hardware_info: hw_info_append_hw_type : device_name = speaker
03-16 17:03:36.536   694  1518 D audio_hw_primary: disable_snd_device: snd_device(2: dual-speaker)
03-16 17:03:36.536   694  1518 V audio_hw_sec: [MAXIM] sec_dsm_spkr_prot_control_tx_topology() enable:0, dsm_is_enabled:1
03-16 17:03:36.539  1522  2135 I SemMdnieManagerService: setContentMode : 0
03-16 17:03:36.539  1522  2135 V MdnieScenarioControlService: Calling MdnieManager API(setContentMode(0))
03-16 17:03:36.539  1522  2135 D SemDisplaySolutionManagerService: uid : 1000 , pid : 1522 , name : hdr_effect_off
03-16 17:03:36.539  1522  2135 D SemDisplaySolutionManagerService: where : application what : DEFAULT setScreenBrightnessScaleFactor(-1.0)
03-16 17:03:36.539  1522  2135 D PowerManagerService: [api] setScreenBrightnessScaleFactor: scaleFactor: -1.0 (uid: 1000 pid: 1522)
03-16 17:03:36.540  1522  2135 D SemDisplaySolutionManagerService: setMultipleScreenBrightness , application, DEFAULT, -1.0
03-16 17:03:36.540  1522  2135 V MdnieScenarioControlService: Calling SemDisplaySolutionManager API(setMultipleScreenBrightness(0)
03-16 17:03:36.540  1522  2135 V MdnieScenarioControlService: setUIMode from UI function
03-16 17:03:36.542   738   738 I Layer   : id=8370 onRemoved com.android.settings/com.android.settings.deviceinfo.UsbModeChooserActivity[31995]#0 
03-16 17:03:36.548   738   738 I SurfaceFlinger: Display 0 HWC layers:
03-16 17:03:36.548   738   738 I SurfaceFlinger:     type    |    handle    | flag |  format   |   source crop (l,t,r,b)    |         frame       | name 
03-16 17:03:36.548   738   738 I SurfaceFlinger: ------------+--------------+------+-----------+----------------------------+---------------------+------
03-16 17:03:36.548   738   738 I SurfaceFlinger:      Device | 0x78e9d8eb80 | 0002 | RGBA_8888 |   0.0    0.0 1080.0 2220.0 |    0    0 1080 2220 | com.vmmobvoi.karl.client/com.vmmobvoi.karl.client.MainActivity[32419]#0
03-16 17:03:36.548   738   738 I SurfaceFlinger:      Device | 0x78e961e380 | 0000 | RGBA_8888 |   0.0    0.0 1080.0   63.0 |    0    0 1080   63 | StatusBar[2397]#0
03-16 17:03:36.548   738   738 I SurfaceFlinger:      Device | 0x78e961e800 | 0000 | RGBA_8888 |   0.0    0.0   67.0  455.0 |    1  730   68 1185 | com.samsung.android.app.cocktailbars[...]arservice.CocktailBarService[4736]#0
03-16 17:03:36.548   738   738 I SurfaceFlinger:      Device | 0x78ec288c00 | 0000 | RGBA_8888 |   0.0    0.0 1080.0  126.0 |    0 2094 1080 2220 | NavigationBar[2397]#0
03-16 17:03:36.548   738   738 I SurfaceFlinger: 
03-16 17:03:36.553   694  1518 D hardware_info: hw_info_append_hw_type : device_name = vi-feedback
03-16 17:03:36.553   694  1518 D audio_hw_primary: disable_snd_device: snd_device(266: vi-feedback)
03-16 17:03:36.553   694  1518 I soundtrigger: audio_extn_sound_trigger_update_device_status: device 0x10a of type 1 for Event 0, with Raise=0
03-16 17:03:36.553   694  1518 D audio_hw_primary: disable_audio_route: reset and update mixer path: spkr-vi-feedback
03-16 17:03:36.553   694  1518 D audio_route: Setting mixer control: MultiMedia2 Mixer QUAT_MI2S_TX, value: 0
03-16 17:03:36.554   694  1518 D soundtrigger: audio_extn_sound_trigger_update_stream_status: uc_id 64 of type 1 for Event 2, with Raise=0
03-16 17:03:36.554   694  1518 V audio_hw_sec: [MAXIM] sec_dsm_spkr_prot_control_tx_topology() dsm disabled
03-16 17:03:36.554   694  1518 D audio_route: Setting mixer control: One Stop Mode, value: 3
03-16 17:03:36.554   694  1518 I soundtrigger: audio_extn_sound_trigger_update_device_status: device 0x2 of type 0 for Event 0, with Raise=0
03-16 17:03:36.554   694  1518 D audio_hw_primary: out_standby: exit
03-16 17:03:36.558  1522  2136 D AllAroundSensingService: packageName : com.vmmobvoi.karl.client    className : com.vmmobvoi.karl.client.MainActivity
03-16 17:03:36.558  1522  2136 V AllAroundSensingService: setPlatformBrightnessValue 120
03-16 17:03:36.569  4736  4736 I Utils   : isCurrentUser current = 0, ownerId = 0
03-16 17:03:36.569  4736  4736 I TrayVisibilityController: getComputedTrayVisible : keyguardState = 1
03-16 17:03:36.569  4736  4736 I TrayVisibilityController: updateTrayVisible: State=1 visible=1 mCurrentVisible=1 specificMode=0
03-16 17:03:36.569  4736  4736 D TrayStateController: onNotifyUpdateTray: 0 to need to visible? true
03-16 17:03:36.607  1522 11241 D GamePkgDataHelper: getGamePkgDataIncServer(). com.vmmobvoi.karl.client
03-16 17:03:36.608  1522 11241 D GameManagerService: identifyGamePackage. com.vmmobvoi.karl.client
03-16 17:03:36.608  1522 11241 D GamePkgDataHelper: getGamePkgData(). com.vmmobvoi.karl.client
03-16 17:03:36.608  1522 11241 D GameManagerService: identifyGamePackage. com.vmmobvoi.karl.client
03-16 17:03:36.608  1522 11241 D GamePkgDataHelper: getGamePkgData(). com.vmmobvoi.karl.client
03-16 17:03:36.609  1522 11241 D GamePkgDataHelper: getSosPolicy(). com.vmmobvoi.karl.client
03-16 17:03:36.609  1522 11241 D GameManagerService: identifyGamePackage. com.vmmobvoi.karl.client
03-16 17:03:36.609  1522 11241 D GamePkgDataHelper: getGamePkgData(). com.vmmobvoi.karl.client
03-16 17:03:36.611  1522 11241 D GameManagerService: identifyGamePackage. com.vmmobvoi.karl.client
03-16 17:03:36.611  1522 11241 D GamePkgDataHelper: getGamePkgData(). com.vmmobvoi.karl.client
03-16 17:03:36.613  1522 11241 D GameManagerService: identifyGamePackage. com.vmmobvoi.karl.client
03-16 17:03:36.613  1522 11241 D GamePkgDataHelper: getGamePkgData(). com.vmmobvoi.karl.client
03-16 17:03:36.614  1522 11241 D GameManagerService: identifyGamePackage. com.vmmobvoi.karl.client
03-16 17:03:36.614  1522 11241 D GamePkgDataHelper: getGamePkgData(). com.vmmobvoi.karl.client
03-16 17:03:36.718  1522  2180 D WifiTrafficPoller: TrafficStats TxPkts=2141492 RxPkts=2678250 TxBytes=666683283 RxBytes=3028576041 , Foreground uid=10405 pkgName=com.vmmobvoi.karl.client txBytes=0 rxBytes=0
03-16 17:03:36.763  1522  1695 D TspStateManagerInternal: update cmd=set_grip_data,1,40,10,10,0
03-16 17:03:36.775  1522  2074 E WindowManager: win=Window{683fc02 u0 com.android.settings/com.android.settings.deviceinfo.UsbModeChooserActivity EXITING} destroySurfaces: appStopped=false win.mWindowRemovalAllowed=true win.mRemoveOnExit=true win.mViewVisibility=8, caller=com.android.server.wm.AppWindowToken.destroySurfaces:748 com.android.server.wm.AppWindowToken.destroySurfaces:732 com.android.server.wm.WindowState.onExitAnimationDone:5505 com.android.server.wm.AppWindowAnimator.stepAnimationLocked:517 com.android.server.wm.TaskStack.stepAppWindowsAnimation:2018 
03-16 17:03:36.776  1522  2074 I WindowManager: Destroying surface #bcad65f: Surface(name=com.android.settings/com.android.settings.deviceinfo.UsbModeChooserActivity) called by com.android.server.wm.WindowStateAnimator.destroySurface:2617 com.android.server.wm.WindowStateAnimator.destroySurfaceLocked:1026 com.android.server.wm.WindowState.destroyOrSaveSurfaceUnchecked:3803 com.android.server.wm.WindowState.destroySurface:3749 com.android.server.wm.AppWindowToken.destroySurfaces:748 com.android.server.wm.AppWindowToken.destroySurfaces:732 com.android.server.wm.WindowState.onExitAnimationDone:5505 com.android.server.wm.AppWindowAnimator.stepAnimationLocked:517 
03-16 17:03:36.776   738  2148 I SurfaceFlinger: id=8371 Removed com.android.settings/com.android.settings.deviceinfo.UsbModeChooserActivity[31995]#1 (4/10)
03-16 17:03:36.781   738  2148 I SurfaceFlinger: id=8371 Removed com.android.settings/com.android.settings.deviceinfo.UsbModeChooserActivity[31995]#1 (-2/10)
03-16 17:03:36.783  1522  2088 V UsbDeviceManager: onUEvent(Device Cable) : {SUBSYSTEM=android_usb, SEQNUM=480277, ACTION=change, USB_STATE=CONNECTED, DEVPATH=/devices/virtual/android_usb/android0}
03-16 17:03:36.783  1522  2088 D SecContentProvider: insert(), uri = 2
03-16 17:03:36.784  1522  2088 D SecContentProvider: called from android.uid.system:1000
03-16 17:03:36.784  1522  2088 D UsbDeviceManager: updateState( CONNECTED )
03-16 17:03:36.792   738   738 I Layer   : id=8371 onRemoved com.android.settings/com.android.settings.deviceinfo.UsbModeChooserActivity[31995]#1 
03-16 17:03:36.883  1522  2088 V UsbDeviceManager: onUEvent(Device Cable) : {SUBSYSTEM=android_usb, SEQNUM=480278, ACTION=change, USB_STATE=CONNECTED, DEVPATH=/devices/virtual/android_usb/android0}
03-16 17:03:36.883  1522  2088 D SecContentProvider: insert(), uri = 2
03-16 17:03:36.884  1522  2088 D SecContentProvider: called from android.uid.system:1000
03-16 17:03:36.884  1522  2088 D UsbDeviceManager: updateState( CONNECTED )
03-16 17:03:36.895  1522  2088 V UsbDeviceManager: onUEvent(Device Cable) : {SUBSYSTEM=android_usb, SEQNUM=480279, ACTION=change, USB_STATE=CONFIGURED, DEVPATH=/devices/virtual/android_usb/android0}
03-16 17:03:36.895  1522  2088 D SecContentProvider: insert(), uri = 2
03-16 17:03:36.895  1522  2088 D SecContentProvider: called from android.uid.system:1000
03-16 17:03:36.896  1522  2088 D UsbDeviceManager: updateState( CONFIGURED )
03-16 17:03:37.050  1522  1522 D PreBindingService: handleMessage : 1
03-16 17:03:37.052  1522  1522 D PreBindingService: needToKeepBinding: match not found
03-16 17:03:37.251  1522  1559 W zygote64: Long monitor contention with owner UsbDebuggingManager (32069) at void java.lang.Thread.sleep(java.lang.Object, long, int)(Thread.java:-2) waiters=0 in void com.android.server.usb.UsbDebuggingManager$UsbDebuggingThread.stopListening() for 800ms
03-16 17:03:37.252  1522 32069 D UsbDebuggingManager: Closing socket
03-16 17:03:37.252  1522  1559 D UsbDebuggingManager: Closing socket
03-16 17:03:37.252  1522  1559 D UsbDeviceManager: handleMessage -> MSG_UPDATE_STATE connected = 1,configured = 1
03-16 17:03:37.252  1522  1559 D UsbDeviceManager: updateUsbNotification(false) : mConnected = true, mConfigured = true, mCurrentFunctions = sec_charging, mHostConnected = false, mSupportDualRole = true, mSourcePower = false
03-16 17:03:37.253  1522  1559 D UsbDeviceManager: mps exists
03-16 17:03:37.253  1522  1559 D UsbDeviceManager: updateUsbNotification : mCurrentFunctions is [SEC CHARGING]
03-16 17:03:37.253  1522  1559 D UsbDeviceManager: id=32, mUsbNotificationId=27, titleRes=17042105
03-16 17:03:37.253  1522  1559 D UsbDeviceManager: updateUsbNotification : cancel id = 27
03-16 17:03:37.253  1522  1522 D EdgeLightingManager: isCallingUserSupported : callingUserId=-1, mUserId=0, isDualAppId=false
03-16 17:03:37.254  1522  1522 D LightsService: [api] [SvcLED] turnOff:: id = 4 (uid: 1000 pid: 1522) 
03-16 17:03:37.254  1522  1522 D PowerManagerUtil: fileWriteString to /sys/power/wake_lock, LightsService
03-16 17:03:37.254  1522  1522 D LightsService: [SvcLED] setSvcLedStateLocked:: SvcLEDState : 0x0 -> 0x0 | SvcLED(id=4) set Off
03-16 17:03:37.254  1522  1570 D LightsService: [SvcLED] handleForcedSvcLEDTask()
03-16 17:03:37.254  1522  1570 D LightsService: [SvcLED]  setSvcLedLightLocked :: Current SvcLED(id=3) maintains its priority right
03-16 17:03:37.254  1522  1570 D PowerManagerUtil: fileWriteString to /sys/power/wake_unlock, LightsService
03-16 17:03:37.254  1522  1559 D ApplicationPolicy: isStatusBarNotificationAllowedAsUser: packageName = android,userId = -1
03-16 17:03:37.254  1522  1559 D API test: getContainerInfo: value is 
03-16 17:03:37.254  1522  1559 D ApplicationPolicy: isStatusBarNotificationAllowedAsUser: packageName = android,userId = 0
03-16 17:03:37.254  1522  1559 D API test: getContainerInfo: value is 
03-16 17:03:37.256  1522  1559 D UsbDeviceManager: updateUsbNotification : notify id = 32, title = USB 
03-16 17:03:37.256  1522  1559 I UsbDeviceManager: update state true true
03-16 17:03:37.256  1522  1522 D EdgeLightingManager: isCallingUserSupported : callingUserId=-1, mUserId=0, isDualAppId=false
03-16 17:03:37.256  1522  1522 D AudioService: isEnabled
03-16 17:03:37.257  1522  1559 D UsbDeviceManager: broadcasting Intent { act=android.hardware.usb.action.USB_STATE flg=0x31000000 (has extras) } extras: Bundle[{host_connected=false, connected=true, unlocked=true, config_changed=false, sec_charging=true, configured=true}] connected: true configured: true
03-16 17:03:37.257  1522  1522 D AudioService: getStreamVolume 5 index 110
03-16 17:03:37.258  1522  1559 D UsbDeviceManager: sending intent : ACTION_USB_STATE : connected = true, configured = true, functions = sec_charging, mCurrentFunctions = sec_charging, mHostConnected = false, configChanged = false
03-16 17:03:37.263  1522  3023 D CustomFrequencyManagerService: releaseDVFSLockLocked : Getting Lock type frm List : DVFS_MIN_LIMIT  frequency : 1612800  uid : 1000  pid : 1522  tag : AMS_ACT_RESUME@CPU_MIN@79
03-16 17:03:37.263 31995  1696 D SharedPreferencesLogger: Tried to log string preference development.DevelopmentSettings/select_usb_configuration = none
03-16 17:03:37.264  1522  3023 D ActivityManagerPerformance: AMP_release() ACT_RESUME
03-16 17:03:37.264  1522  3352 D StorageManagerService: getExternalStorageMountMode : 1
03-16 17:03:37.264  1522  3352 D StorageManagerService: getExternalStorageMountMode : 3
03-16 17:03:37.264  1522  3352 D StorageManagerService: getExternalStorageMountMode : final mountMode=1, uid : 1000, packageName : com.samsung.android.MtpApplication
03-16 17:03:37.265  1522  3352 I ApplicationPolicy: isApplicationExternalStorageWhitelisted:com.samsung.android.MtpApplication user:0
03-16 17:03:37.265  1522  3352 D ApplicationPolicy: isApplicationExternalStorageWhitelisted: DO is not enabled on user 0. Allowed.
03-16 17:03:37.265  1522  3352 D ActivityManager: package  com.samsung.android.MtpApplication, user - 0 is SDcard whitelisted
03-16 17:03:37.265  1522  3352 I ApplicationPolicy: isApplicationExternalStorageBlacklisted:com.samsung.android.MtpApplication user:0
03-16 17:03:37.265  1522  3352 D ApplicationPolicy: isApplicationExternalStorageBlacklisted: DO is not enabled on user 0. Allowed.
03-16 17:03:37.266  1522  3094 D AODManagerService: updateNotificationKeysInternal() return : same [0] 
03-16 17:03:37.278  2397  2397 D StatusBar: addNotification key=-1|android|32|null|1000 fullscreen:false
03-16 17:03:37.290  1522  3352 I ActivityManager: Start proc 1697:com.samsung.android.MtpApplication/1000 for broadcast com.samsung.android.MtpApplication/.MtpReceiver
03-16 17:03:37.294  1697  1697 E Zygote  : isWhitelistProcess - Process is Whitelisted
03-16 17:03:37.295  1697  1697 E libpersona: scanKnoxPersonas
03-16 17:03:37.296  1697  1697 E libpersona: Couldn't open the File - /data/system/users/0/personalist.xml - No such file or directory
03-16 17:03:37.298  1697  1697 W SELinux : SELinux selinux_android_compute_policy_index : Policy Index[2],  Con:u:r:zygote:s0 RAM:SEPF_SM-N9600_8.1.0_0007, [-1 -1 -1 -1 0 1]
03-16 17:03:37.299  1697  1697 I SELinux : SELinux: seapp_context_lookup: seinfo=platform, pkgname=com.samsung.android.MtpApplication 
03-16 17:03:37.331  1522  3352 D AODManagerService: updateNotificationKeysInternal() return : same [0] 
03-16 17:03:37.335  1697  1697 D TimaKeyStoreProvider: TimaKeyStore is not enabled: cannot add TimaSignature Service and generateKeyPair Service
03-16 17:03:37.335  1697  1697 D ActivityThread: Added TimaKeyStore provider
03-16 17:03:37.339  1522  3352 I ActivityManager: DSS on for com.samsung.android.MtpApplication and scale is 1.0
03-16 17:03:37.368  1697  1697 D MTPRx   : In MtpReceiverandroid.hardware.usb.action.USB_STATE
03-16 17:03:37.369  1522  3352 D SecContentProvider2: query(), uri = 14 selection = getSealedUsbMassStorageState
03-16 17:03:37.374  1697  1697 I MTPRx   : isCtsappInstalled is  false
03-16 17:03:37.374  1697  1697 I MTPRx   : check value of boot_completed is1
03-16 17:03:37.374  1697  1697 D MTPRx   : in initializeSettingsValues
03-16 17:03:37.377  1697  1697 D MTPRx   :  inside getExternalStorageStatus
03-16 17:03:37.382  1697  1697 D MTPRx   : check booting is completed_sys.boot_completed
03-16 17:03:37.382  1697  1697 D MTPRx   :  inside getExternalStorageStatus
03-16 17:03:37.383  1697  1697 I MTPRx   : value of connected istrue
03-16 17:03:37.383  1697  1697 I MTPRx   : value of configured istrue
03-16 17:03:37.383  1697  1697 I MTPRx   : value of mtpEnabled isfalse
03-16 17:03:37.383  1697  1697 I MTPRx   : value of ptpEnabled isfalse
03-16 17:03:37.383  1697  1697 I MTPRx   : value of sec_charging istrue
03-16 17:03:37.383  1697  1697 I MTPRx   : value of usb_data_unlock istrue
03-16 17:03:37.383  1697  1697 I MTPRx   : value of configChanged isfalse
03-16 17:03:37.383  1697  1697 I MTPRx   : value of hostConnected isfalse
03-16 17:03:37.383  1697  1697 I MTPRx   : Received USB_STATE with sdCardLaunch = 0
03-16 17:03:37.383  1697  1697 D MTPRx   : mFirstTime: false
03-16 17:03:37.389  1697  1697 E MTPJNIInterface: Getting CryptionKey from JAVA
03-16 17:03:37.389  1697  1697 I MTPRx   : currentUserId is 0
03-16 17:03:37.390  1697  1697 I MTPRx   : mtpCurrentGlobalUserId is 0
03-16 17:03:37.390  1697  1697 D MTPRx   : Start observing USB_STATE_MATCH 
03-16 17:03:37.391  1697  1697 E MTPRx   : GUID is invalid
03-16 17:03:37.392  1697  1697 I MTPRx   :  is_dayDreamConnected is false,
03-16 17:03:37.392  1697  1697 D MTPRx   : inside getUsbdebugStatus
03-16 17:03:37.393  1697  1697 I EngineeringModeManager: com.samsung.android.MtpApplication connects to EngineeringModeService.
03-16 17:03:37.393  1697  1697 I EngineeringModeManager: getStatus() is called.
03-16 17:03:37.393  1522  3352 I EngineeringModeService: getStatus() is called. EM20
03-16 17:03:37.393  1522  3352 I EngineeringModeService: mTokenState is EM, pass
03-16 17:03:37.393  1697  1697 I MTPRx   : getUsbdebugStatus is false
03-16 17:03:37.393  1697  1697 E MTPRx   : Phone is locked for first connection. sec_charging : true
03-16 17:03:37.393  1697  1697 E MTPJNIInterface: noti = 12
03-16 17:03:37.394  1697  1697 D MTPRx   : is_Privatemode is NOT 1
03-16 17:03:37.398  1697  1697 I MTPRx   : driverdisplay.trust Status = 4
03-16 17:03:37.400  1697  1697 D MTPRx   : Shared devices keyguard status: 0
03-16 17:03:37.400  1697  1697 D MTPRx   : Sending NORMAL_BOOT to stack
03-16 17:03:37.400  1697  1697 E MTPJNIInterface: noti = 17
03-16 17:03:37.404  1522  3352 D SecContentProvider: query(), uri = 18 selection = isUsbMediaPlayerAvailable
03-16 17:03:37.405  1522  3352 D SecContentProvider: called from android.uid.system:1000
03-16 17:03:37.405  1522  3352 D RestrictionPolicy: isUsbMediaPlayerAvailable : true
03-16 17:03:37.407  1697  1697 D MTPRx   : User is personal
03-16 17:03:37.407  1697  1697 D MTPRx   : else part ... so first time!!!
03-16 17:03:37.407  1697  1697 E MTPPlaObsrvr: inside setContext()
03-16 17:03:37.408  1697  1697 E MTPPlaObsrvr: Inside registerContentObserver
03-16 17:03:37.408  1697  1715 E MTPPlaObsrvr:  inside createplafiles
03-16 17:03:37.423  1697  1697 E MtpService: onCreate.
03-16 17:03:37.425  1697  1697 E MtpService: < MTP > Registering BroadCast receiver :::::
03-16 17:03:37.428  1697  1697 E MtpService: Calling registerBroadCastuserPresentRec() 
03-16 17:03:37.428  1697  1697 E MtpService: < MTP > Registering BroadCast receiver for USER Present:::::
03-16 17:03:37.428  1697  1715 E MTPPlaObsrvr: playlist count is0
03-16 17:03:37.429  1697  1715 E MTPPlaObsrvr:  inside try branch createplafiles
03-16 17:03:37.429  1697  1715 E MTPPlaObsrvr:  inside deleteing plas createplafiles
03-16 17:03:37.431  1608  1608 D NPS_WSSNPS: [] feature init
03-16 17:03:37.432  1697  1697 E MtpService: < MTP > Registering BroadCast registerBroadCastPolicyRec :::::
03-16 17:03:37.434  1697  1697 E MtpService: < MTP > Registering BroadCast registerBroadCastEmergencyRec :::::
03-16 17:03:37.435  1697  1697 E MtpService: onStartCommand.
03-16 17:03:37.438  1697  1697 W MTPRx   : calling native method
03-16 17:03:37.438  1697  1697 E MTPJNIInterface: < MTP > Registering BroadCast receiver :::::
03-16 17:03:37.438  1697  1717 E MtpService: handleMessage. msg= { when=0 what=0 arg1=1 obj=Intent { cmp=com.samsung.android.MtpApplication/.MtpService } target=com.samsung.android.MtpApplication.MtpService$ServiceHandler }
03-16 17:03:37.438  1522  2088 V UsbDeviceManager: onUEvent(Device Cable) : {SUBSYSTEM=misc, MAJOR=10, SEQNUM=480280, ACTION=change, ACCESSORY=START, DEVNAME=usb_accessory, MINOR=35, DEVPATH=/devices/virtual/misc/usb_accessory}
03-16 17:03:37.440  1522  2088 D SecContentProvider: insert(), uri = 2
03-16 17:03:37.440  1522  2088 D SecContentProvider: called from android.uid.system:1000
03-16 17:03:37.442  1522  2088 D UsbDeviceManager: got accessory start
03-16 17:03:37.443  1522  2088 W UsbDeviceManager: startAccessoryMode[0]=Baidu
03-16 17:03:37.443  1522  2088 W UsbDeviceManager: startAccessoryMode[1]=CarLife
03-16 17:03:37.443  1522  2088 W UsbDeviceManager: startAccessoryMode[2]=Baidu CarLife
03-16 17:03:37.443  1522  2088 W UsbDeviceManager: startAccessoryMode[3]=1.0.0
03-16 17:03:37.443  1522  2088 W UsbDeviceManager: startAccessoryMode[4]=http://carlife.baidu.com/
03-16 17:03:37.443  1522  2088 W UsbDeviceManager: startAccessoryMode[5]=0720SerialNo.
03-16 17:03:37.443  1522  2088 W UsbDeviceManager: startAccessoryMode enableAccessory true,enableAudio false
03-16 17:03:37.444  1522  2088 D UsbDeviceManager: setCurrentFunctions(accessory, false)
03-16 17:03:37.445  1697  1697 E MTPJNIInterface: < MTP > Registering BroadCast receiver :::::::
03-16 17:03:37.445  1522  2088 D UsbDeviceManager: setCurrentFunctions - validateDeviceRestriction : accessory
03-16 17:03:37.445  1522  1559 D UsbDeviceManager: handleMessage -> MSG_SET_CURRENT_FUNCTION
03-16 17:03:37.445  1522  1559 D UsbDeviceManager: setEnabledFunctions functions=accessory, forceRestart=false, usbDataUnlocked=true
03-16 17:03:37.446  1522  1559 D UsbDeviceManager: setEnabledFunctions accessory
03-16 17:03:37.446  1522  1559 D UsbDeviceManager: oemFunctions is [accessory], functions is [accessory]
03-16 17:03:37.446  1522  1559 I UsbDeviceManager: Setting USB config [sec_charging] to [accessory]
03-16 17:03:37.446  1522  1559 D UsbDeviceManager: setUsbConfig(none)
03-16 17:03:37.446  1697  1697 W MTPRx   : Checking the driver time out
03-16 17:03:37.446  1697  1697 E MTPJNIInterface: noti = 102
03-16 17:03:37.448  1697  1697 W MTPRx   : called native method
03-16 17:03:37.448  1697  1719 E libmtp  : [check_media_scanner_status : 0661] -->Unable to get Object Class and clearing cls 2 [check_media_scanner_status 661]
03-16 17:03:37.448  1697  1697 E MTPJNIInterface: setting Media scanner status0
03-16 17:03:37.448  1522  1559 D UsbDeviceManager: waitForState NORMAL MODE wait Loop Count[30]
03-16 17:03:37.448  1697  1697 E MTPJNIInterface: After setting Media scanner status0
03-16 17:03:37.448  1697  1719 E MTPJNIInterface: Getting media scanner status0
03-16 17:03:37.449  1697  1719 E MTPJNIInterface: DeviceName is Null in System
03-16 17:03:37.449  1697  1719 E MTPJNIInterface: DeviceName is Galaxy Note9
03-16 17:03:37.450  1697  1719 E libmtp  : [memCpy : 0111] -->memcpy failed [memCpy 111]
03-16 17:03:37.450  1697  1697 W MTPRx   : notification from stack 1
03-16 17:03:37.453  1697  1719 E libmtp  : [get_external_storage : 0524] -->object path is returned null from java [get_external_storage 524]
03-16 17:03:37.454  1697  1719 E MTPJNIInterface: Status for mount/Unmount :unknown
03-16 17:03:37.455  1697  1719 E MTPJNIInterface: SDcard is not available
03-16 17:03:37.459  1697  1719 E libmtp  : [mtp_init_device_info : 0586] -->[mtp_init_device_info  586]Error opening file /data/misc/radio/ahrh,(fd<0) IMEI [
03-16 17:03:37.459  1697  1719 E libmtp  : 000000000000000
03-16 17:03:37.459  1697  1719 E libmtp  : ]
03-16 17:03:37.461  1697  1719 E MTPJNIInterface: Status for mount/Unmount :unknown
03-16 17:03:37.461  1697  1719 E MTPJNIInterface: SDcard is not available
03-16 17:03:37.461  1697  1719 E SQLiteLog: (21) API call with NULL database connection pointer
03-16 17:03:37.461  1697  1719 E SQLiteLog: (21) misuse at line 119179 of [605907e73a]
03-16 17:03:37.461  1697  1719 E SQLiteLog: (21) API call with NULL database connection pointer
03-16 17:03:37.461  1697  1719 E SQLiteLog: (21) misuse at line 119179 of [605907e73a]
03-16 17:03:37.461  1697  1719 E SQLiteLog: (21) API call with NULL database connection pointer
03-16 17:03:37.461  1697  1719 E SQLiteLog: (21) misuse at line 119179 of [605907e73a]
03-16 17:03:37.461  1697  1719 E SQLiteLog: (21) API call with NULL database connection pointer
03-16 17:03:37.461  1697  1719 E SQLiteLog: (21) misuse at line 119179 of [605907e73a]
03-16 17:03:37.461  1697  1697 W MTPRx   : notification from stack 2
03-16 17:03:37.463  1697  1720 E libmtp  : [mtp_init_device : 0723] -->[mtp_init_device 723]  After open the MTP fd = 73 and line = 723...
03-16 17:03:37.463  1697  1720 E libmtp  : [mtp_init_device : 0726] -->[mtp_init_device 726]!!!!!!!!! Error in ioctl SET_MTP_USER_PID= -1
03-16 17:03:37.463  1697  1720 E libmtp  : [mtp_usb_initialize : 0879] -->[mtp_usb_initialize 879] !!!!!!! fd value=-11	 errno:11	 error:Try again
03-16 17:03:37.463  1697  1719 E libmtp  : [mtp_mq_initialize : 0966] -->FALSE with FromMTP  [mtp_mq_initialize 966] 
03-16 17:03:37.463  1697  1719 E libmtp  : [mtp_mq_initialize : 0968] -->!!!!!!!!!!!!*********** [mtp_mq_initialize 968] mtp message queue is being destroyed  is with [msg id : FromMTP] 
03-16 17:03:37.463  1697  1719 E libmtp  : [msgq_close : 0128] -->msgq_closemqdes is not null  [msgq_close 128]
03-16 17:03:37.463  1697  1719 E libmtp  : [mtp_mq_initialize : 0966] -->FALSE with ToMTP  [mtp_mq_initialize 966] 
03-16 17:03:37.463  1697  1719 E libmtp  : [mtp_mq_initialize : 0968] -->!!!!!!!!!!!!*********** [mtp_mq_initialize 968] mtp message queue is being destroyed  is with [msg id : ToMTP] 
03-16 17:03:37.463  1697  1719 E libmtp  : [msgq_close : 0128] -->msgq_closemqdes is not null  [msgq_close 128]
03-16 17:03:37.499  1522  1559 D UsbDeviceManager: setUsbConfig(accessory)
03-16 17:03:37.505  1522  1559 D UsbDeviceManager: waitForState NORMAL MODE wait Loop Count[30]
03-16 17:03:37.744  1522  2180 D WifiTrafficPoller: TrafficStats TxPkts=2141492 RxPkts=2678250 TxBytes=666683283 RxBytes=3028576041 , Foreground uid=10405 pkgName=com.vmmobvoi.karl.client txBytes=0 rxBytes=0
03-16 17:03:37.926  1697  1713 D MTPRx   : state from USB_STATE event CONNECTED
03-16 17:03:37.926  1697  1713 E MTPRx   : CONNECTED has come after switching the user call usbRemoved 
03-16 17:03:37.928   939  1641 W libutils.threads: Thread (this=0xe4b345e0): don't call waitForExit() from this Thread object's thread. It's a guaranteed deadlock!
03-16 17:03:37.930  1697  1713 D MTPRx   : MTP_RUNNING_STATUS = 1
03-16 17:03:37.930  1522  2088 V UsbDeviceManager: onUEvent(Device Cable) : {SUBSYSTEM=android_usb, SEQNUM=480284, ACTION=change, USB_STATE=CONNECTED, DEVPATH=/devices/virtual/android_usb/android0}
03-16 17:03:37.930  1522  2088 D SecContentProvider: insert(), uri = 2
03-16 17:03:37.932  1697  1713 D MTPRx   : battery status : Charging
03-16 17:03:37.932  1522  2088 D SecContentProvider: called from android.uid.system:1000
03-16 17:03:37.933  1697  1713 D MTPRx   : usb data role status : device
03-16 17:03:37.933  1522  2088 D UsbDeviceManager: updateState( CONNECTED )
03-16 17:03:37.933  1697  1713 D MTPRx   :  sendbooster is false!
03-16 17:03:37.933  1697  1713 D MTPRx   : In usbRemoved Status bar enabled
03-16 17:03:37.934  1522  1559 D UsbDeviceManager: handleMessage -> MSG_UPDATE_STATE connected = 1,configured = 0
03-16 17:03:37.934  1522  1559 D UsbDeviceManager: updateCurrentAccessory: mCurrentAccessory null,SystemClock.elapsedRealtime() 960159535,enteringAccessoryMode true,mConfigured false,mConnected  true
03-16 17:03:37.935  1522  1559 V UsbDeviceManager: Debouncing accessory mode exit
03-16 17:03:37.935  1522  1559 D UsbDeviceManager: updateUsbNotification(false) : mConnected = true, mConfigured = false, mCurrentFunctions = accessory, mHostConnected = false, mSupportDualRole = true, mSourcePower = false
03-16 17:03:37.936  1522  1559 D UsbDeviceManager: mps exists
03-16 17:03:37.939  1697  1713 I MTPRx   : no file transfer case, so do not send MTP_FILE_SCAN 
03-16 17:03:37.940  1522  1559 D UsbDeviceManager: id=30, mUsbNotificationId=32, titleRes=17042095
03-16 17:03:37.940  1522  1559 D UsbDeviceManager: updateUsbNotification : cancel id = 32
03-16 17:03:37.941  1522  1522 D EdgeLightingManager: isCallingUserSupported : callingUserId=-1, mUserId=0, isDualAppId=false
03-16 17:03:37.941  1522  1522 D LightsService: [api] [SvcLED] turnOff:: id = 4 (uid: 1000 pid: 1522) 
03-16 17:03:37.941  1522  1522 D PowerManagerUtil: fileWriteString to /sys/power/wake_lock, LightsService
03-16 17:03:37.942  1522  1522 D LightsService: [SvcLED] setSvcLedStateLocked:: SvcLEDState : 0x0 -> 0x0 | SvcLED(id=4) set Off
03-16 17:03:37.944  1522  1559 D ApplicationPolicy: isStatusBarNotificationAllowedAsUser: packageName = android,userId = -1
03-16 17:03:37.944  1522  1559 D API test: getContainerInfo: value is 
03-16 17:03:37.944  1522  1559 D ApplicationPolicy: isStatusBarNotificationAllowedAsUser: packageName = android,userId = 0
03-16 17:03:37.944  1522  1559 D API test: getContainerInfo: value is 
03-16 17:03:37.946  1522  1570 D LightsService: [SvcLED] handleForcedSvcLEDTask()
03-16 17:03:37.946  1522  1570 D LightsService: [SvcLED]  setSvcLedLightLocked :: Current SvcLED(id=3) maintains its priority right
03-16 17:03:37.946  1522  1570 D PowerManagerUtil: fileWriteString to /sys/power/wake_unlock, LightsService
03-16 17:03:37.948  1522  1559 D UsbDeviceManager: updateUsbNotification : notify id = 30, title =  USB 
03-16 17:03:37.948  1522  1559 I UsbDeviceManager: update state true false
03-16 17:03:37.949  1522  1559 D UsbDeviceManager: broadcasting Intent { act=android.hardware.usb.action.USB_STATE flg=0x31000000 (has extras) } extras: Bundle[{accessory=true, host_connected=false, connected=true, unlocked=true, config_changed=false, configured=false}] connected: true configured: false
03-16 17:03:37.951  1522  1559 D UsbDeviceManager: sending intent : ACTION_USB_STATE : connected = true, configured = false, functions = accessory, mCurrentFunctions = accessory, mHostConnected = false, configChanged = false
03-16 17:03:37.952  1522  1522 D EdgeLightingManager: isCallingUserSupported : callingUserId=-1, mUserId=0, isDualAppId=false
03-16 17:03:37.953  1522  1522 D AudioService: isEnabled
03-16 17:03:37.954  1522  1522 D AudioService: getStreamVolume 5 index 110
03-16 17:03:37.960  1522 22332 D AODManagerService: updateNotificationKeysInternal() return : same [0] 
03-16 17:03:37.960  1697  1713 W ContextImpl: Calling a method in the system process without a qualified user: android.app.ContextImpl.stopService:1557 android.content.ContextWrapper.stopService:679 android.content.ContextWrapper.stopService:679 com.samsung.android.MtpApplication.MtpReceiver.usbRemoved:1059 com.samsung.android.MtpApplication.MtpReceiver$1.onUEvent:211 
03-16 17:03:37.967  1697  1697 E MtpService: onDestroy.
03-16 17:03:37.973  1697  1697 E MtpService: Unregister Mtp disable Receiver
03-16 17:03:37.973  1697  1697 E MtpService: Receiver not registered: com.samsung.android.MtpApplication.MtpService$1@50d695b
03-16 17:03:37.973  1697  1697 E MtpService: Unregister mtpEmergencyReceiver
03-16 17:03:37.973  1697  1697 E MtpService: Receiver not registered: com.samsung.android.MtpApplication.MtpService$2@431c5f8
03-16 17:03:37.973  1697  1697 E MtpService: unregistering mtpUserPresentReceiver in UnregisterAllIntent
03-16 17:03:37.974  1697  1697 E MtpService: Receiver not registered: com.samsung.android.MtpApplication.MtpService$4@73bc06a
03-16 17:03:37.974  1697  1697 E MtpService: unregistering mtpMediaReceiver in UnregisterAllIntent
03-16 17:03:37.974  1697  1697 E MtpService: Receiver not registered: com.samsung.android.MtpApplication.MtpService$3@945de55
03-16 17:03:37.974  1697  1697 E MTPJNIInterface: noti = 103
03-16 17:03:37.975  1697  1697 E libmtp  : [mtp_close_fd : 0117] -->[mtp_close_fd 117]  fd = 73...
03-16 17:03:37.975  1697  1697 E libmtp  : [mtp_close_fd : 0122] -->[mtp_close_fd 122] USB endpoint [73] closed...
03-16 17:03:37.976  1697  1697 D MTPRx   : In MtpReceiverandroid.hardware.usb.action.USB_STATE
03-16 17:03:37.978  1522 22332 D SecContentProvider2: query(), uri = 14 selection = getSealedUsbMassStorageState
03-16 17:03:37.979  2397  2397 D StatusBar: addNotification key=-1|android|30|null|1000 fullscreen:false
03-16 17:03:37.984  1697  1697 I MTPRx   : isCtsappInstalled is  false
03-16 17:03:37.985  1697  1697 I MTPRx   : check value of boot_completed is1
03-16 17:03:37.985  1697  1697 D MTPRx   : check booting is completed_sys.boot_completed
03-16 17:03:37.985  1697  1697 D MTPRx   :  inside getExternalStorageStatus
03-16 17:03:37.989  1697  1697 I MTPRx   : value of connected istrue
03-16 17:03:37.989  1697  1697 I MTPRx   : value of configured isfalse
03-16 17:03:37.989  1697  1697 I MTPRx   : value of mtpEnabled isfalse
03-16 17:03:37.989  1697  1697 I MTPRx   : value of ptpEnabled isfalse
03-16 17:03:37.989  1697  1697 I MTPRx   : value of sec_charging isfalse
03-16 17:03:37.989  1697  1697 I MTPRx   : value of usb_data_unlock istrue
03-16 17:03:37.989  1697  1697 I MTPRx   : value of configChanged isfalse
03-16 17:03:37.990  1697  1697 I MTPRx   : value of hostConnected isfalse
03-16 17:03:37.990  1697  1697 I MTPRx   : Received USB_STATE with sdCardLaunch = 0
03-16 17:03:37.990  1697  1697 E MTPRx   : tethering is started and mtp is not running so returning
03-16 17:03:37.990  1697  1697 W MTPRx   : notification from stack 0
03-16 17:03:37.991  1697  1697 E ActivityThread: Service com.samsung.android.MtpApplication.MtpService has leaked IntentReceiver com.samsung.android.MtpApplication.MtpService$2@431c5f8 that was originally registered here. Are you missing a call to unregisterReceiver()?
03-16 17:03:37.991  1697  1697 E ActivityThread: android.app.IntentReceiverLeaked: Service com.samsung.android.MtpApplication.MtpService has leaked IntentReceiver com.samsung.android.MtpApplication.MtpService$2@431c5f8 that was originally registered here. Are you missing a call to unregisterReceiver()?
03-16 17:03:37.991  1697  1697 E ActivityThread: 	at android.app.LoadedApk$ReceiverDispatcher.<init>(LoadedApk.java:1393)
03-16 17:03:37.991  1697  1697 E ActivityThread: 	at android.app.LoadedApk.getReceiverDispatcher(LoadedApk.java:1158)
03-16 17:03:37.991  1697  1697 E ActivityThread: 	at android.app.ContextImpl.registerReceiverInternal(ContextImpl.java:1490)
03-16 17:03:37.991  1697  1697 E ActivityThread: 	at android.app.ContextImpl.registerReceiverAsUser(ContextImpl.java:1477)
03-16 17:03:37.991  1697  1697 E ActivityThread: 	at android.content.ContextWrapper.registerReceiverAsUser(ContextWrapper.java:658)
03-16 17:03:37.991  1697  1697 E ActivityThread: 	at com.samsung.android.MtpApplication.MtpService.registerBroadCastEmergencyRec(MtpService.java:432)
03-16 17:03:37.991  1697  1697 E ActivityThread: 	at com.samsung.android.MtpApplication.MtpService.onCreate(MtpService.java:85)
03-16 17:03:37.991  1697  1697 E ActivityThread: 	at android.app.ActivityThread.handleCreateService(ActivityThread.java:3558)
03-16 17:03:37.991  1697  1697 E ActivityThread: 	at android.app.ActivityThread.-wrap4(Unknown Source:0)
03-16 17:03:37.991  1697  1697 E ActivityThread: 	at android.app.ActivityThread$H.handleMessage(ActivityThread.java:1812)
03-16 17:03:37.991  1697  1697 E ActivityThread: 	at android.os.Handler.dispatchMessage(Handler.java:106)
03-16 17:03:37.991  1697  1697 E ActivityThread: 	at android.os.Looper.loop(Looper.java:164)
03-16 17:03:37.991  1697  1697 E ActivityThread: 	at android.app.ActivityThread.main(ActivityThread.java:7002)
03-16 17:03:37.991  1697  1697 E ActivityThread: 	at java.lang.reflect.Method.invoke(Native Method)
03-16 17:03:37.991  1697  1697 E ActivityThread: 	at com.android.internal.os.RuntimeInit$MethodAndArgsCaller.run(RuntimeInit.java:441)
03-16 17:03:37.991  1697  1697 E ActivityThread: 	at com.android.internal.os.ZygoteInit.main(ZygoteInit.java:1408)
03-16 17:03:37.996  1697  1697 E ActivityThread: Service com.samsung.android.MtpApplication.MtpService has leaked IntentReceiver com.samsung.android.MtpApplication.MtpService$1@50d695b that was originally registered here. Are you missing a call to unregisterReceiver()?
03-16 17:03:37.996  1697  1697 E ActivityThread: android.app.IntentReceiverLeaked: Service com.samsung.android.MtpApplication.MtpService has leaked IntentReceiver com.samsung.android.MtpApplication.MtpService$1@50d695b that was originally registered here. Are you missing a call to unregisterReceiver()?
03-16 17:03:37.996  1697  1697 E ActivityThread: 	at android.app.LoadedApk$ReceiverDispatcher.<init>(LoadedApk.java:1393)
03-16 17:03:37.996  1697  1697 E ActivityThread: 	at android.app.LoadedApk.getReceiverDispatcher(LoadedApk.java:1158)
03-16 17:03:37.996  1697  1697 E ActivityThread: 	at android.app.ContextImpl.registerReceiverInternal(ContextImpl.java:1490)
03-16 17:03:37.996  1697  1697 E ActivityThread: 	at android.app.ContextImpl.registerReceiverAsUser(ContextImpl.java:1477)
03-16 17:03:37.996  1697  1697 E ActivityThread: 	at android.content.ContextWrapper.registerReceiverAsUser(ContextWrapper.java:658)
03-16 17:03:37.996  1697  1697 E ActivityThread: 	at com.samsung.android.MtpApplication.MtpService.registerBroadCastPolicyRec(MtpService.java:422)
03-16 17:03:37.996  1697  1697 E ActivityThread: 	at com.samsung.android.MtpApplication.MtpService.onCreate(MtpService.java:84)
03-16 17:03:37.996  1697  1697 E ActivityThread: 	at android.app.ActivityThread.handleCreateService(ActivityThread.java:3558)
03-16 17:03:37.996  1697  1697 E ActivityThread: 	at android.app.ActivityThread.-wrap4(Unknown Source:0)
03-16 17:03:37.996  1697  1697 E ActivityThread: 	at android.app.ActivityThread$H.handleMessage(ActivityThread.java:1812)
03-16 17:03:37.996  1697  1697 E ActivityThread: 	at android.os.Handler.dispatchMessage(Handler.java:106)
03-16 17:03:37.996  1697  1697 E ActivityThread: 	at android.os.Looper.loop(Looper.java:164)
03-16 17:03:37.996  1697  1697 E ActivityThread: 	at android.app.ActivityThread.main(ActivityThread.java:7002)
03-16 17:03:37.996  1697  1697 E ActivityThread: 	at java.lang.reflect.Method.invoke(Native Method)
03-16 17:03:37.996  1697  1697 E ActivityThread: 	at com.android.internal.os.RuntimeInit$MethodAndArgsCaller.run(RuntimeInit.java:441)
03-16 17:03:37.996  1697  1697 E ActivityThread: 	at com.android.internal.os.ZygoteInit.main(ZygoteInit.java:1408)
03-16 17:03:37.998  1608  1608 D NPS_WSSNPS: [] feature init
03-16 17:03:37.999  1697  1697 E ActivityThread: Service com.samsung.android.MtpApplication.MtpService has leaked IntentReceiver com.samsung.android.MtpApplication.MtpService$4@73bc06a that was originally registered here. Are you missing a call to unregisterReceiver()?
03-16 17:03:37.999  1697  1697 E ActivityThread: android.app.IntentReceiverLeaked: Service com.samsung.android.MtpApplication.MtpService has leaked IntentReceiver com.samsung.android.MtpApplication.MtpService$4@73bc06a that was originally registered here. Are you missing a call to unregisterReceiver()?
03-16 17:03:37.999  1697  1697 E ActivityThread: 	at android.app.LoadedApk$ReceiverDispatcher.<init>(LoadedApk.java:1393)
03-16 17:03:37.999  1697  1697 E ActivityThread: 	at android.app.LoadedApk.getReceiverDispatcher(LoadedApk.java:1158)
03-16 17:03:37.999  1697  1697 E ActivityThread: 	at android.app.ContextImpl.registerReceiverInternal(ContextImpl.java:1490)
03-16 17:03:37.999  1697  1697 E ActivityThread: 	at android.app.ContextImpl.registerReceiverAsUser(ContextImpl.java:1477)
03-16 17:03:37.999  1697  1697 E ActivityThread: 	at android.content.ContextWrapper.registerReceiverAsUser(ContextWrapper.java:658)
03-16 17:03:37.999  1697  1697 E ActivityThread: 	at com.samsung.android.MtpApplication.MtpService.registerBroadCastuserPresentRec(MtpService.java:413)
03-16 17:03:37.999  1697  1697 E ActivityThread: 	at com.samsung.android.MtpApplication.MtpService.onCreate(MtpService.java:82)
03-16 17:03:37.999  1697  1697 E ActivityThread: 	at android.app.ActivityThread.handleCreateService(ActivityThread.java:3558)
03-16 17:03:37.999  1697  1697 E ActivityThread: 	at android.app.ActivityThread.-wrap4(Unknown Source:0)
03-16 17:03:37.999  1697  1697 E ActivityThread: 	at android.app.ActivityThread$H.handleMessage(ActivityThread.java:1812)
03-16 17:03:37.999  1697  1697 E ActivityThread: 	at android.os.Handler.dispatchMessage(Handler.java:106)
03-16 17:03:37.999  1697  1697 E ActivityThread: 	at android.os.Looper.loop(Looper.java:164)
03-16 17:03:37.999  1697  1697 E ActivityThread: 	at android.app.ActivityThread.main(ActivityThread.java:7002)
03-16 17:03:37.999  1697  1697 E ActivityThread: 	at java.lang.reflect.Method.invoke(Native Method)
03-16 17:03:37.999  1697  1697 E ActivityThread: 	at com.android.internal.os.RuntimeInit$MethodAndArgsCaller.run(RuntimeInit.java:441)
03-16 17:03:37.999  1697  1697 E ActivityThread: 	at com.android.internal.os.ZygoteInit.main(ZygoteInit.java:1408)
03-16 17:03:38.001  1697  1697 E ActivityThread: Service com.samsung.android.MtpApplication.MtpService has leaked IntentReceiver com.samsung.android.MtpApplication.MtpService$3@945de55 that was originally registered here. Are you missing a call to unregisterReceiver()?
03-16 17:03:38.001  1697  1697 E ActivityThread: android.app.IntentReceiverLeaked: Service com.samsung.android.MtpApplication.MtpService has leaked IntentReceiver com.samsung.android.MtpApplication.MtpService$3@945de55 that was originally registered here. Are you missing a call to unregisterReceiver()?
03-16 17:03:38.001  1697  1697 E ActivityThread: 	at android.app.LoadedApk$ReceiverDispatcher.<init>(LoadedApk.java:1393)
03-16 17:03:38.001  1697  1697 E ActivityThread: 	at android.app.LoadedApk.getReceiverDispatcher(LoadedApk.java:1158)
03-16 17:03:38.001  1697  1697 E ActivityThread: 	at android.app.ContextImpl.registerReceiverInternal(ContextImpl.java:1490)
