03-16 17:03:30.999  1522  3352 I chatty  : uid=1000(system) Binder:1522_16 identical 3 lines
03-16 17:03:31.001  1522  3352 D ConnectivityService: filterNetworkStateForUid() uid: 5009 networkInfo: [type: WIFI[] - WIFI, state: CONNECTED/CONNECTED, reason: (unspecified), extra: "VW-Mobvoi", failover: false, available: true, roaming: false]
03-16 17:03:31.001 32705  1516 I [SC]CloudManager: requestResumePendingDataTransfer
03-16 17:03:31.006 15639  6981 I SEMS:SamsungAccount: [[OCP] ]  URI : content://com.msc.openprovider.openContentProvider/tncRequest
03-16 17:03:31.007 15639  6981 I SEMS:SamsungAccount: [SCU] isHaveSA() - true
03-16 17:03:31.010 15639  6981 I SEMS:SamsungAccount: [[OCP] ]  Cursor is not null
03-16 17:03:31.425   939   939 V APM_AudioPolicyManager: getAudioPolicyConfig: audioParam;outDevice
03-16 17:03:31.426   939   939 V APM_AudioPolicyManager: getNewOutputDevice() selected device 0
03-16 17:03:31.426   939   939 V APM_AudioPolicyManager: ### curdevice : 2
03-16 17:03:31.426  1522 11241 D SSRM:ax : AudioType = 2, Vol = 0
03-16 17:03:31.443  1522 11241 D SSRM:aq : Mercury PST: Front = 332, Back = 300 , MediaPlaying = 0.0, RcvPower = 1.2109375, WIFI_TEMP = 324.0, ChargingStatus = 0.0, BluetoothStatus = 0.0, BAT_TEMP = 314.0, USB_TEMP = 315.0, PmicCurrent = 1.0, TotalRxBytes = 3.03342375548695, CHG_TEMP = 336.0, CameraActive = 0.0, MemoryUsage = 44.16205365798685, VoIPCall = 0.0, TotalTxBytes = 3.326335860928751, WifiEnabled = 0.0, WifiConnected = 1.0, TeleCall = 0.0, SpkPower = 1.05859375, PA_TEMP = 328.0, AP_TEMP = 318.0
03-16 17:03:31.495  1522 11241 D SSRM:aB : SIOP:: AP:213(318,110) BAT:314(314,0) CHG:236(333,100) USB:315(315,0) WIFI:275(325,50) PA:277(327,50) LRP:332(332,0) ATC:311(311,0) 
03-16 17:03:31.631  1522  2180 D WifiTrafficPoller: TrafficStats TxPkts=2141492 RxPkts=2678250 TxBytes=666683283 RxBytes=3028576041 , Foreground uid=10405 pkgName=com.vmmobvoi.karl.client txBytes=0 rxBytes=0
03-16 17:03:31.723 32052 32053 I adbd    : functionfs successfully initialized
03-16 17:03:31.724 32052 32053 I adbd    : registering usb transport
03-16 17:03:32.202  1522  1559 D UsbDeviceManager: handleMessage -> MSG_UPDATE_PORT_STATE
03-16 17:03:32.203  1522  1559 D UsbDeviceManager: updateUsbNotification(false) : mConnected = true, mConfigured = true, mCurrentFunctions = mtp,adb, mHostConnected = false, mSupportDualRole = true, mSourcePower = false
03-16 17:03:32.204  1522  1559 D UsbDeviceManager: mps exists
03-16 17:03:32.207  1522  1559 D DexObserverFW: isDexModeOn() : false
03-16 17:03:32.208  1522  1559 D DexObserverFW: isSemiDexModeOn() : false
03-16 17:03:32.209  1522  1559 D SecContentProvider: query(), uri = 18 selection = isUsbMediaPlayerAvailable
03-16 17:03:32.211  1522  1559 D SecContentProvider: called from android.uid.system:1000
03-16 17:03:32.211  1522  1559 D RestrictionPolicy: isUsbMediaPlayerAvailable : true
03-16 17:03:32.212  1522  1559 D UsbDeviceManager: policy : mtp_and_ptp, restrict(allow) = true
03-16 17:03:32.213  1522  1559 D UsbDeviceManager: isUsb30Enabled: read '/sys/class/android_usb/android0/bcdUSB', state = 0310
03-16 17:03:32.213  1522  1559 D UsbDeviceManager: id=27, mUsbNotificationId=27, titleRes=17042122
03-16 17:03:32.216  1522  1559 D UsbDeviceManager: handleMessage -> MSG_UPDATE_STATE connected = 0,configured = 0
03-16 17:03:32.217  1522  1559 D UsbDeviceManager: MSG_UPDATE_STATE : set usb mode default mDualRoleState 0
03-16 17:03:32.217  1522  1559 D UsbDeviceManager: setEnabledFunctions functions=null, forceRestart=false, usbDataUnlocked=true
03-16 17:03:32.217  1522  1559 D UsbDeviceManager: setEnabledFunctions null
03-16 17:03:32.218  1522  1559 D UsbDeviceManager: mps exists
03-16 17:03:32.220  1522  1559 D SecContentProvider2: query(), uri = 15 selection = getUsbConnectionTypeInternal
03-16 17:03:32.229  1522  1559 D UsbDeviceManager: getDefaultFunctions : func = mtp,adb
03-16 17:03:32.229  1522  1559 D UsbDeviceManager: oemFunctions is [mtp,adb], functions is [mtp,adb]
03-16 17:03:32.230  1522  1559 D UsbDeviceManager: updateUsbNotification(false) : mConnected = false, mConfigured = false, mCurrentFunctions = mtp,adb, mHostConnected = false, mSupportDualRole = true, mSourcePower = false
03-16 17:03:32.230  1522  1559 D UsbDeviceManager: mps exists
03-16 17:03:32.231  1522  1559 D UsbDeviceManager: id=0, mUsbNotificationId=27, titleRes=0
03-16 17:03:32.231  1522  1559 D UsbDeviceManager: updateUsbNotification : cancel id = 27
03-16 17:03:32.232  1522  1559 I UsbDeviceManager: update state false false
03-16 17:03:32.232  1522  1522 D EdgeLightingManager: isCallingUserSupported : callingUserId=-1, mUserId=0, isDualAppId=false
03-16 17:03:32.232  1522  1559 D UsbDeviceManager: broadcasting Intent { act=android.hardware.usb.action.USB_STATE flg=0x31000000 (has extras) } extras: Bundle[{host_connected=false, connected=false, unlocked=true, config_changed=false, adb=true, mtp=true, configured=false}] connected: false configured: false
03-16 17:03:32.233  1522  1522 D LightsService: [api] [SvcLED] turnOff:: id = 4 (uid: 1000 pid: 1522) 
03-16 17:03:32.233  1522  1522 D PowerManagerUtil: fileWriteString to /sys/power/wake_lock, LightsService
03-16 17:03:32.234  1522  1522 D LightsService: [SvcLED] setSvcLedStateLocked:: SvcLEDState : 0x0 -> 0x0 | SvcLED(id=4) set Off
03-16 17:03:32.236  1522  1570 D LightsService: [SvcLED] handleForcedSvcLEDTask()
03-16 17:03:32.236  1522  1570 D LightsService: [SvcLED]  setSvcLedLightLocked :: Current SvcLED(id=3) maintains its priority right
03-16 17:03:32.236  1522  1570 D PowerManagerUtil: fileWriteString to /sys/power/wake_unlock, LightsService
03-16 17:03:32.241  1522  1559 D UsbDeviceManager: sending intent : ACTION_USB_STATE : connected = false, configured = false, functions = mtp,adb, mCurrentFunctions = mtp,adb, mHostConnected = false, configChanged = false
03-16 17:03:32.252  1522 11784 D StorageManagerService: getExternalStorageMountMode : 1
03-16 17:03:32.252  1522 11784 D StorageManagerService: getExternalStorageMountMode : 3
03-16 17:03:32.253  1522 11784 D StorageManagerService: getExternalStorageMountMode : final mountMode=1, uid : 1000, packageName : com.samsung.android.MtpApplication
03-16 17:03:32.253  1522 11784 I ApplicationPolicy: isApplicationExternalStorageWhitelisted:com.samsung.android.MtpApplication user:0
03-16 17:03:32.253  1522 11784 D ApplicationPolicy: isApplicationExternalStorageWhitelisted: DO is not enabled on user 0. Allowed.
03-16 17:03:32.253  1522 11784 D ActivityManager: package  com.samsung.android.MtpApplication, user - 0 is SDcard whitelisted
03-16 17:03:32.253  1522 11784 I ApplicationPolicy: isApplicationExternalStorageBlacklisted:com.samsung.android.MtpApplication user:0
03-16 17:03:32.253  1522 11784 D ApplicationPolicy: isApplicationExternalStorageBlacklisted: DO is not enabled on user 0. Allowed.
03-16 17:03:32.288  1522 11784 I ActivityManager: Start proc 1525:com.samsung.android.MtpApplication/1000 for broadcast com.samsung.android.MtpApplication/.MtpReceiver
03-16 17:03:32.291  1522  3094 D AODManagerService: updateNotificationKeysInternal() return : same [0] 
03-16 17:03:32.298  1525  1525 E Zygote  : isWhitelistProcess - Process is Whitelisted
03-16 17:03:32.299  1525  1525 E libpersona: scanKnoxPersonas
03-16 17:03:32.299  1525  1525 E libpersona: Couldn't open the File - /data/system/users/0/personalist.xml - No such file or directory
03-16 17:03:32.302  1525  1525 W SELinux : SELinux selinux_android_compute_policy_index : Policy Index[2],  Con:u:r:zygote:s0 RAM:SEPF_SM-N9600_8.1.0_0007, [-1 -1 -1 -1 0 1]
03-16 17:03:32.303  1525  1525 I SELinux : SELinux: seapp_context_lookup: seinfo=platform, pkgname=com.samsung.android.MtpApplication 
03-16 17:03:32.403  1525  1525 D TimaKeyStoreProvider: TimaKeyStore is not enabled: cannot add TimaSignature Service and generateKeyPair Service
03-16 17:03:32.404  1525  1525 D ActivityThread: Added TimaKeyStore provider
03-16 17:03:32.408  1522  3094 I ActivityManager: DSS on for com.samsung.android.MtpApplication and scale is 1.0
03-16 17:03:32.439  1525  1525 D MTPRx   : In MtpReceiverandroid.hardware.usb.action.USB_STATE
03-16 17:03:32.441  1522  3094 D SecContentProvider2: query(), uri = 14 selection = getSealedUsbMassStorageState
03-16 17:03:32.446  1525  1525 I MTPRx   : isCtsappInstalled is  false
03-16 17:03:32.446  1525  1525 I MTPRx   : check value of boot_completed is1
03-16 17:03:32.446  1525  1525 D MTPRx   : in initializeSettingsValues
03-16 17:03:32.450  1525  1525 D MTPRx   :  inside getExternalStorageStatus
03-16 17:03:32.456  1525  1525 D MTPRx   : check booting is completed_sys.boot_completed
03-16 17:03:32.456  1525  1525 D MTPRx   :  inside getExternalStorageStatus
03-16 17:03:32.457  1525  1525 I MTPRx   : value of connected isfalse
03-16 17:03:32.457  1525  1525 I MTPRx   : value of configured isfalse
03-16 17:03:32.457  1525  1525 I MTPRx   : value of mtpEnabled istrue
03-16 17:03:32.457  1525  1525 I MTPRx   : value of ptpEnabled isfalse
03-16 17:03:32.457  1525  1525 I MTPRx   : value of sec_charging isfalse
03-16 17:03:32.457  1525  1525 I MTPRx   : value of usb_data_unlock istrue
03-16 17:03:32.457  1525  1525 I MTPRx   : value of configChanged isfalse
03-16 17:03:32.457  1525  1525 I MTPRx   : value of hostConnected isfalse
03-16 17:03:32.458  1525  1525 I MTPRx   : Received USB_STATE with sdCardLaunch = 0
03-16 17:03:32.458  1525  1525 E MTPRx   : Unexpected Disconnection. call usbRemoved.
03-16 17:03:32.458  1525  1525 D MTPRx   : MTP_RUNNING_STATUS = 0
03-16 17:03:32.458  1525  1525 D MTPRx   : battery status : Discharging
03-16 17:03:32.459  1525  1525 D MTPRx   : usb data role status : none
03-16 17:03:32.459  1525  1525 E MTPRx   : USB cable is detached, so enable_mtp_settings set 0
03-16 17:03:32.459  1525  1525 D MTPRx   :  sendbooster is false!
03-16 17:03:32.459  1525  1525 E MTPRx   : configured is false
03-16 17:03:32.463  1522  3094 D StorageManagerService: getExternalStorageMountMode : 1
03-16 17:03:32.463  1522  3094 D StorageManagerService: getExternalStorageMountMode : 3
03-16 17:03:32.463  1522  3094 D StorageManagerService: getExternalStorageMountMode : final mountMode=1, uid : 1000, packageName : com.samsung.android.SettingsReceiver
03-16 17:03:32.463  1522  3094 I ApplicationPolicy: isApplicationExternalStorageWhitelisted:com.samsung.android.SettingsReceiver user:0
03-16 17:03:32.464  1522  3094 D ApplicationPolicy: isApplicationExternalStorageWhitelisted: DO is not enabled on user 0. Allowed.
03-16 17:03:32.464  1522  3094 D ActivityManager: package  com.samsung.android.SettingsReceiver, user - 0 is SDcard whitelisted
03-16 17:03:32.464  1522  3094 I ApplicationPolicy: isApplicationExternalStorageBlacklisted:com.samsung.android.SettingsReceiver user:0
03-16 17:03:32.464  1522  3094 D ApplicationPolicy: isApplicationExternalStorageBlacklisted: DO is not enabled on user 0. Allowed.
03-16 17:03:32.498  1522  3094 I ActivityManager: Start proc 1582:com.samsung.android.SettingsReceiver/1000 for broadcast com.samsung.android.SettingsReceiver/.SettingsIntentReceiver
03-16 17:03:32.501  1522  3094 I ActivityManager: KPU : put [com.google.process.gservices] : 6217 K
03-16 17:03:32.502  1522  3094 I ActivityManager: Killing 655:com.google.process.gservices/u0a33 (adj 906): DHA:empty #25
03-16 17:03:32.505  1582  1582 E Zygote  : isWhitelistProcess - Process is Whitelisted
03-16 17:03:32.506  1582  1582 E libpersona: scanKnoxPersonas
03-16 17:03:32.506  1582  1582 E libpersona: Couldn't open the File - /data/system/users/0/personalist.xml - No such file or directory
03-16 17:03:32.510  1582  1582 W SELinux : SELinux selinux_android_compute_policy_index : Policy Index[2],  Con:u:r:zygote:s0 RAM:SEPF_SM-N9600_8.1.0_0007, [-1 -1 -1 -1 0 1]
03-16 17:03:32.511  1582  1582 I SELinux : SELinux: seapp_context_lookup: seinfo=platform, pkgname=com.samsung.android.SettingsReceiver 
03-16 17:03:32.546  1582  1582 D TimaKeyStoreProvider: TimaKeyStore is not enabled: cannot add TimaSignature Service and generateKeyPair Service
03-16 17:03:32.546  1582  1582 D ActivityThread: Added TimaKeyStore provider
03-16 17:03:32.547  1522  1554 I zygote64: Successfully killed process cgroup uid 10033 pid 655 in 40ms
03-16 17:03:32.548  2725 23632 D ForegroundUtils: could not check pending caller
03-16 17:03:32.554  1522  2074 W Choreographer: Frame time is 8.858272 ms in the future!  Check that graphics HAL is generating vsync timestamps using the correct timebase.
03-16 17:03:32.555  1522  3094 I ActivityManager: DSS on for com.samsung.android.SettingsReceiver and scale is 1.0
03-16 17:03:32.582  1582  1582 I zygote64: The ClassLoaderContext is a special shared library.
03-16 17:03:32.622  1522  3094 D StorageManagerService: getExternalStorageMountMode : 1
03-16 17:03:32.622  1522  3094 D StorageManagerService: getExternalStorageMountMode : 3
03-16 17:03:32.623  1522  3094 D StorageManagerService: getExternalStorageMountMode : final mountMode=1, uid : 1000, packageName : com.wssnps
03-16 17:03:32.623  1522  3094 I ApplicationPolicy: isApplicationExternalStorageWhitelisted:com.wssnps user:0
03-16 17:03:32.623  1522  3094 D ApplicationPolicy: isApplicationExternalStorageWhitelisted: DO is not enabled on user 0. Allowed.
03-16 17:03:32.623  1522  3094 D ActivityManager: package  com.wssnps, user - 0 is SDcard whitelisted
03-16 17:03:32.623  1522  3094 I ApplicationPolicy: isApplicationExternalStorageBlacklisted:com.wssnps user:0
03-16 17:03:32.623  1522  3094 D ApplicationPolicy: isApplicationExternalStorageBlacklisted: DO is not enabled on user 0. Allowed.
03-16 17:03:32.660  1522  3094 I ActivityManager: Start proc 1608:com.wssnps/1000 for broadcast com.wssnps/.smlNpsReceiver
03-16 17:03:32.667  1608  1608 E Zygote  : isWhitelistProcess - Process is Whitelisted
03-16 17:03:32.668  1608  1608 E libpersona: scanKnoxPersonas
03-16 17:03:32.668  1608  1608 E libpersona: Couldn't open the File - /data/system/users/0/personalist.xml - No such file or directory
03-16 17:03:32.671  1608  1608 W SELinux : SELinux selinux_android_compute_policy_index : Policy Index[2],  Con:u:r:zygote:s0 RAM:SEPF_SM-N9600_8.1.0_0007, [-1 -1 -1 -1 0 1]
03-16 17:03:32.671  1522  3094 I ActivityManager: KPU : put [com.samsung.android.app.soundpicker] : 7055 K
03-16 17:03:32.672  1522  3094 I ActivityManager: Killing 32580:com.samsung.android.app.soundpicker/u0a54 (adj 906): DHA:empty #25
03-16 17:03:32.672  1608  1608 I SELinux : SELinux: seapp_context_lookup: seinfo=platform, pkgname=com.wssnps 
03-16 17:03:32.680  1522  2180 D WifiTrafficPoller: TrafficStats TxPkts=2141492 RxPkts=2678250 TxBytes=666683283 RxBytes=3028576041 , Foreground uid=10405 pkgName=com.vmmobvoi.karl.client txBytes=0 rxBytes=0
03-16 17:03:32.705  1608  1608 D TimaKeyStoreProvider: TimaKeyStore is not enabled: cannot add TimaSignature Service and generateKeyPair Service
03-16 17:03:32.706  1608  1608 D ActivityThread: Added TimaKeyStore provider
03-16 17:03:32.709  1522  3094 I ActivityManager: DSS on for com.wssnps and scale is 1.0
03-16 17:03:32.712  1522  2088 D UsbPortManager: onUEvent() {SUBSYSTEM=dual_role_usb, DUAL_ROLE_MODE=ufp, SEQNUM=480267, ACTION=change, DUAL_ROLE_POWERS_VCONN=y, DUAL_ROLE_NAME=otg_default, DUAL_ROLE_POWER_ROLE=sink, DEVPATH=/devices/platform/soc/a98000.i2c/i2c-32/32-0066/max77705-usbc/dual_role_usb/otg_default, DUAL_ROLE_DATA_ROLE=device}
03-16 17:03:32.714  1522  2238 D UsbPortManager: handleMessage()
03-16 17:03:32.714  1522  2238 D UsbPortManager: updatePortsLocked()++
03-16 17:03:32.714  1522  2238 D UsbPortManager: updatePortsLocked() UEVENT is NOT NULL
03-16 17:03:32.715  1522  2238 D UsbPortManager: addOrUpdatePortLocked()++ : portId=otg_default, supportedModes=dual, currentMode=ufp, canChangeMode=true, currentPowerRole=sink, canChangePowerRole=false, currentDataRole=device, canChangeDataRole=false
03-16 17:03:32.715  1522  2238 D UsbPortManager: addOrUpdatePortLocked() supportedRoleCombinations=272
03-16 17:03:32.715  1522  2238 D UsbPortManager: addOrUpdatePortLocked() supportedModes=dual
03-16 17:03:32.715  1522  2238 D UsbPortManager: setStatus() , currentMode=ufp, canChangeMode=true, currentPowerRole=sink, canChangePowerRole=false, currentDataRole=device, canChangeDataRole=false, supportedRoleCombinations=272
03-16 17:03:32.715  1522  2238 D UsbPortManager: addOrUpdatePortLocked() mPorts DISPOSITION_REMOVED -> DISPOSITION_CHANGED
03-16 17:03:32.715  1522  2238 D UsbPortManager: addOrUpdatePortLocked()--
03-16 17:03:32.715  1522  2238 D UsbPortManager: mPorts size: 1
03-16 17:03:32.715  1522  2238 I UsbPortManager: USB port changed: port=UsbPort{id=otg_default, supportedModes=dual}, status=UsbPortStatus{connected=true, currentMode=ufp, currentPowerRole=sink, currentDataRole=device, supportedRoleCombinations=[source:host, sink:device]}, canChangeMode=true, canChangePowerRole=false, canChangeDataRole=false
03-16 17:03:32.715  1522  2238 D UsbPortManager: sendPortChangedBroadcastLocked(port=UsbPort{id=otg_default, supportedModes=dual}, status=UsbPortStatus{connected=true, currentMode=ufp, currentPowerRole=sink, currentDataRole=device, supportedRoleCombinations=[source:host, sink:device]}, canChangeMode=true, canChangePowerRole=false, canChangeDataRole=false)
03-16 17:03:32.716  1522  2238 D UsbPortManager: mPorts(0) DISPOSITION_CHANGED -> DISPOSITION_READY
03-16 17:03:32.716  1522  2238 D UsbPortManager: updatePortsLocked()--
03-16 17:03:32.716  1522  2238 D UsbPortManager: sending intent : ACTION_USB_PORT_CHANGED, mUsbPort [UsbPort{id=otg_default, supportedModes=dual}], mUsbPortStatus [UsbPortStatus{connected=true, currentMode=ufp, currentPowerRole=sink, currentDataRole=device, supportedRoleCombinations=[source:host, sink:device]}]
03-16 17:03:32.717  1522  1522 D UsbDeviceManager: received ACTION_USB_PORT_CHANGED
03-16 17:03:32.717  1522  1522 I UsbDeviceManager: updateHostState UsbPort{id=otg_default, supportedModes=dual} status=UsbPortStatus{connected=true, currentMode=ufp, currentPowerRole=sink, currentDataRole=device, supportedRoleCombinations=[source:host, sink:device]}mDualRoleState 1
03-16 17:03:32.722   945  1054 D DataRouter: dr_usb_deinit
03-16 17:03:32.722   945  1054 D DataRouter: Initialise USB and start the thread
03-16 17:03:32.722   945  1054 D DataRouter: dr_usb_init
03-16 17:03:32.723   945  1054 E DataRouter: USB Interface is open with 0x7
03-16 17:03:32.723   945  1054 D DataRouter: USB interface is now configured for usb_fd = 0x7
03-16 17:03:32.723   945  1054 D DataRouter: monitor_data_of_usb
03-16 17:03:32.723   945  1054 D DataRouter: USB monitor thread launched, usb_fd= 0x7
03-16 17:03:32.723   945  1054 D DataRouter: Before the usb select
03-16 17:03:32.742  2725 23632 D ForegroundUtils: could not check pending caller
03-16 17:03:32.747  1522  1554 I zygote64: Successfully killed process cgroup uid 10054 pid 32580 in 73ms
03-16 17:03:32.748  1522  2074 W Choreographer: Frame time is 14.850489 ms in the future!  Check that graphics HAL is generating vsync timestamps using the correct timebase.
03-16 17:03:32.749  1608  1608 D NPS_WSSNPS: [] feature init
03-16 17:03:32.756  1522  3094 I ActivityManager: KPU : put [com.samsung.android.app.taskedge] : 5515 K
03-16 17:03:32.757  1522  3094 I ActivityManager: Killing 32599:com.samsung.android.app.taskedge/u0a87 (adj 906): DHA:empty #25
03-16 17:03:32.777  1522  3094 D BatteryService: !@BatteryListener : batteryPropertiesChanged!
03-16 17:03:32.778  1522  3094 D BatteryService: level:100, scale:100, status:2, health:2, present:true, voltage: 4280, temperature: 314, technology: Li-ion, AC powered:false, USB powered:true, POGO powered:false, Wireless powered:false, icon:17303976, invalid charger:0, maxChargingCurrent:0, maxChargingVoltage:0, chargeCounter:3753000
03-16 17:03:32.778  1522  3094 D BatteryService: online:4, current avg:-51, charge type:1, power sharing:false, high voltage charger:false, capacity:280000, batterySWSelfDischarging:false, misc_event:0, current_event:68, current_now:-394
03-16 17:03:32.779  1522  1522 D BatteryService: Sending ACTION_BATTERY_CHANGED.
03-16 17:03:32.779  1522  1522 D BatteryService: misc_event:0x0, sec plug type:2
03-16 17:03:32.783  1522  1564 D PowerManagerService: [api] updateIsPoweredLocked : mIsPowered: true mPlugType: 2
03-16 17:03:32.785  1522  3647 V LocSvc_HIDL_Subscription_jni: power_connect_status_update
03-16 17:03:32.785  1522  3647 V LocSvc_HIDL_Subscription_jni: [power_connect_status_update][566] [HC] =>> [HS]
03-16 17:03:32.786 25710 25710 I Rubin   : [2] AnalysisEventTrigger$AnalysisBroadcastReceiver.isAnalysisCondition(AnalysisEventTrigger.java:158) : Analysis Condition Status - Screen State (OFF) : false, Power Connected : true
03-16 17:03:32.787  1522  1522 I EntropyMixer: Writing entropy...
03-16 17:03:32.787   965   965 V LocSvc_HIDL_IzatSubscription: [powerConnectStatusUpdate][564] [HS] <<<<= [HC]
03-16 17:03:32.787   965  1062 I LocSvc_SystemStatusOsObserver: DataItem: IS_POWER_CONNECTED: true >> IZAT-MANAGER
03-16 17:03:32.788   965  1062 I LocSvc_SystemStatusOsObserver: DataItem: IS_POWER_CONNECTED: true >> Wiper
03-16 17:03:32.788   965  1062 I LocSvc_api_v02: ---> locClientSendReq line 2119 QMI_LOC_SET_EXTERNAL_POWER_CONFIG_REQ_V02
03-16 17:03:32.788   965  3704 I LocSvc_libulp: ulp_msg_process_system_update: systemEvent:2 
03-16 17:03:32.788   965  3704 I LocSvc_libulp: ulp_msg_process_start_req, at ulp state = 1
03-16 17:03:32.789  1522  3647 V LocSvc_HIDL_Subscription_jni: Exit Result 0
03-16 17:03:32.790   965  1095 I LocSvc_ApiV02: <--- globalRespCb line 199 QMI_LOC_SET_EXTERNAL_POWER_CONFIG_REQ_V02
03-16 17:03:32.790  2397  2397 D KeyguardUpdateMonitor: received broadcast android.intent.action.BATTERY_CHANGED
03-16 17:03:32.790  2354  2354 D BigDataInfoController: Intent : android.intent.action.BATTERY_CHANGED
03-16 17:03:32.791  2354  2519 D SamsungAnalytics: [Log Sender] Device id is empty
03-16 17:03:32.792  2354  2354 D BigDataInfoController: Intent : android.intent.action.BATTERY_CHANGED
03-16 17:03:32.794  1522  1555 E BatteryExternalStatsWorker: no controller energy info supplied for wifi
03-16 17:03:32.795  1522  1555 E BatteryExternalStatsWorker: no controller energy info supplied for bluetooth
03-16 17:03:32.797  1522  3647 V LocSvc_HIDL_Subscription_jni: battery_level_update
03-16 17:03:32.797  1522  3647 V LocSvc_HIDL_Subscription_jni: [battery_level_update][945] [HC] =>> [HS]
03-16 17:03:32.797  2397  2397 D BatteryMeterDrawable: Battery icon update - Charging
03-16 17:03:32.798  2397  2397 D BatteryMeterDrawable: Battery icon update - Charging
03-16 17:03:32.798  2397  2397 D BatteryController: onReceive-ACTION_BATTERY_CHANGED : mLevel=100, mBatteryStatus=2
03-16 17:03:32.799   965   965 V LocSvc_HIDL_IzatSubscription: [batteryLevelUpdate][757] [HS] <<<<= [HC]
03-16 17:03:32.800  1522  3647 V LocSvc_HIDL_Subscription_jni: Exit Result 0
03-16 17:03:32.804  2354  2519 D SamsungAnalytics: [Setting Sender] Send fail
03-16 17:03:32.805  1522  1522 D MotionRecognitionService:   mReceiver.onReceive : ACTION_POWER_CONNECTED
03-16 17:03:32.805  1522  1522 D MotionRecognitionService:   mCableConnection= 1
03-16 17:03:32.805  1522  1522 D MotionRecognitionService: setPowerConnected : mGripEnabled = false
03-16 17:03:32.806  1522  1522 I MotionRecognitionService: Plugged
03-16 17:03:32.806  1522  1522 D MotionRecognitionService:   mCableConnection= 1
03-16 17:03:32.806  1522  1522 D MotionRecognitionService: setPowerConnected : mGripEnabled = false
03-16 17:03:32.806  1522  1522 D SamsungPhoneWindowManager: ACTION_BATTERY_CHANGED - Level :: 100, battStatus :: 2
03-16 17:03:32.807  1522  1522 D UsbDeviceManager: received ACTION_BATTERY_CHANGED
03-16 17:03:32.808  1522  1522 D UsbDeviceManager: received ACTION_SEC_BATTERY_EVENT : USB CHARGING ON
03-16 17:03:32.808  1522  1522 I CAE     : handleMessage(CaPowerManager.java:177) - POWER_CONNECTED
03-16 17:03:32.808  1522  1522 I CAE     : sendCmdToSensorHub(SensorHubCommManager.java:158) - -76, 13, -42, 0,
03-16 17:03:32.809  1522  1559 D UsbDeviceManager: handleMessage -> MSG_UPDATE_CHARGING_STATE = 1
03-16 17:03:32.809  1522  2101 D SensorService: setSContextDataLocked ints length 2 , byte length 4
03-16 17:03:32.809   707  2077 I sensors-hal: inject_sensor_data:273, sensorhubs_handle:5
03-16 17:03:32.810   707  2077 I sensors-hal: inject_sensor_data:282, handle 5 send inject
03-16 17:03:32.810   707  2077 I sensors-hal: sendContextData:168, sensor hal 4, (b4, 13, 214)
03-16 17:03:32.810   707  2077 I sensors-hal: sendContextData:215, activities 4 b4
03-16 17:03:32.810   707  2077 I sensors-hal: sendUserData:237, Activities cmd 0xb4 0xd
03-16 17:03:32.810   707  2077 I sensors-hal: send_context_data:274, ssc_sensor::send_context_data
03-16 17:03:32.810   707  2077 I sensors-hal: create_send_context_data:79, sending create_send_context_data
03-16 17:03:32.810   707  2077 I sensors-hal: send_context_data:287, activities, 4914309220830019584, 1320970896291267344, msgid:700
03-16 17:03:32.810   956  1116 E IptablesRestoreController: [iptables debug]iptables-restore execute *filter
03-16 17:03:32.810   956  1116 E IptablesRestoreController: -D fw_INPUT -j fw_standby
03-16 17:03:32.810   956  1116 E IptablesRestoreController: -D fw_OUTPUT -j fw_standby
03-16 17:03:32.810   956  1116 E IptablesRestoreController: COMMIT
03-16 17:03:32.811  2397  2397 D PowerUI : priorPlugType = 0 mPlugType =  2
03-16 17:03:32.813  2397  2397 D PowerUI.Notification: playPowerSound : 1
03-16 17:03:32.814  3247 27440 E rs$DefaultThreadFactory: ===== Detect pool-thread leak =====
03-16 17:03:32.814  3247 27440 E rs$DefaultThreadFactory: dalvik.system.VMStack.getThreadStackTrace(Native Method)
03-16 17:03:32.814  3247 27440 E rs$DefaultThreadFactory: java.lang.Thread.getStackTrace(Thread.java:1538)
03-16 17:03:32.814  3247 27440 E rs$DefaultThreadFactory: java.util.concurrent.Executors$DefaultThreadFactory.newThread(Executors.java:568)
03-16 17:03:32.814  3247 27440 E rs$DefaultThreadFactory: pta.newThread(Unknown Source:9)
03-16 17:03:32.814  3247 27440 E rs$DefaultThreadFactory: java.util.concurrent.ThreadPoolExecutor$Worker.<init>(ThreadPoolExecutor.java:631)
03-16 17:03:32.814  3247 27440 E rs$DefaultThreadFactory: java.util.concurrent.ThreadPoolExecutor.addWorker(ThreadPoolExecutor.java:945)
03-16 17:03:32.814  3247 27440 E rs$DefaultThreadFactory: java.util.concurrent.ThreadPoolExecutor.execute(ThreadPoolExecutor.java:1388)
03-16 17:03:32.814  3247 27440 E rs$DefaultThreadFactory: pmw.execute(:com.google.android.gms@12876023@12.8.76 (040400-207938145):8)
03-16 17:03:32.815  3247 27440 E rs$DefaultThreadFactory: wma.b(:com.google.android.gms@12876023@12.8.76 (040400-207938145):1)
03-16 17:03:32.815  3247 27440 E rs$DefaultThreadFactory: wrp.run(:com.google.android.gms@12876023@12.8.76 (040400-207938145):43)
03-16 17:03:32.815  3247 27440 E rs$DefaultThreadFactory: pmz.run(:com.google.android.gms@12876023@12.8.76 (040400-207938145):28)
03-16 17:03:32.815  3247 27440 E rs$DefaultThreadFactory: java.util.concurrent.ThreadPoolExecutor.runWorker(ThreadPoolExecutor.java:1162)
03-16 17:03:32.815  3247 27440 E rs$DefaultThreadFactory: java.util.concurrent.ThreadPoolExecutor$Worker.run(ThreadPoolExecutor.java:636)
03-16 17:03:32.815  3247 27440 E rs$DefaultThreadFactory: ptb.run(Unknown Source:7)
03-16 17:03:32.815  3247 27440 E rs$DefaultThreadFactory: java.lang.Thread.run(Thread.java:764)
03-16 17:03:32.815   707  2077 I sensors-hal: sendContextData:86, common_info 4
03-16 17:03:32.815   707  2077 I sensors-hal: sendUserData:102, CommonInfo 0xb4 0xd 0xd6
03-16 17:03:32.815   707  2077 I sensors-hal: send_context_data:274, ssc_sensor::send_context_data
03-16 17:03:32.815   707  2077 I sensors-hal: create_send_context_data:62, sending create_send_context_data
03-16 17:03:32.815   707  2077 I sensors-hal: send_context_data:287, common_info, 4914309147815575552, 1320970896291267344, msgid:700
03-16 17:03:32.816  1522  1554 I zygote64: Successfully killed process cgroup uid 10087 pid 32599 in 57ms
03-16 17:03:32.820  1522  1559 D UsbDeviceManager: updateUsbNotification(false) : mConnected = false, mConfigured = false, mCurrentFunctions = mtp,adb, mHostConnected = false, mSupportDualRole = true, mSourcePower = false
03-16 17:03:32.827  1522  1559 D UsbDeviceManager: mps exists
03-16 17:03:32.829   956  1116 E IptablesRestoreController: [iptables debug]iptables-restore execute done *filter
03-16 17:03:32.829   956  1116 E IptablesRestoreController: -D fw_INPUT -j fw_standby
03-16 17:03:32.829   956  1116 E IptablesRestoreController: -D fw_OUTPUT -j fw_standby
03-16 17:03:32.829   956  1116 E IptablesRestoreController: COMMIT
03-16 17:03:32.829   956  1116 E IptablesRestoreController: , res : 0
03-16 17:03:32.833  2725 23632 D ForegroundUtils: could not check pending caller
03-16 17:03:32.834  1522  1559 D UsbDeviceManager: id=0, mUsbNotificationId=0, titleRes=0
03-16 17:03:32.838  1522  1559 D UsbDeviceManager: handleMessage -> MSG_POWER_STATE = 1, mBootCompleted(true), mCurrentFunctions(mtp,adb), mPowerConnected(true)
03-16 17:03:32.839  2397  2397 D PowerUI.Notification: playPowerStateSound : 2
03-16 17:03:32.839  2397  2397 W NotificationPlayer: Use of stream types is deprecated for operations other than volume control
03-16 17:03:32.839  2397  2397 W NotificationPlayer: See the documentation of play for what to use instead with android.media.AudioAttributes to qualify your playback use case
03-16 17:03:32.841  2397  2397 D PowerUI.Notification: RINGER_MODE_NORMAL
03-16 17:03:32.841  2397  2397 D PowerUI : Cable charger connected
03-16 17:03:32.842  2397  1631 V MediaPlayer-JNI: native_setup
03-16 17:03:32.843  1522  1559 D UsbDeviceManager: USB CABLE STATE : connected = true
03-16 17:03:32.843  2397  1631 V MediaPlayerNative: constructor
03-16 17:03:32.844  2397  1631 V MediaPlayerNative: setListener
03-16 17:03:32.849  2397  1631 V MediaPlayer-JNI: setVolume: left 1.000000  right 1.000000
03-16 17:03:32.849  2397  1631 V MediaPlayerNative: MediaPlayer::setVolume(1.000000, 1.000000)
03-16 17:03:32.849  2397  1631 V MediaPlayer-JNI: setAuxEffectSendLevel: level 0.000000
03-16 17:03:32.849  2397  1631 V MediaPlayerNative: MediaPlayer::setAuxEffectSendLevel(0.000000)
03-16 17:03:32.849  2397  1631 V MediaPlayer-JNI: setParameter: key 1400
03-16 17:03:32.849  2397  1631 V MediaPlayerNative: MediaPlayer::setParameter(1400)
03-16 17:03:32.849  2397  1631 V MediaPlayer-JNI: setAudioStreamType: 1
03-16 17:03:32.849  2397  1631 V MediaPlayerNative: MediaPlayer::setAudioStreamType
03-16 17:03:32.849  2397  1631 W MediaPlayer: Couldn't open system/media/audio/ui/Charger_Connection.ogg: java.io.FileNotFoundException: No content provider: system/media/audio/ui/Charger_Connection.ogg
03-16 17:03:32.849  2397  1631 D MediaPlayer: setDataSource IOException | SecurityException happend : 
03-16 17:03:32.849  2397  1631 D MediaPlayer: java.io.FileNotFoundException: No content provider: system/media/audio/ui/Charger_Connection.ogg
03-16 17:03:32.849  2397  1631 D MediaPlayer: 	at android.content.ContentResolver.openTypedAssetFileDescriptor(ContentResolver.java:1402)
03-16 17:03:32.849  2397  1631 D MediaPlayer: 	at android.content.ContentResolver.openAssetFileDescriptor(ContentResolver.java:1253)
03-16 17:03:32.849  2397  1631 D MediaPlayer: 	at android.content.ContentResolver.openAssetFileDescriptor(ContentResolver.java:1176)
03-16 17:03:32.849  2397  1631 D MediaPlayer: 	at android.media.MediaPlayer.attemptDataSource(MediaPlayer.java:1182)
03-16 17:03:32.849  2397  1631 D MediaPlayer: 	at android.media.MediaPlayer.setDataSource(MediaPlayer.java:1154)
03-16 17:03:32.849  2397  1631 D MediaPlayer: 	at android.media.MediaPlayer.setDataSource(MediaPlayer.java:1082)
03-16 17:03:32.849  2397  1631 D MediaPlayer: 	at com.android.systemui.media.NotificationPlayer$CreationAndCompletionThread.run(NotificationPlayer.java:113)
03-16 17:03:32.850  2397  1631 V MediaPlayer-JNI: setDataSourceFD: fd 149
03-16 17:03:32.850  2397  1631 V MediaPlayerNative: setDataSource(149, 0, 576460752303423487)
03-16 17:03:32.850   953  9818 V MediaPlayerService: Create new client(412) from pid 2397, uid 10004, 
03-16 17:03:32.851   953  9818 V MediaPlayerService: setDataSource fd=8, offset=0, length=576460752303423487
03-16 17:03:32.851   953  9818 V MediaPlayerService: st_dev  = 65025
03-16 17:03:32.851   953  9818 V MediaPlayerService: st_mode = 33188
03-16 17:03:32.851   953  9818 V MediaPlayerService: st_uid  = 0
03-16 17:03:32.851   953  9818 V MediaPlayerService: st_gid  = 0
03-16 17:03:32.851   953  9818 V MediaPlayerService: st_size = 8997
03-16 17:03:32.851   953  9818 V MediaPlayerService: calculated length = 8997
03-16 17:03:32.851   953  9818 V MediaPlayerService: player type = 4
03-16 17:03:32.851   953  9818 D NuPlayerDriver: NuPlayerDriver(0xeb9d9820) created, clientPid(2397)
03-16 17:03:32.854  1522  2541 D InputTransport: Input channel constructed: fd=466
03-16 17:03:32.854  1522  2541 D InputTransport: Input channel constructed: fd=468
03-16 17:03:32.855  1522  1557 V MARsPolicyManager: handelAlertToastWindowStarted pkgName = com.android.systemui, userId = 0
03-16 17:03:32.857  1522  2541 D InputTransport: Input channel destroyed: fd=468
03-16 17:03:32.857   953  9818 V AudioSink: AudioOutput(7953)
03-16 17:03:32.857   953  9818 V NuPlayerDriver: setDataSource(0xeb9d9820) file(8)
03-16 17:03:32.857   953  9818 V NuPlayer: setDataSourceAsync fd 8/0/8997 source: 0xed413a80
03-16 17:03:32.857  2397  2397 D InputTransport: Input channel constructed: fd=159
03-16 17:03:32.857   953  1632 V NuPlayer: kWhatSetAudioSink
03-16 17:03:32.857   953  1632 V NuPlayer: kWhatSetDataSource
03-16 17:03:32.858  2397  2397 D ViewRootImpl@c289b67[]: setView = com.android.systemui.power.ChargerAnimationView{32dc9bd V.E...... ......I. 0,0-0,0} TM=true MM=false
03-16 17:03:32.859   953  9818 V NuPlayerDriver: getDefaultBufferingSettings(0xeb9d9820)
03-16 17:03:32.859   953  1632 V NuPlayer: kWhatGetDefaultBufferingSettings
03-16 17:03:32.859   953  9818 V MediaPlayerService: [412] getDefaultBufferingSettings{initialMode(1), rebufferingMode(3), initialMarks(5000 ms, -1 KB), rebufferingMarks(2000, 15000)ms, (40, 200)KB}
03-16 17:03:32.859  2397  1631 V MediaPlayer-JNI: setLooping: 0
03-16 17:03:32.859  2397  1631 V MediaPlayerNative: MediaPlayer::setLooping
03-16 17:03:32.860   953  9818 V MediaPlayerService: [412] setLooping(0)
03-16 17:03:32.860  2397  1631 V MediaPlayerNative: setVideoSurfaceTexture
03-16 17:03:32.860   953  9818 V MediaPlayerService: [412] setVideoSurfaceTexture(0x0)
03-16 17:03:32.860  2397  1631 V MediaPlayerNative: prepare
03-16 17:03:32.860   953  9818 V MediaPlayerService: [412] setParameter(1400)
03-16 17:03:32.860   953  9818 V MediaPlayerService: setAudioAttributes_l() usage=13 content=4 flags=0x0 tags=
03-16 17:03:32.860   953  9818 V MediaPlayerService: [412] prepareAsync
03-16 17:03:32.860   953  9818 V NuPlayerDriver: prepareAsync(0xeb9d9820)
03-16 17:03:32.860   953  9818 V NuPlayer: prepareAsync
03-16 17:03:32.860   953  1632 V NuPlayer: onMessageReceived kWhatPrepare
03-16 17:03:32.860   953  1632 I MediaMonitor: MediaMonitor()
03-16 17:03:32.862   941  6331 E SEC_DRM_PLUGIN_Omafl: OmaPlugin::onOpenDecryptSession(fd)::Drm2IsDrmFileByExtFd::file is NOT DRM by extension
03-16 17:03:32.863  1522  1555 E BatteryExternalStatsWorker: no controller energy info supplied for wifi
03-16 17:03:32.864   953  1633 D GenericSource: FileSource remote
03-16 17:03:32.869  1522  1555 E BatteryExternalStatsWorker: no controller energy info supplied for bluetooth
03-16 17:03:32.873   951 32754 I OggExtractor: OggSource::OggSource() mExtractor ref count = 4
03-16 17:03:32.874   953  1633 I AnotherPacketSource: setFormat() audio
03-16 17:03:32.874   953  1632 V NuPlayer: onSourceNotify() kWhatFlagsChanged  FLAG_CAN_PAUSE: 1  FLAG_CAN_SEEK_BACKWARD: 1 
03-16 17:03:32.874   953  1632 V NuPlayer: 				 FLAG_CAN_SEEK_FORWARD: 1  FLAG_CAN_SEEK: 1  FLAG_DYNAMIC_DURATION: 0 
03-16 17:03:32.874   953  1632 V NuPlayer: 				 FLAG_SECURE: 0  FLAG_PROTECTED: 0
03-16 17:03:32.875   953  1632 V NuPlayer: prepare posted successfully.
03-16 17:03:32.875   953  1632 I NuPlayer: ORmode enabled : unsupportedAudio = 0, unsupportedVideo = 0, mHaveAudioTrack = 1, mHaveVideoTrack = 0
03-16 17:03:32.875   953  1632 V NuPlayer: msg : 200, ext1 : 10973, ext2 : 0
03-16 17:03:32.875   953  1632 D NuPlayerDriver: notifyListener_l(0xeb9d9820), (200, 10973, 0, -1), loop setting(0, 0)
03-16 17:03:32.875   953  1632 V MediaPlayerService: [412] notify (200, 10973, 0)
03-16 17:03:32.875   953  1633 V NuPlayer: Source::notifyPrepared 0
03-16 17:03:32.875  2397  2776 V MediaPlayerNative: message received msg=200, ext1=10973, ext2=0
03-16 17:03:32.875  2397  2776 W MediaPlayerNative: info/warning (10973, 0)
03-16 17:03:32.875  2397  2776 V MediaPlayerNative: callback application
03-16 17:03:32.875  2397  2776 V MediaPlayerNative: back from callback
03-16 17:03:32.875   953  1632 V NuPlayer: NuPlayer::onSourceNotify Source::kWhatPrepared source: 0xed413a80
03-16 17:03:32.875   953  1632 V NuPlayer: extractMetadata Tracks : 1
03-16 17:03:32.876   953  1632 V NuPlayer: enableInbandTextFromExtr
03-16 17:03:32.876   953  1632 V NuPlayerDriver: notifyPrepareCompleted 0
03-16 17:03:32.876   953  1632 D NuPlayerDriver: notifyListener_l(0xeb9d9820), (1, 0, 0, -1), loop setting(0, 0)
03-16 17:03:32.876   953  1632 V MediaPlayerService: [412] notify (1, 0, 0)
03-16 17:03:32.876  2397  2776 V MediaPlayerNative: message received msg=1, ext1=0, ext2=0
03-16 17:03:32.876  2397  2776 V MediaPlayerNative: MediaPlayer::notify() prepared
03-16 17:03:32.876  2397  2776 V MediaPlayerNative: signal application thread
03-16 17:03:32.876  2397  2776 V MediaPlayerNative: callback application
03-16 17:03:32.876  2397  1631 V MediaPlayerNative: prepare complete - status=0
03-16 17:03:32.876  2397  2776 V MediaPlayerNative: back from callback
03-16 17:03:32.878  2397  1631 V MediaPlayerNative: invoke 68
03-16 17:03:32.878   953  9818 I MediaPlayerService: Client::invoke requestID=1
03-16 17:03:32.878   953  9818 V NuPlayer: getTrackInfo
03-16 17:03:32.878   953  1632 W NuPlayer: no name
03-16 17:03:32.879   939   939 V APM_AudioPolicyManager: getAudioPolicyConfig: situation=16;device=0
03-16 17:03:32.879   939   939 I APM_AudioPolicyManager: getSituationVolume: isBTConnected:0 isHeadConnected:0
03-16 17:03:32.879   939   939 V APM_AudioPolicyManager: deviceInt = 0, situationInt = 16, situationVolume = 0.700000
03-16 17:03:32.879  2397  1631 V MediaPlayer-JNI: setVolume: left 0.700000  right 0.700000
03-16 17:03:32.879  2397  1631 V MediaPlayerNative: MediaPlayer::setVolume(0.700000, 0.700000)
03-16 17:03:32.879   953  9818 V MediaPlayerService: [412] setVolume(0.700000, 0.700000)
03-16 17:03:32.879   953  9818 V AudioSink: setVolume(0.700000, 0.700000)
03-16 17:03:32.879  2397  1631 V MediaPlayer-JNI: start
03-16 17:03:32.879  2397  1631 V MediaPlayerNative: start
03-16 17:03:32.880  1522  2541 D AudioPlaybackMonitor: Found a new active media playback. ID:11559 -- type:android.media.MediaPlayer -- u/pid:10004/2397 -- state:started -- attr:AudioAttributes: usage=USAGE_ASSISTANCE_SONIFICATION content=CONTENT_TYPE_SONIFICATION flags=0x0 tags= bundle=null
03-16 17:03:32.880   953  9818 V MediaPlayerService: [412] setLooping(0)
03-16 17:03:32.880   953  9818 V MediaPlayerService: [412] setVolume(0.700000, 0.700000)
03-16 17:03:32.880   953  9818 V AudioSink: setVolume(0.700000, 0.700000)
03-16 17:03:32.880   953  9818 V MediaPlayerService: [412] setAuxEffectSendLevel(0.000000)
03-16 17:03:32.880   953  9818 V AudioSink: setAuxEffectSendLevel(0.000000)
03-16 17:03:32.880   953  9818 V MediaPlayerService: [412] start
03-16 17:03:32.881   953  9818 V MediaPlayerService: getClientDuration
03-16 17:03:32.881   953  9818 V MediaPlayerService: getDuration
03-16 17:03:32.881   953  9818 V MediaPlayerService: [412] getDuration = 439
03-16 17:03:32.881   953  9818 D NuPlayerDriver: start(0xeb9d9820), state is 4, eos is 0
03-16 17:03:32.881   953  1632 V NuPlayer: kWhatStart
03-16 17:03:32.881   953  1632 V NuPlayer: onStart: mCrypto: 0x0 (0)
03-16 17:03:32.881   953  1632 I GenericSource: start
03-16 17:03:32.881  2397  1631 V MediaPlayerNative: invoke 68
03-16 17:03:32.881   953  1632 V NuPlayer: checkOffloadExceptions is true, call canOffloadStream
03-16 17:03:32.881   953  9818 I MediaPlayerService: Client::invoke requestID=1
03-16 17:03:32.881   953  9818 V NuPlayer: getTrackInfo
03-16 17:03:32.881   939   939 V APM_AudioPolicyManager: isOffloadSupported: SR=44100, CM=0x3, Format=0x7000000, StreamType=1, BitRate=4294967295, duration=438548 us, has_video=0
03-16 17:03:32.881   939   939 V APM_AudioPolicyManager: getNewOutputDevice() selected device 0
03-16 17:03:32.881   939   939 V APM_AudioPolicyManager: isOffloadSupported: stream_type != MUSIC, returning false
03-16 17:03:32.881   953  1632 I MediaClock: setPlaybackRate rate : 1.000000
03-16 17:03:32.882   953  1635 I NuPlayerRenderer: onConfigPlayback
03-16 17:03:32.882   953  1635 I MediaClock: setPlaybackRate rate : 1.000000
03-16 17:03:32.882   953  1635 I MediaClock: setSpeedAjust mSASpeed (0), mMinClockModificationTimeUs (80000)
03-16 17:03:32.882   953  1632 I NuPlayerRenderer: setDuration (438548)
03-16 17:03:32.882  1522  2541 D MediaSessionStack: updateMediaButtonSessionIfNeeded, callers=com.android.server.media.MediaSessionService$1.onAudioPlaybackStarted:194 com.android.server.media.AudioPlaybackMonitor.dispatchPlaybackConfigChange:167 
03-16 17:03:32.883   953  1632 W NuPlayer: no name
03-16 17:03:32.884   953  1632 V NuPlayer: scanning sources haveAudio=0, haveVideo=0
03-16 17:03:32.884   953  1632 V NuPlayer: checkOffloadExceptions is true, call canOffloadStream
03-16 17:03:32.884   939   939 V APM_AudioPolicyManager: isOffloadSupported: SR=44100, CM=0x3, Format=0x7000000, StreamType=1, BitRate=4294967295, duration=438548 us, has_video=0
03-16 17:03:32.884   939   939 V APM_AudioPolicyManager: getNewOutputDevice() selected device 0
03-16 17:03:32.884   939   939 V APM_AudioPolicyManager: isOffloadSupported: stream_type != MUSIC, returning false
03-16 17:03:32.884   953  1632 V NuPlayer: make Decoder (audio)
03-16 17:03:32.884   953  1632 V NuPlayer: instantiateDecoder audio Decoder
03-16 17:03:32.886   953  1636 I ACodec  :  [] Now uninitialized
03-16 17:03:32.887   953  1637 I ACodec  : [] onAllocateComponent
03-16 17:03:32.887   953  1637 I ACodec  : Set Google AAC Dec for aacProfile 0
03-16 17:03:32.890  1522  2094 D SamsungAlarmManager: setInexact Intent (T:1/F:8/AC:false) 20190316T173332 - CU:1000/CP:1522
03-16 17:03:32.893   953  1637 I OMXClient: Treble IOmx obtained
03-16 17:03:32.894   962  4670 I OMXMaster: makeComponentInstance(OMX.google.vorbis.decoder) in omx@1.0-service process
03-16 17:03:32.895 27819 27819 I iu.Environment: update battery state; isPlugged? true*
03-16 17:03:32.896  1522  2542 D ConnectivityService: filterNetworkStateForUid() uid: 10033 networkInfo: [type: WIFI[] - WIFI, state: CONNECTED/CONNECTED, reason: (unspecified), extra: "VW-Mobvoi", failover: false, available: true, roaming: false]
03-16 17:03:32.897   953  1637 I ACodec  : [OMX.google.vorbis.decoder] Now Loaded
03-16 17:03:32.898   962  4670 E OMXNodeInstance: setConfig(0xece23f20:google.vorbis.decoder, ConfigPriority(0x6f800002)) ERROR: Undefined(0x80001001)
03-16 17:03:32.898   953  1637 I ACodec  : codec does not support config priority (err -2147483648)
03-16 17:03:32.898   962  4670 E OMXNodeInstance: getConfig(0xece23f20:google.vorbis.decoder, ConfigAndroidVendorExtension(0x6f100004)) ERROR: Undefined(0x80001001)
03-16 17:03:32.899   953  1637 I MediaCodec: MediaCodec will operate in async mode
03-16 17:03:32.899   953  1637 I ACodec  : [OMX.google.vorbis.decoder] Now Loaded->Idle
03-16 17:03:32.903   693   693 W /system/bin/hw/android.hidl.allocator@1.0-service: ashmem_create_region(32768) returning hidl_memory(0x73f742b6d0, 32768)
03-16 17:03:32.906  1522  2173 D ConnectivityService: filterNetworkStateForUid() uid: 10139 networkInfo: [type: WIFI[] - WIFI, state: CONNECTED/CONNECTED, reason: (unspecified), extra: "VW-Mobvoi", failover: false, available: true, roaming: false]
03-16 17:03:32.907   693   693 I chatty  : uid=1000(system) allocator@1.0-s identical 2 lines
03-16 17:03:32.907   693   693 W /system/bin/hw/android.hidl.allocator@1.0-service: ashmem_create_region(32768) returning hidl_memory(0x73f742b6d0, 32768)
03-16 17:03:32.909 27819 27846 I iu.UploadsManager: num queued entries: 0
03-16 17:03:32.910 27819 27846 I iu.UploadsManager: num updated entries: 0
03-16 17:03:32.910   693   693 W /system/bin/hw/android.hidl.allocator@1.0-service: ashmem_create_region(32768) returning hidl_memory(0x73f742b6d0, 32768)
03-16 17:03:32.911   693   693 I chatty  : uid=1000(system) allocator@1.0-s identical 1 line
03-16 17:03:32.911   693   693 W /system/bin/hw/android.hidl.allocator@1.0-service: ashmem_create_region(32768) returning hidl_memory(0x73f742b6d0, 32768)
03-16 17:03:32.911 27819 27846 I iu.SyncManager: NEXT; no task
03-16 17:03:32.911   693   693 W /system/bin/hw/android.hidl.allocator@1.0-service: ashmem_create_region(32768) returning hidl_memory(0x73f742b6d0, 32768)
03-16 17:03:32.912  1522  2173 D ConnectivityService: filterNetworkStateForUid() uid: 10183 networkInfo: [type: WIFI[] - WIFI, state: CONNECTED/CONNECTED, reason: (unspecified), extra: "VW-Mobvoi", failover: false, available: true, roaming: false]
03-16 17:03:32.913   953  1637 I ACodec  : [OMX.google.vorbis.decoder] Now Idle->Executing
03-16 17:03:32.914   953  1637 I ACodec  : [OMX.google.vorbis.decoder] Now Executing
03-16 17:03:32.917   953  1637 I ACodec  : [OMX.google.vorbis.decoder] Now handling output port settings change
03-16 17:03:32.919   693   693 W /system/bin/hw/android.hidl.allocator@1.0-service: ashmem_create_region(32768) returning hidl_memory(0x73f742b6d0, 32768)
03-16 17:03:32.920 27819  1640 I iu.FingerprintManager: Start processing all media
03-16 17:03:32.920   693   693 W /system/bin/hw/android.hidl.allocator@1.0-service: ashmem_create_region(32768) returning hidl_memory(0x73f742b6d0, 32768)
03-16 17:03:32.920   693   693 W /system/bin/hw/android.hidl.allocator@1.0-service: ashmem_create_region(32768) returning hidl_memory(0x73f742b6d0, 32768)
03-16 17:03:32.920 27819  1640 I iu.FingerprintManager: Start processing media store URI: content://media/external/images/media
03-16 17:03:32.920   693   693 W /system/bin/hw/android.hidl.allocator@1.0-service: ashmem_create_region(32768) returning hidl_memory(0x73f742b6d0, 32768)
03-16 17:03:32.921   953  1637 I ACodec  : [OMX.google.vorbis.decoder] Now Executing
03-16 17:03:32.922   953  1635 I NuPlayerRenderer: openAudioSink: offloadOnly(0) offloadingAudio(0)
03-16 17:03:32.922   953  1635 I NuPlayerRenderer: openAudioSink: open AudioSink in NON-offload mode audioFormat : 1, flags : 0
03-16 17:03:32.922   953  1635 V AudioSink: +++ close
03-16 17:03:32.922   953  1635 V AudioSink: --- close
03-16 17:03:32.922   953  1635 I NuPlayerRenderer: checkAudioSinkPcmMsSetting 200
03-16 17:03:32.922   953  1635 V AudioSink: setPlaybackRate(1.000000 1.000000 0 0)
03-16 17:03:32.922   953  1635 V AudioSink: open(44100, 2, 0x0, 0x1, 0, 7953 0x0)
03-16 17:03:32.922   939   939 V APM_AudioPolicyManager: getOutput() device 2, stream 1, samplingRate 0, format 0, channelMask 3, flags 0
03-16 17:03:32.922   939   939 V APM_AudioPolicyManager: selectOutput() commonFlags for output 13, 0000
03-16 17:03:32.922   939   939 V APM_AudioPolicyManager: selectOutput() commonFlags for output 21, 0000
03-16 17:03:32.922   939   939 V APM_AudioPolicyManager: selectOutput() commonFlags for output 29, 0000
03-16 17:03:32.923   939   939 V APM_AudioPolicyManager: getOutput() device 2, stream 1, samplingRate 0, format 0, channelMask 3, flags 0
03-16 17:03:32.923   939   939 V APM_AudioPolicyManager: selectOutput() commonFlags for output 13, 0000
03-16 17:03:32.923   939   939 V APM_AudioPolicyManager: selectOutput() commonFlags for output 21, 0000
03-16 17:03:32.923   939   939 V APM_AudioPolicyManager: selectOutput() commonFlags for output 29, 0000
03-16 17:03:32.923   953  1635 V AudioSink: no track available to recycle
03-16 17:03:32.923   953  1635 V AudioSink: creating new AudioTrack
03-16 17:03:32.923   939  1548 V APM_AudioPolicyManager: getOutputForAttr() usage=13, content=4, tag= flags=00000000 session 7953 selectedDeviceId 0
03-16 17:03:32.923   939  1548 V APM_AudioPolicyManager: getOutputForAttr() device 0x2, samplingRate 44100, format 1, channelMask 3, flags 900000
03-16 17:03:32.923   939  1548 V APM_AudioPolicyManager: selectOutput() commonFlags for output 13, 0000
03-16 17:03:32.923   939  1548 V APM_AudioPolicyManager: selectOutput() commonFlags for output 21, 0000
03-16 17:03:32.923   939  1548 V APM_AudioPolicyManager: selectOutput() commonFlags for output 29, 0000
03-16 17:03:32.923   939  1548 V APM_AudioPolicyManager:   getOutputForAttr() returns output 13 selectedDeviceId 2
03-16 17:03:32.925   953  1635 D AudioTrack: Client defaulted notificationFrames to 2940 for frameCount 8820
03-16 17:03:32.925   953  1635 V AudioSink: deleteRecycledTrack_l
03-16 17:03:32.926   953  1635 V AudioSink: setVolume
03-16 17:03:32.926   953  1635 V AudioSink: updateTrack() DONE status 0
03-16 17:03:32.926   953  1635 V AudioSink: start
03-16 17:03:32.926   939  8766 W AudioPolicyIntefaceImpl: Skipped to add effects on session 7953
03-16 17:03:32.926   939  8766 V APM_AudioPolicyManager: startOutput() output 13, stream 1, session 7953
03-16 17:03:32.926   939  8766 V APM_AudioPolicyManager: setBeaconMute(1) mBeaconMuteRefCount=1 mBeaconPlayingRefCount=0
03-16 17:03:32.926   939  8766 V APM_AudioPolicyManager: getNewOutputDevice() selected device 2
03-16 17:03:32.926   939  8766 V APM_AudioPolicyManager: setOutputDevice() device 0002 delayMs 0
